54.148.163.48 - - [23/Sep/2020:16:07:13 +0000] "GET / HTTP/1.0" 301 194 "-" "Lynx/2.8.9dev.16 libwww-FM/2.14 SSL-MM/1.4.1 GNUTLS/3.5.17"
2600:1f14:536:b01:9cda:64e:15a9:da0 - - [23/Sep/2020:16:07:15 +0000] "GET / HTTP/1.0" 200 9861 "-" "Lynx/2.8.9dev.16 libwww-FM/2.14 SSL-MM/1.4.1 GNUTLS/3.5.17"
104.238.136.194 - - [23/Sep/2020:16:09:25 +0000] "HEAD / HTTP/1.1" 200 0 "-" "updown.io daemon 2.4"
2001:19f0:9002:11a::1 - - [23/Sep/2020:16:09:25 +0000] "HEAD / HTTP/1.1" 200 0 "-" "updown.io daemon 2.4"
2605:6000:1306:6d6:59d5:1744:9a03:ce34 - - [23/Sep/2020:16:10:08 +0000] "GET /resources/malware-samples-for-students HTTP/1.1" 200 10209 "https://www.google.com/" "Mozilla/5.0 (Macintosh; Intel Mac OS X 10_15_6) AppleWebKit/605.1.15 (KHTML, like Gecko) Version/13.1.2 Safari/605.1.15"
2605:6000:1306:6d6:59d5:1744:9a03:ce34 - - [23/Sep/2020:16:10:09 +0000] "GET /assets/f34339a9d26808defc965517fd93f714.css HTTP/1.1" 200 155416 "https://cyberlab.pacific.edu/resources/malware-samples-for-students" "Mozilla/5.0 (Macintosh; Intel Mac OS X 10_15_6) AppleWebKit/605.1.15 (KHTML, like Gecko) Version/13.1.2 Safari/605.1.15"
2605:6000:1306:6d6:59d5:1744:9a03:ce34 - - [23/Sep/2020:16:10:09 +0000] "GET /user/plugins/highlight/js/highlight.pack.js HTTP/1.1" 200 101421 "https://cyberlab.pacific.edu/resources/malware-samples-for-students" "Mozilla/5.0 (Macintosh; Intel Mac OS X 10_15_6) AppleWebKit/605.1.15 (KHTML, like Gecko) Version/13.1.2 Safari/605.1.15"
2605:6000:1306:6d6:59d5:1744:9a03:ce34 - - [23/Sep/2020:16:10:10 +0000] "GET /user/plugins/simplesearch/js/simplesearch.js HTTP/1.1" 200 1277 "https://cyberlab.pacific.edu/resources/malware-samples-for-students" "Mozilla/5.0 (Macintosh; Intel Mac OS X 10_15_6) AppleWebKit/605.1.15 (KHTML, like Gecko) Version/13.1.2 Safari/605.1.15"
2605:6000:1306:6d6:59d5:1744:9a03:ce34 - - [23/Sep/2020:16:10:10 +0000] "GET /user/plugins/lightslider/js/lightslider.min.js HTTP/1.1" 200 16018 "https://cyberlab.pacific.edu/resources/malware-samples-for-students" "Mozilla/5.0 (Macintosh; Intel Mac OS X 10_15_6) AppleWebKit/605.1.15 (KHTML, like Gecko) Version/13.1.2 Safari/605.1.15"
2605:6000:1306:6d6:59d5:1744:9a03:ce34 - - [23/Sep/2020:16:10:10 +0000] "GET /user/plugins/featherlight/js/featherlight.min.js HTTP/1.1" 200 8670 "https://cyberlab.pacific.edu/resources/malware-samples-for-students" "Mozilla/5.0 (Macintosh; Intel Mac OS X 10_15_6) AppleWebKit/605.1.15 (KHTML, like Gecko) Version/13.1.2 Safari/605.1.15"
2605:6000:1306:6d6:59d5:1744:9a03:ce34 - - [23/Sep/2020:16:10:10 +0000] "GET /user/plugins/gantry5/assets/js/main.js HTTP/1.1" 200 60610 "https://cyberlab.pacific.edu/resources/malware-samples-for-students" "Mozilla/5.0 (Macintosh; Intel Mac OS X 10_15_6) AppleWebKit/605.1.15 (KHTML, like Gecko) Version/13.1.2 Safari/605.1.15"
2605:6000:1306:6d6:59d5:1744:9a03:ce34 - - [23/Sep/2020:16:10:10 +0000] "GET /system/assets/jquery/jquery-2.x.min.js HTTP/1.1" 200 85578 "https://cyberlab.pacific.edu/resources/malware-samples-for-students" "Mozilla/5.0 (Macintosh; Intel Mac OS X 10_15_6) AppleWebKit/605.1.15 (KHTML, like Gecko) Version/13.1.2 Safari/605.1.15"
2605:6000:1306:6d6:59d5:1744:9a03:ce34 - - [23/Sep/2020:16:10:11 +0000] "GET /user/themes/g5_helium/fonts/raleway/raleway-regular/raleway-regular-webfont.woff2?5f593174 HTTP/1.1" 200 25424 "https://cyberlab.pacific.edu/resources/malware-samples-for-students" "Mozilla/5.0 (Macintosh; Intel Mac OS X 10_15_6) AppleWebKit/605.1.15 (KHTML, like Gecko) Version/13.1.2 Safari/605.1.15"
2605:6000:1306:6d6:59d5:1744:9a03:ce34 - - [23/Sep/2020:16:10:11 +0000] "GET /user/themes/g5_helium/fonts/lato/lato-bold/lato-bold-webfont.woff2?5f593174 HTTP/1.1" 200 25608 "https://cyberlab.pacific.edu/resources/malware-samples-for-students" "Mozilla/5.0 (Macintosh; Intel Mac OS X 10_15_6) AppleWebKit/605.1.15 (KHTML, like Gecko) Version/13.1.2 Safari/605.1.15"
2605:6000:1306:6d6:59d5:1744:9a03:ce34 - - [23/Sep/2020:16:10:11 +0000] "GET /user/themes/g5_helium/fonts/raleway/raleway-bold/raleway-bold-webfont.woff2?5f593174 HTTP/1.1" 200 25368 "https://cyberlab.pacific.edu/resources/malware-samples-for-students" "Mozilla/5.0 (Macintosh; Intel Mac OS X 10_15_6) AppleWebKit/605.1.15 (KHTML, like Gecko) Version/13.1.2 Safari/605.1.15"
2605:6000:1306:6d6:59d5:1744:9a03:ce34 - - [23/Sep/2020:16:10:11 +0000] "GET /user/themes/g5_helium/fonts/lato/lato-regular/lato-regular-webfont.woff2?5f593174 HTTP/1.1" 200 25040 "https://cyberlab.pacific.edu/resources/malware-samples-for-students" "Mozilla/5.0 (Macintosh; Intel Mac OS X 10_15_6) AppleWebKit/605.1.15 (KHTML, like Gecko) Version/13.1.2 Safari/605.1.15"
2605:6000:1306:6d6:59d5:1744:9a03:ce34 - - [23/Sep/2020:16:10:11 +0000] "GET /user/plugins/gantry5/assets/fonts/fontawesome-webfont.woff2?v=4.7.0 HTTP/1.1" 200 77160 "https://cyberlab.pacific.edu/resources/malware-samples-for-students" "Mozilla/5.0 (Macintosh; Intel Mac OS X 10_15_6) AppleWebKit/605.1.15 (KHTML, like Gecko) Version/13.1.2 Safari/605.1.15"
2605:6000:1306:6d6:59d5:1744:9a03:ce34 - - [23/Sep/2020:16:10:11 +0000] "GET /user/images/g5_helium/favicon.ico HTTP/1.1" 200 5430 "https://cyberlab.pacific.edu/resources/malware-samples-for-students" "Mozilla/5.0 (Macintosh; Intel Mac OS X 10_15_6) AppleWebKit/605.1.15 (KHTML, like Gecko) Version/13.1.2 Safari/605.1.15"
2600:1700:b810:b989:8084:327e:6246:24ce - - [23/Sep/2020:16:10:16 +0000] "GET / HTTP/1.1" 200 9874 "-" "Mozilla/5.0 (Macintosh; Intel Mac OS X 10_14_6) AppleWebKit/537.36 (KHTML, like Gecko) Chrome/85.0.4183.102 Safari/537.36"
2600:1700:b810:b989:8084:327e:6246:24ce - - [23/Sep/2020:16:10:16 +0000] "GET /user/plugins/simplesearch/js/simplesearch.js HTTP/1.1" 304 0 "https://cyberlab.pacific.edu/" "Mozilla/5.0 (Macintosh; Intel Mac OS X 10_14_6) AppleWebKit/537.36 (KHTML, like Gecko) Chrome/85.0.4183.102 Safari/537.36"
2600:1700:b810:b989:8084:327e:6246:24ce - - [23/Sep/2020:16:10:16 +0000] "GET /images/1/c/f/d/a/1cfda44546e282c48c80460c929f500deab363eb-shutterstock463797389-cropped3x.jpeg HTTP/1.1" 200 140143 "https://cyberlab.pacific.edu/" "Mozilla/5.0 (Macintosh; Intel Mac OS X 10_14_6) AppleWebKit/537.36 (KHTML, like Gecko) Chrome/85.0.4183.102 Safari/537.36"
2600:1700:b810:b989:8084:327e:6246:24ce - - [23/Sep/2020:16:10:16 +0000] "GET /user/themes/g5_helium/fonts/lato/lato-bold/lato-bold-webfont.woff2?5f593174 HTTP/1.1" 304 0 "https://cyberlab.pacific.edu/assets/f34339a9d26808defc965517fd93f714.css" "Mozilla/5.0 (Macintosh; Intel Mac OS X 10_14_6) AppleWebKit/537.36 (KHTML, like Gecko) Chrome/85.0.4183.102 Safari/537.36"
2600:1700:b810:b989:8084:327e:6246:24ce - - [23/Sep/2020:16:10:16 +0000] "GET /user/plugins/gantry5/assets/fonts/fontawesome-webfont.woff2?v=4.7.0 HTTP/1.1" 304 0 "https://cyberlab.pacific.edu/assets/f34339a9d26808defc965517fd93f714.css" "Mozilla/5.0 (Macintosh; Intel Mac OS X 10_14_6) AppleWebKit/537.36 (KHTML, like Gecko) Chrome/85.0.4183.102 Safari/537.36"
2600:1700:b810:b989:8084:327e:6246:24ce - - [23/Sep/2020:16:10:16 +0000] "GET /user/themes/g5_helium/fonts/lato/lato-regular/lato-regular-webfont.woff2?5f593174 HTTP/1.1" 304 0 "https://cyberlab.pacific.edu/assets/f34339a9d26808defc965517fd93f714.css" "Mozilla/5.0 (Macintosh; Intel Mac OS X 10_14_6) AppleWebKit/537.36 (KHTML, like Gecko) Chrome/85.0.4183.102 Safari/537.36"
2600:1700:b810:b989:8084:327e:6246:24ce - - [23/Sep/2020:16:10:16 +0000] "GET /user/themes/g5_helium/fonts/raleway/raleway-bold/raleway-bold-webfont.woff2?5f593174 HTTP/1.1" 304 0 "https://cyberlab.pacific.edu/assets/f34339a9d26808defc965517fd93f714.css" "Mozilla/5.0 (Macintosh; Intel Mac OS X 10_14_6) AppleWebKit/537.36 (KHTML, like Gecko) Chrome/85.0.4183.102 Safari/537.36"
2600:1700:b810:b989:8084:327e:6246:24ce - - [23/Sep/2020:16:10:16 +0000] "GET /user/themes/g5_helium/fonts/raleway/raleway-regular/raleway-regular-webfont.woff2?5f593174 HTTP/1.1" 304 0 "https://cyberlab.pacific.edu/assets/f34339a9d26808defc965517fd93f714.css" "Mozilla/5.0 (Macintosh; Intel Mac OS X 10_14_6) AppleWebKit/537.36 (KHTML, like Gecko) Chrome/85.0.4183.102 Safari/537.36"
2600:1700:b810:b989:8084:327e:6246:24ce - - [23/Sep/2020:16:10:16 +0000] "GET /user/themes/g5_helium/fonts/lato/lato-black/lato-black-webfont.woff2?5f593174 HTTP/1.1" 304 0 "https://cyberlab.pacific.edu/assets/f34339a9d26808defc965517fd93f714.css" "Mozilla/5.0 (Macintosh; Intel Mac OS X 10_14_6) AppleWebKit/537.36 (KHTML, like Gecko) Chrome/85.0.4183.102 Safari/537.36"
2600:1700:b810:b989:8084:327e:6246:24ce - - [23/Sep/2020:16:10:16 +0000] "GET /images/9/3/b/3/f/93b3f9a0e7d3d0f43cdb2c82fcfacdf340ec7abd-shutterstock669786472-cropped3x.jpeg HTTP/1.1" 200 122333 "https://cyberlab.pacific.edu/" "Mozilla/5.0 (Macintosh; Intel Mac OS X 10_14_6) AppleWebKit/537.36 (KHTML, like Gecko) Chrome/85.0.4183.102 Safari/537.36"
2600:1700:b810:b989:8084:327e:6246:24ce - - [23/Sep/2020:16:10:16 +0000] "GET /images/f/e/6/c/d/fe6cd43f50449290399ca0aa795516472f123bd6-shutterstock582433453-cropped3x.jpeg HTTP/1.1" 200 167917 "https://cyberlab.pacific.edu/" "Mozilla/5.0 (Macintosh; Intel Mac OS X 10_14_6) AppleWebKit/537.36 (KHTML, like Gecko) Chrome/85.0.4183.102 Safari/537.36"
2600:1700:b810:b989:8084:327e:6246:24ce - - [23/Sep/2020:16:10:16 +0000] "GET /images/f/8/d/0/a/f8d0a09a72c99addeb80868d3dc3d171a89a9326-shutterstock255260497-cropped3x.jpeg HTTP/1.1" 200 197433 "https://cyberlab.pacific.edu/" "Mozilla/5.0 (Macintosh; Intel Mac OS X 10_14_6) AppleWebKit/537.36 (KHTML, like Gecko) Chrome/85.0.4183.102 Safari/537.36"
2600:1700:b810:b989:8084:327e:6246:24ce - - [23/Sep/2020:16:10:24 +0000] "GET /courses/comp175 HTTP/1.1" 200 8811 "https://cyberlab.pacific.edu/" "Mozilla/5.0 (Macintosh; Intel Mac OS X 10_14_6) AppleWebKit/537.36 (KHTML, like Gecko) Chrome/85.0.4183.102 Safari/537.36"
2600:1700:b810:b989:8084:327e:6246:24ce - - [23/Sep/2020:16:10:25 +0000] "GET /images/3/0/8/a/4/308a496a5d357465de0e8d6758c01e47e99ae92e-shutterstock1384804721-cropped3x.png HTTP/1.1" 200 1558301 "https://cyberlab.pacific.edu/courses/comp175" "Mozilla/5.0 (Macintosh; Intel Mac OS X 10_14_6) AppleWebKit/537.36 (KHTML, like Gecko) Chrome/85.0.4183.102 Safari/537.36"
2600:1700:b810:b989:8084:327e:6246:24ce - - [23/Sep/2020:16:10:29 +0000] "GET /courses/comp175/labs HTTP/1.1" 200 9308 "https://cyberlab.pacific.edu/courses/comp175" "Mozilla/5.0 (Macintosh; Intel Mac OS X 10_14_6) AppleWebKit/537.36 (KHTML, like Gecko) Chrome/85.0.4183.102 Safari/537.36"
2600:1700:b810:b989:8084:327e:6246:24ce - - [23/Sep/2020:16:10:34 +0000] "GET /courses/comp175/labs/lab-4-web-server HTTP/1.1" 200 14288 "https://cyberlab.pacific.edu/courses/comp175/labs" "Mozilla/5.0 (Macintosh; Intel Mac OS X 10_14_6) AppleWebKit/537.36 (KHTML, like Gecko) Chrome/85.0.4183.102 Safari/537.36"
2600:1700:b810:b989:8084:327e:6246:24ce - - [23/Sep/2020:16:10:34 +0000] "GET /images/0/0/6/a/3/006a3cc9dddf78fe28af08ee0ad0720f51952811-lab-04-diagram.png HTTP/1.1" 200 100970 "https://cyberlab.pacific.edu/courses/comp175/labs/lab-4-web-server" "Mozilla/5.0 (Macintosh; Intel Mac OS X 10_14_6) AppleWebKit/537.36 (KHTML, like Gecko) Chrome/85.0.4183.102 Safari/537.36"
2600:1700:b810:b989:8084:327e:6246:24ce - - [23/Sep/2020:16:11:10 +0000] "POST /admin/task:keepAlive HTTP/1.1" 200 31 "https://cyberlab.pacific.edu/admin/pages/courses/comp177/resources" "Mozilla/5.0 (Macintosh; Intel Mac OS X 10_14_6) AppleWebKit/537.36 (KHTML, like Gecko) Chrome/85.0.4183.102 Safari/537.36"
45.148.10.28 - - [23/Sep/2020:16:12:08 +0000] "GET /config/getuser?index=0 HTTP/1.1" 404 152 "-" "Mozilla/5.0 (X11; Ubuntu; Linux x86_64; rv:76.0) Gecko/20100101 Firefox/76.0"
2001:19f0:4400:402e::1 - - [23/Sep/2020:16:14:24 +0000] "HEAD / HTTP/1.1" 200 0 "-" "updown.io daemon 2.4"
45.32.107.181 - - [23/Sep/2020:16:14:24 +0000] "HEAD / HTTP/1.1" 200 0 "-" "updown.io daemon 2.4"
205.185.217.141 - - [23/Sep/2020:16:14:46 +0000] "GET /courses/comp178/resources/10-penetration-testing-physical-security.pdf HTTP/1.1" 200 6791699 "-" "curl/7.54.0"
77.88.5.7 - - [23/Sep/2020:16:15:39 +0000] "GET /courses/cybr230/resources/05-dnssec-dnstls-doh.pdf HTTP/1.1" 200 22433762 "-" "Mozilla/5.0 (compatible; YandexBot/3.0; +http://yandex.com/bots)"
2600:1700:b810:b989:8084:327e:6246:24ce - - [23/Sep/2020:16:17:22 +0000] "GET /courses/comp175/labs/lab-5-web-server-2 HTTP/1.1" 200 15296 "https://cyberlab.pacific.edu/courses/comp175/labs" "Mozilla/5.0 (Macintosh; Intel Mac OS X 10_14_6) AppleWebKit/537.36 (KHTML, like Gecko) Chrome/85.0.4183.102 Safari/537.36"
2001:19f0:6001:2c6::1 - - [23/Sep/2020:16:19:21 +0000] "HEAD / HTTP/1.1" 200 0 "-" "updown.io daemon 2.4"
45.32.74.41 - - [23/Sep/2020:16:19:21 +0000] "HEAD / HTTP/1.1" 200 0 "-" "updown.io daemon 2.4"
128.0.188.234 - - [23/Sep/2020:16:19:31 +0000] "GET /resources/malware-samples-for-students HTTP/1.1" 200 10209 "-" "Mozilla/5.0 (Windows NT 10.0; Win64; x64; rv:80.0) Gecko/20100101 Firefox/80.0"
128.0.188.234 - - [23/Sep/2020:16:19:31 +0000] "GET /assets/f34339a9d26808defc965517fd93f714.css HTTP/1.1" 200 155416 "https://cyberlab.pacific.edu/resources/malware-samples-for-students" "Mozilla/5.0 (Windows NT 10.0; Win64; x64; rv:80.0) Gecko/20100101 Firefox/80.0"
128.0.188.234 - - [23/Sep/2020:16:19:32 +0000] "GET /user/plugins/featherlight/js/featherlight.min.js HTTP/1.1" 200 8670 "https://cyberlab.pacific.edu/resources/malware-samples-for-students" "Mozilla/5.0 (Windows NT 10.0; Win64; x64; rv:80.0) Gecko/20100101 Firefox/80.0"
128.0.188.234 - - [23/Sep/2020:16:19:32 +0000] "GET /user/plugins/lightslider/js/lightslider.min.js HTTP/1.1" 200 16018 "https://cyberlab.pacific.edu/resources/malware-samples-for-students" "Mozilla/5.0 (Windows NT 10.0; Win64; x64; rv:80.0) Gecko/20100101 Firefox/80.0"
128.0.188.234 - - [23/Sep/2020:16:19:32 +0000] "GET /system/assets/jquery/jquery-2.x.min.js HTTP/1.1" 200 85578 "https://cyberlab.pacific.edu/resources/malware-samples-for-students" "Mozilla/5.0 (Windows NT 10.0; Win64; x64; rv:80.0) Gecko/20100101 Firefox/80.0"
128.0.188.234 - - [23/Sep/2020:16:19:32 +0000] "GET /user/plugins/highlight/js/highlight.pack.js HTTP/1.1" 200 101421 "https://cyberlab.pacific.edu/resources/malware-samples-for-students" "Mozilla/5.0 (Windows NT 10.0; Win64; x64; rv:80.0) Gecko/20100101 Firefox/80.0"
128.0.188.234 - - [23/Sep/2020:16:19:32 +0000] "GET /user/plugins/gantry5/assets/js/main.js HTTP/1.1" 200 60610 "https://cyberlab.pacific.edu/resources/malware-samples-for-students" "Mozilla/5.0 (Windows NT 10.0; Win64; x64; rv:80.0) Gecko/20100101 Firefox/80.0"
128.0.188.234 - - [23/Sep/2020:16:19:32 +0000] "GET /user/plugins/simplesearch/js/simplesearch.js HTTP/1.1" 200 1277 "https://cyberlab.pacific.edu/resources/malware-samples-for-students" "Mozilla/5.0 (Windows NT 10.0; Win64; x64; rv:80.0) Gecko/20100101 Firefox/80.0"
128.0.188.234 - - [23/Sep/2020:16:19:32 +0000] "GET /user/themes/g5_helium/fonts/lato/lato-bold/lato-bold-webfont.woff2?5f593174 HTTP/1.1" 200 25608 "https://cyberlab.pacific.edu/assets/f34339a9d26808defc965517fd93f714.css" "Mozilla/5.0 (Windows NT 10.0; Win64; x64; rv:80.0) Gecko/20100101 Firefox/80.0"
128.0.188.234 - - [23/Sep/2020:16:19:32 +0000] "GET /user/themes/g5_helium/fonts/raleway/raleway-regular/raleway-regular-webfont.woff2?5f593174 HTTP/1.1" 200 25424 "https://cyberlab.pacific.edu/assets/f34339a9d26808defc965517fd93f714.css" "Mozilla/5.0 (Windows NT 10.0; Win64; x64; rv:80.0) Gecko/20100101 Firefox/80.0"
128.0.188.234 - - [23/Sep/2020:16:19:32 +0000] "GET /user/themes/g5_helium/fonts/lato/lato-black/lato-black-webfont.woff2?5f593174 HTTP/1.1" 200 24632 "https://cyberlab.pacific.edu/assets/f34339a9d26808defc965517fd93f714.css" "Mozilla/5.0 (Windows NT 10.0; Win64; x64; rv:80.0) Gecko/20100101 Firefox/80.0"
128.0.188.234 - - [23/Sep/2020:16:19:32 +0000] "GET /user/themes/g5_helium/fonts/lato/lato-regular/lato-regular-webfont.woff2?5f593174 HTTP/1.1" 200 25040 "https://cyberlab.pacific.edu/assets/f34339a9d26808defc965517fd93f714.css" "Mozilla/5.0 (Windows NT 10.0; Win64; x64; rv:80.0) Gecko/20100101 Firefox/80.0"
128.0.188.234 - - [23/Sep/2020:16:19:32 +0000] "GET /user/plugins/gantry5/assets/fonts/fontawesome-webfont.woff2?v=4.7.0 HTTP/1.1" 200 77160 "https://cyberlab.pacific.edu/assets/f34339a9d26808defc965517fd93f714.css" "Mozilla/5.0 (Windows NT 10.0; Win64; x64; rv:80.0) Gecko/20100101 Firefox/80.0"
128.0.188.234 - - [23/Sep/2020:16:19:32 +0000] "GET /user/themes/g5_helium/fonts/raleway/raleway-bold/raleway-bold-webfont.woff2?5f593174 HTTP/1.1" 200 25368 "https://cyberlab.pacific.edu/assets/f34339a9d26808defc965517fd93f714.css" "Mozilla/5.0 (Windows NT 10.0; Win64; x64; rv:80.0) Gecko/20100101 Firefox/80.0"
128.0.188.234 - - [23/Sep/2020:16:19:33 +0000] "GET /user/images/g5_helium/favicon.ico HTTP/1.1" 200 5430 "-" "Mozilla/5.0 (Windows NT 10.0; Win64; x64; rv:80.0) Gecko/20100101 Firefox/80.0"
94.182.17.85 - - [23/Sep/2020:16:19:53 +0000] "GET / HTTP/1.1" 404 178 "-" "Mozilla/5.0 (Macintosh; Intel Mac OS X 10_11_6) AppleWebKit/601.7.7 (KHTML, like Gecko) Version/9.1.2 Safari/601.7.7"
2600:1700:b810:b989:8084:327e:6246:24ce - - [23/Sep/2020:16:21:40 +0000] "POST /admin/task:keepAlive HTTP/1.1" 200 31 "https://cyberlab.pacific.edu/admin/pages" "Mozilla/5.0 (Macintosh; Intel Mac OS X 10_14_6) AppleWebKit/537.36 (KHTML, like Gecko) Chrome/85.0.4183.102 Safari/537.36"
104.238.136.194 - - [23/Sep/2020:16:24:21 +0000] "HEAD / HTTP/1.1" 200 0 "-" "updown.io daemon 2.4"
2001:19f0:9002:11a::1 - - [23/Sep/2020:16:24:21 +0000] "HEAD / HTTP/1.1" 200 0 "-" "updown.io daemon 2.4"
2607:fb90:5e9d:b76:e8ad:8967:81ad:eb85 - - [23/Sep/2020:16:24:43 +0000] "GET /resources/lab-network-wireless-sniffing HTTP/1.1" 200 14050 "-" "Mozilla/5.0 (Windows NT 10.0; Win64; x64) AppleWebKit/537.36 (KHTML, like Gecko) Chrome/85.0.4183.102 Safari/537.36"
2001:19f0:4400:402e::1 - - [23/Sep/2020:16:29:20 +0000] "HEAD / HTTP/1.1" 200 0 "-" "updown.io daemon 2.4"
45.32.107.181 - - [23/Sep/2020:16:29:20 +0000] "HEAD / HTTP/1.1" 200 0 "-" "updown.io daemon 2.4"
2600:1700:b810:b989:8084:327e:6246:24ce - - [23/Sep/2020:16:31:11 +0000] "POST /admin/task:keepAlive HTTP/1.1" 200 31 "https://cyberlab.pacific.edu/admin/pages/courses/comp177/resources" "Mozilla/5.0 (Macintosh; Intel Mac OS X 10_14_6) AppleWebKit/537.36 (KHTML, like Gecko) Chrome/85.0.4183.102 Safari/537.36"
2607:5300:60:4c2f::1 - - [23/Sep/2020:16:34:19 +0000] "HEAD / HTTP/1.1" 200 0 "-" "updown.io daemon 2.4"
192.99.37.47 - - [23/Sep/2020:16:34:19 +0000] "HEAD / HTTP/1.1" 200 0 "-" "updown.io daemon 2.4"
66.249.79.247 - - [23/Sep/2020:16:34:51 +0000] "GET /resources/lab-network-monitoring HTTP/1.1" 200 12004 "-" "Mozilla/5.0 (compatible; Googlebot/2.1; +http://www.google.com/bot.html)"
2607:fb90:5e9d:b76:e8ad:8967:81ad:eb85 - - [23/Sep/2020:16:35:24 +0000] "GET /resources/lab-network-wireless-sniffing HTTP/1.1" 200 14036 "-" "Mozilla/5.0 (Windows NT 10.0; Win64; x64) AppleWebKit/537.36 (KHTML, like Gecko) Chrome/85.0.4183.102 Safari/537.36"
66.249.79.243 - - [23/Sep/2020:16:36:20 +0000] "GET /courses/comp293a/resources/10-anti-re.pdf HTTP/1.1" 200 6530484 "-" "Mozilla/5.0 (Linux; Android 6.0.1; Nexus 5X Build/MMB29P) AppleWebKit/537.36 (KHTML, like Gecko) Chrome/85.0.4183.115 Mobile Safari/537.36 (compatible; Googlebot/2.1; +http://www.google.com/bot.html)"
66.249.79.247 - - [23/Sep/2020:16:37:17 +0000] "GET /favicon.ico HTTP/1.1" 404 8699 "-" "Googlebot-Image/1.0"
2001:19f0:6c01:145::1 - - [23/Sep/2020:16:39:16 +0000] "HEAD / HTTP/1.1" 200 0 "-" "updown.io daemon 2.4"
104.238.159.87 - - [23/Sep/2020:16:39:16 +0000] "HEAD / HTTP/1.1" 200 0 "-" "updown.io daemon 2.4"
68.134.27.137 - - [23/Sep/2020:16:40:18 +0000] "GET /resources/malware-samples-for-students HTTP/1.1" 200 10209 "https://www.google.com/" "Mozilla/5.0 (X11; Ubuntu; Linux x86_64; rv:80.0) Gecko/20100101 Firefox/80.0"
68.134.27.137 - - [23/Sep/2020:16:40:19 +0000] "GET /assets/f34339a9d26808defc965517fd93f714.css HTTP/1.1" 200 155416 "https://cyberlab.pacific.edu/resources/malware-samples-for-students" "Mozilla/5.0 (X11; Ubuntu; Linux x86_64; rv:80.0) Gecko/20100101 Firefox/80.0"
68.134.27.137 - - [23/Sep/2020:16:40:19 +0000] "GET /system/assets/jquery/jquery-2.x.min.js HTTP/1.1" 200 85578 "https://cyberlab.pacific.edu/resources/malware-samples-for-students" "Mozilla/5.0 (X11; Ubuntu; Linux x86_64; rv:80.0) Gecko/20100101 Firefox/80.0"
68.134.27.137 - - [23/Sep/2020:16:40:19 +0000] "GET /user/plugins/featherlight/js/featherlight.min.js HTTP/1.1" 200 8670 "https://cyberlab.pacific.edu/resources/malware-samples-for-students" "Mozilla/5.0 (X11; Ubuntu; Linux x86_64; rv:80.0) Gecko/20100101 Firefox/80.0"
68.134.27.137 - - [23/Sep/2020:16:40:19 +0000] "GET /user/plugins/lightslider/js/lightslider.min.js HTTP/1.1" 200 16018 "https://cyberlab.pacific.edu/resources/malware-samples-for-students" "Mozilla/5.0 (X11; Ubuntu; Linux x86_64; rv:80.0) Gecko/20100101 Firefox/80.0"
68.134.27.137 - - [23/Sep/2020:16:40:20 +0000] "GET /user/plugins/simplesearch/js/simplesearch.js HTTP/1.1" 200 1277 "https://cyberlab.pacific.edu/resources/malware-samples-for-students" "Mozilla/5.0 (X11; Ubuntu; Linux x86_64; rv:80.0) Gecko/20100101 Firefox/80.0"
68.134.27.137 - - [23/Sep/2020:16:40:20 +0000] "GET /user/plugins/highlight/js/highlight.pack.js HTTP/1.1" 200 101421 "https://cyberlab.pacific.edu/resources/malware-samples-for-students" "Mozilla/5.0 (X11; Ubuntu; Linux x86_64; rv:80.0) Gecko/20100101 Firefox/80.0"
68.134.27.137 - - [23/Sep/2020:16:40:20 +0000] "GET /user/plugins/gantry5/assets/js/main.js HTTP/1.1" 200 60610 "https://cyberlab.pacific.edu/resources/malware-samples-for-students" "Mozilla/5.0 (X11; Ubuntu; Linux x86_64; rv:80.0) Gecko/20100101 Firefox/80.0"
68.134.27.137 - - [23/Sep/2020:16:40:20 +0000] "GET /user/images/g5_helium/favicon.ico HTTP/1.1" 200 5430 "-" "Mozilla/5.0 (X11; Ubuntu; Linux x86_64; rv:80.0) Gecko/20100101 Firefox/80.0"
68.134.27.137 - - [23/Sep/2020:16:40:20 +0000] "GET /user/themes/g5_helium/fonts/lato/lato-regular/lato-regular-webfont.woff2?5f593174 HTTP/1.1" 200 25040 "https://cyberlab.pacific.edu/assets/f34339a9d26808defc965517fd93f714.css" "Mozilla/5.0 (X11; Ubuntu; Linux x86_64; rv:80.0) Gecko/20100101 Firefox/80.0"
68.134.27.137 - - [23/Sep/2020:16:40:20 +0000] "GET /user/themes/g5_helium/fonts/lato/lato-black/lato-black-webfont.woff2?5f593174 HTTP/1.1" 200 24632 "https://cyberlab.pacific.edu/assets/f34339a9d26808defc965517fd93f714.css" "Mozilla/5.0 (X11; Ubuntu; Linux x86_64; rv:80.0) Gecko/20100101 Firefox/80.0"
68.134.27.137 - - [23/Sep/2020:16:40:20 +0000] "GET /user/themes/g5_helium/fonts/raleway/raleway-regular/raleway-regular-webfont.woff2?5f593174 HTTP/1.1" 200 25424 "https://cyberlab.pacific.edu/assets/f34339a9d26808defc965517fd93f714.css" "Mozilla/5.0 (X11; Ubuntu; Linux x86_64; rv:80.0) Gecko/20100101 Firefox/80.0"
68.134.27.137 - - [23/Sep/2020:16:40:20 +0000] "GET /user/themes/g5_helium/fonts/raleway/raleway-bold/raleway-bold-webfont.woff2?5f593174 HTTP/1.1" 200 25368 "https://cyberlab.pacific.edu/assets/f34339a9d26808defc965517fd93f714.css" "Mozilla/5.0 (X11; Ubuntu; Linux x86_64; rv:80.0) Gecko/20100101 Firefox/80.0"
68.134.27.137 - - [23/Sep/2020:16:40:20 +0000] "GET /user/plugins/gantry5/assets/fonts/fontawesome-webfont.woff2?v=4.7.0 HTTP/1.1" 200 77160 "https://cyberlab.pacific.edu/assets/f34339a9d26808defc965517fd93f714.css" "Mozilla/5.0 (X11; Ubuntu; Linux x86_64; rv:80.0) Gecko/20100101 Firefox/80.0"
68.134.27.137 - - [23/Sep/2020:16:40:20 +0000] "GET /user/themes/g5_helium/fonts/lato/lato-bold/lato-bold-webfont.woff2?5f593174 HTTP/1.1" 200 25608 "https://cyberlab.pacific.edu/assets/f34339a9d26808defc965517fd93f714.css" "Mozilla/5.0 (X11; Ubuntu; Linux x86_64; rv:80.0) Gecko/20100101 Firefox/80.0"
2600:1700:b810:b989:8084:327e:6246:24ce - - [23/Sep/2020:16:41:40 +0000] "POST /admin/task:keepAlive HTTP/1.1" 200 31 "https://cyberlab.pacific.edu/admin/pages" "Mozilla/5.0 (Macintosh; Intel Mac OS X 10_14_6) AppleWebKit/537.36 (KHTML, like Gecko) Chrome/85.0.4183.102 Safari/537.36"
2001:19f0:5801:1d8::1 - - [23/Sep/2020:16:44:14 +0000] "HEAD / HTTP/1.1" 200 0 "-" "updown.io daemon 2.4"
45.63.29.207 - - [23/Sep/2020:16:44:14 +0000] "HEAD / HTTP/1.1" 200 0 "-" "updown.io daemon 2.4"
45.32.74.41 - - [23/Sep/2020:16:49:11 +0000] "HEAD / HTTP/1.1" 200 0 "-" "updown.io daemon 2.4"
2001:19f0:6001:2c6::1 - - [23/Sep/2020:16:49:11 +0000] "HEAD / HTTP/1.1" 200 0 "-" "updown.io daemon 2.4"
66.249.79.245 - - [23/Sep/2020:16:49:59 +0000] "GET /courses/cybr230/resources/02-honeypots.pdf HTTP/1.1" 304 0 "-" "Mozilla/5.0 (Linux; Android 6.0.1; Nexus 5X Build/MMB29P) AppleWebKit/537.36 (KHTML, like Gecko) Chrome/85.0.4183.118 Mobile Safari/537.36 (compatible; Googlebot/2.1; +http://www.google.com/bot.html)"
2600:1700:b810:b989:8084:327e:6246:24ce - - [23/Sep/2020:16:51:11 +0000] "POST /admin/task:keepAlive HTTP/1.1" 200 31 "https://cyberlab.pacific.edu/admin/pages/courses/comp177/resources" "Mozilla/5.0 (Macintosh; Intel Mac OS X 10_14_6) AppleWebKit/537.36 (KHTML, like Gecko) Chrome/85.0.4183.102 Safari/537.36"
66.249.79.243 - - [23/Sep/2020:16:51:13 +0000] "GET /courses/cybr200/archive_2017_fall/resources/07-equifax.pdf HTTP/1.1" 200 4540417 "-" "Mozilla/5.0 (Linux; Android 6.0.1; Nexus 5X Build/MMB29P) AppleWebKit/537.36 (KHTML, like Gecko) Chrome/85.0.4183.118 Mobile Safari/537.36 (compatible; Googlebot/2.1; +http://www.google.com/bot.html)"
66.249.79.243 - - [23/Sep/2020:16:51:58 +0000] "GET /courses/comp178/resources/01-intro.pdf HTTP/1.1" 304 0 "-" "Mozilla/5.0 (compatible; Googlebot/2.1; +http://www.google.com/bot.html)"
66.249.79.243 - - [23/Sep/2020:16:53:40 +0000] "GET /courses/cybr240/syllabus HTTP/1.1" 200 12513 "-" "Mozilla/5.0 (compatible; Googlebot/2.1; +http://www.google.com/bot.html)"
66.249.79.243 - - [23/Sep/2020:16:53:51 +0000] "GET /courses/comp178/resources/01-intro.pdf HTTP/1.1" 304 0 "-" "Mozilla/5.0 (Linux; Android 6.0.1; Nexus 5X Build/MMB29P) AppleWebKit/537.36 (KHTML, like Gecko) Chrome/85.0.4183.118 Mobile Safari/537.36 (compatible; Googlebot/2.1; +http://www.google.com/bot.html)"
104.238.159.87 - - [23/Sep/2020:16:54:11 +0000] "HEAD / HTTP/1.1" 200 0 "-" "updown.io daemon 2.4"
2001:19f0:6c01:145::1 - - [23/Sep/2020:16:54:11 +0000] "HEAD / HTTP/1.1" 200 0 "-" "updown.io daemon 2.4"
54.36.149.104 - - [23/Sep/2020:16:54:15 +0000] "GET /courses/cybr200/resources HTTP/1.1" 200 10609 "-" "Mozilla/5.0 (compatible; AhrefsBot/7.0; +http://ahrefs.com/robot/)"
54.36.148.204 - - [23/Sep/2020:16:54:40 +0000] "GET /courses/comp293a/labs/lab-1-automated-tools HTTP/1.1" 200 10522 "-" "Mozilla/5.0 (compatible; AhrefsBot/7.0; +http://ahrefs.com/robot/)"
66.249.79.247 - - [23/Sep/2020:16:55:19 +0000] "GET /courses/comp293a/resources/virtual-machine-configuration HTTP/1.1" 200 12231 "-" "Mozilla/5.0 (compatible; Googlebot/2.1; +http://www.google.com/bot.html)"
76.105.22.68 - - [23/Sep/2020:16:56:05 +0000] "GET /courses/comp175/labs/lab-5-web-server-2 HTTP/1.1" 200 15296 "https://pacific.quiz-lti-iad-prod.instructure.com/" "Mozilla/5.0 (Windows NT 10.0; Win64; x64; rv:80.0) Gecko/20100101 Firefox/80.0"
76.105.22.68 - - [23/Sep/2020:16:56:05 +0000] "GET /assets/f34339a9d26808defc965517fd93f714.css HTTP/1.1" 200 155416 "https://cyberlab.pacific.edu/courses/comp175/labs/lab-5-web-server-2" "Mozilla/5.0 (Windows NT 10.0; Win64; x64; rv:80.0) Gecko/20100101 Firefox/80.0"
76.105.22.68 - - [23/Sep/2020:16:56:05 +0000] "GET /user/plugins/lightslider/js/lightslider.min.js HTTP/1.1" 200 16018 "https://cyberlab.pacific.edu/courses/comp175/labs/lab-5-web-server-2" "Mozilla/5.0 (Windows NT 10.0; Win64; x64; rv:80.0) Gecko/20100101 Firefox/80.0"
76.105.22.68 - - [23/Sep/2020:16:56:05 +0000] "GET /user/plugins/featherlight/js/featherlight.min.js HTTP/1.1" 200 8670 "https://cyberlab.pacific.edu/courses/comp175/labs/lab-5-web-server-2" "Mozilla/5.0 (Windows NT 10.0; Win64; x64; rv:80.0) Gecko/20100101 Firefox/80.0"
76.105.22.68 - - [23/Sep/2020:16:56:05 +0000] "GET /user/plugins/gantry5/assets/js/main.js HTTP/1.1" 200 60610 "https://cyberlab.pacific.edu/courses/comp175/labs/lab-5-web-server-2" "Mozilla/5.0 (Windows NT 10.0; Win64; x64; rv:80.0) Gecko/20100101 Firefox/80.0"
76.105.22.68 - - [23/Sep/2020:16:56:05 +0000] "GET /system/assets/jquery/jquery-2.x.min.js HTTP/1.1" 200 85578 "https://cyberlab.pacific.edu/courses/comp175/labs/lab-5-web-server-2" "Mozilla/5.0 (Windows NT 10.0; Win64; x64; rv:80.0) Gecko/20100101 Firefox/80.0"
76.105.22.68 - - [23/Sep/2020:16:56:05 +0000] "GET /user/plugins/highlight/js/highlight.pack.js HTTP/1.1" 200 101421 "https://cyberlab.pacific.edu/courses/comp175/labs/lab-5-web-server-2" "Mozilla/5.0 (Windows NT 10.0; Win64; x64; rv:80.0) Gecko/20100101 Firefox/80.0"
76.105.22.68 - - [23/Sep/2020:16:56:05 +0000] "GET /user/plugins/simplesearch/js/simplesearch.js HTTP/1.1" 200 1277 "https://cyberlab.pacific.edu/courses/comp175/labs/lab-5-web-server-2" "Mozilla/5.0 (Windows NT 10.0; Win64; x64; rv:80.0) Gecko/20100101 Firefox/80.0"
76.105.22.68 - - [23/Sep/2020:16:56:05 +0000] "GET /images/e/f/c/f/a/efcfa508380e0673fb54e40b82a0daa8af4cbda0-lab-05-diagram.png HTTP/1.1" 200 144450 "https://cyberlab.pacific.edu/courses/comp175/labs/lab-5-web-server-2" "Mozilla/5.0 (Windows NT 10.0; Win64; x64; rv:80.0) Gecko/20100101 Firefox/80.0"
76.105.22.68 - - [23/Sep/2020:16:56:06 +0000] "GET /user/themes/g5_helium/fonts/raleway/raleway-regular/raleway-regular-webfont.woff2?5f593174 HTTP/1.1" 200 25424 "https://cyberlab.pacific.edu/assets/f34339a9d26808defc965517fd93f714.css" "Mozilla/5.0 (Windows NT 10.0; Win64; x64; rv:80.0) Gecko/20100101 Firefox/80.0"
76.105.22.68 - - [23/Sep/2020:16:56:06 +0000] "GET /user/themes/g5_helium/fonts/lato/lato-bold/lato-bold-webfont.woff2?5f593174 HTTP/1.1" 200 25608 "https://cyberlab.pacific.edu/assets/f34339a9d26808defc965517fd93f714.css" "Mozilla/5.0 (Windows NT 10.0; Win64; x64; rv:80.0) Gecko/20100101 Firefox/80.0"
76.105.22.68 - - [23/Sep/2020:16:56:06 +0000] "GET /user/themes/g5_helium/fonts/lato/lato-black/lato-black-webfont.woff2?5f593174 HTTP/1.1" 200 24632 "https://cyberlab.pacific.edu/assets/f34339a9d26808defc965517fd93f714.css" "Mozilla/5.0 (Windows NT 10.0; Win64; x64; rv:80.0) Gecko/20100101 Firefox/80.0"
76.105.22.68 - - [23/Sep/2020:16:56:06 +0000] "GET /user/plugins/gantry5/assets/fonts/fontawesome-webfont.woff2?v=4.7.0 HTTP/1.1" 200 77160 "https://cyberlab.pacific.edu/assets/f34339a9d26808defc965517fd93f714.css" "Mozilla/5.0 (Windows NT 10.0; Win64; x64; rv:80.0) Gecko/20100101 Firefox/80.0"
76.105.22.68 - - [23/Sep/2020:16:56:06 +0000] "GET /user/themes/g5_helium/fonts/raleway/raleway-bold/raleway-bold-webfont.woff2?5f593174 HTTP/1.1" 200 25368 "https://cyberlab.pacific.edu/assets/f34339a9d26808defc965517fd93f714.css" "Mozilla/5.0 (Windows NT 10.0; Win64; x64; rv:80.0) Gecko/20100101 Firefox/80.0"
76.105.22.68 - - [23/Sep/2020:16:56:06 +0000] "GET /user/themes/g5_helium/fonts/lato/lato-regular/lato-regular-webfont.woff2?5f593174 HTTP/1.1" 200 25040 "https://cyberlab.pacific.edu/assets/f34339a9d26808defc965517fd93f714.css" "Mozilla/5.0 (Windows NT 10.0; Win64; x64; rv:80.0) Gecko/20100101 Firefox/80.0"
76.105.22.68 - - [23/Sep/2020:16:56:06 +0000] "GET /user/images/g5_helium/favicon.ico HTTP/1.1" 200 5430 "-" "Mozilla/5.0 (Windows NT 10.0; Win64; x64; rv:80.0) Gecko/20100101 Firefox/80.0"
66.249.79.243 - - [23/Sep/2020:16:59:01 +0000] "GET /courses/comp293a/resources/10-anti-re.pdf HTTP/1.1" 200 6530484 "-" "Mozilla/5.0 (compatible; Googlebot/2.1; +http://www.google.com/bot.html)"
91.121.222.175 - - [23/Sep/2020:16:59:11 +0000] "HEAD / HTTP/1.1" 200 0 "-" "updown.io daemon 2.4"
2001:41d0:2:85af::1 - - [23/Sep/2020:16:59:11 +0000] "HEAD / HTTP/1.1" 200 0 "-" "updown.io daemon 2.4"
54.36.148.249 - - [23/Sep/2020:16:59:25 +0000] "GET /courses/comp293a/labs/lab-10-document-malware HTTP/1.1" 200 12374 "-" "Mozilla/5.0 (compatible; AhrefsBot/7.0; +http://ahrefs.com/robot/)"
207.46.13.233 - - [23/Sep/2020:17:00:47 +0000] "GET / HTTP/1.1" 200 9881 "-" "Mozilla/5.0 (compatible; bingbot/2.0; +http://www.bing.com/bingbot.htm)"
2600:1700:b810:b989:8084:327e:6246:24ce - - [23/Sep/2020:17:01:40 +0000] "POST /admin/task:keepAlive HTTP/1.1" 200 31 "https://cyberlab.pacific.edu/admin/pages" "Mozilla/5.0 (Macintosh; Intel Mac OS X 10_14_6) AppleWebKit/537.36 (KHTML, like Gecko) Chrome/85.0.4183.102 Safari/537.36"
89.109.35.231 - - [23/Sep/2020:17:02:09 +0000] "GET /thank-you/ HTTP/1.0" 301 194 "http://cyberlab.pacific.edu/thank-you/" "Mozilla/5.0 (Windows NT 6.3; Win64; x64) AppleWebKit/537.36 (KHTML, like Gecko) Chrome/68.0.3440.84 Safari/537.36"
89.109.35.231 - - [23/Sep/2020:17:02:10 +0000] "GET /thank-you/ HTTP/1.0" 301 0 "https://cyberlab.pacific.edu/thank-you/" "Mozilla/5.0 (Windows NT 6.3; Win64; x64) AppleWebKit/537.36 (KHTML, like Gecko) Chrome/68.0.3440.84 Safari/537.36"
89.109.35.231 - - [23/Sep/2020:17:02:11 +0000] "GET /thank-you HTTP/1.0" 200 39280 "https://cyberlab.pacific.edu/thank-you" "Mozilla/5.0 (Windows NT 6.3; Win64; x64) AppleWebKit/537.36 (KHTML, like Gecko) Chrome/68.0.3440.84 Safari/537.36"
89.109.35.231 - - [23/Sep/2020:17:02:12 +0000] "GET /contact HTTP/1.0" 200 41086 "https://cyberlab.pacific.edu/contact" "Mozilla/5.0 (Windows NT 6.3; Win64; x64) AppleWebKit/537.36 (KHTML, like Gecko) Chrome/68.0.3440.84 Safari/537.36"
192.99.37.47 - - [23/Sep/2020:17:04:09 +0000] "HEAD / HTTP/1.1" 200 0 "-" "updown.io daemon 2.4"
2607:5300:60:4c2f::1 - - [23/Sep/2020:17:04:09 +0000] "HEAD / HTTP/1.1" 200 0 "-" "updown.io daemon 2.4"
54.36.148.2 - - [23/Sep/2020:17:06:43 +0000] "GET /courses/comp293a/labs/lab-7-disassemblers-ida HTTP/1.1" 200 10963 "-" "Mozilla/5.0 (compatible; AhrefsBot/7.0; +http://ahrefs.com/robot/)"
54.175.80.109 - - [23/Sep/2020:17:08:03 +0000] "HEAD /courses/cybr230/syllabus HTTP/1.1" 200 0 "-" "Blackboard Safeassign"
54.175.80.109 - - [23/Sep/2020:17:08:03 +0000] "GET /courses/cybr230/syllabus HTTP/1.1" 200 12646 "-" "Blackboard Safeassign"
104.238.136.194 - - [23/Sep/2020:17:09:06 +0000] "HEAD / HTTP/1.1" 200 0 "-" "updown.io daemon 2.4"
2001:19f0:9002:11a::1 - - [23/Sep/2020:17:09:06 +0000] "HEAD / HTTP/1.1" 200 0 "-" "updown.io daemon 2.4"
2600:1700:b810:b989:8084:327e:6246:24ce - - [23/Sep/2020:17:11:11 +0000] "POST /admin/task:keepAlive HTTP/1.1" 200 31 "https://cyberlab.pacific.edu/admin/pages/courses/comp177/resources" "Mozilla/5.0 (Macintosh; Intel Mac OS X 10_14_6) AppleWebKit/537.36 (KHTML, like Gecko) Chrome/85.0.4183.102 Safari/537.36"
45.63.29.207 - - [23/Sep/2020:17:14:06 +0000] "HEAD / HTTP/1.1" 200 0 "-" "updown.io daemon 2.4"
2001:19f0:5801:1d8::1 - - [23/Sep/2020:17:14:06 +0000] "HEAD / HTTP/1.1" 200 0 "-" "updown.io daemon 2.4"
54.36.148.154 - - [23/Sep/2020:17:16:44 +0000] "GET /courses/cybr200/labs HTTP/1.1" 200 8887 "-" "Mozilla/5.0 (compatible; AhrefsBot/7.0; +http://ahrefs.com/robot/)"
45.76.104.117 - - [23/Sep/2020:17:19:04 +0000] "HEAD / HTTP/1.1" 200 0 "-" "updown.io daemon 2.4"
2001:19f0:7001:45a::1 - - [23/Sep/2020:17:19:04 +0000] "HEAD / HTTP/1.1" 200 0 "-" "updown.io daemon 2.4"
54.36.148.157 - - [23/Sep/2020:17:19:28 +0000] "GET /courses/cybr200/schedule HTTP/1.1" 200 9520 "-" "Mozilla/5.0 (compatible; AhrefsBot/7.0; +http://ahrefs.com/robot/)"
2600:1700:b810:b989:8084:327e:6246:24ce - - [23/Sep/2020:17:21:40 +0000] "POST /admin/task:keepAlive HTTP/1.1" 200 31 "https://cyberlab.pacific.edu/admin/pages" "Mozilla/5.0 (Macintosh; Intel Mac OS X 10_14_6) AppleWebKit/537.36 (KHTML, like Gecko) Chrome/85.0.4183.102 Safari/537.36"
2001:19f0:6001:2c6::1 - - [23/Sep/2020:17:24:02 +0000] "HEAD / HTTP/1.1" 200 0 "-" "updown.io daemon 2.4"
45.32.74.41 - - [23/Sep/2020:17:24:02 +0000] "HEAD / HTTP/1.1" 200 0 "-" "updown.io daemon 2.4"
2001:19f0:4400:402e::1 - - [23/Sep/2020:17:29:02 +0000] "HEAD / HTTP/1.1" 200 0 "-" "updown.io daemon 2.4"
45.32.107.181 - - [23/Sep/2020:17:29:02 +0000] "HEAD / HTTP/1.1" 200 0 "-" "updown.io daemon 2.4"
176.113.115.214 - - [23/Sep/2020:17:29:37 +0000] "GET /vendor/phpunit/phpunit/src/Util/PHP/eval-stdin.php HTTP/1.1" 404 209 "-" "Mozilla/5.0 (Windows NT 10.0; Win64; x64) AppleWebKit/537.36 (KHTML, like Gecko) Chrome/78.0.3904.108 Safari/537.36"
2600:1700:b810:b989:8084:327e:6246:24ce - - [23/Sep/2020:17:31:11 +0000] "POST /admin/task:keepAlive HTTP/1.1" 200 31 "https://cyberlab.pacific.edu/admin/pages/courses/comp177/resources" "Mozilla/5.0 (Macintosh; Intel Mac OS X 10_14_6) AppleWebKit/537.36 (KHTML, like Gecko) Chrome/85.0.4183.102 Safari/537.36"
45.76.104.117 - - [23/Sep/2020:17:33:59 +0000] "HEAD / HTTP/1.1" 200 0 "-" "updown.io daemon 2.4"
2001:19f0:7001:45a::1 - - [23/Sep/2020:17:33:59 +0000] "HEAD / HTTP/1.1" 200 0 "-" "updown.io daemon 2.4"
77.88.5.7 - - [23/Sep/2020:17:34:43 +0000] "GET /robots.txt HTTP/1.1" 200 197 "-" "Mozilla/5.0 (compatible; YandexBot/3.0; +http://yandex.com/bots)"
77.88.5.7 - - [23/Sep/2020:17:34:48 +0000] "GET /courses/comp178/resources/08-nice-challenge-labs.pdf HTTP/1.1" 200 5414665 "-" "Mozilla/5.0 (compatible; YandexBot/3.0; +http://yandex.com/bots)"
2001:19f0:4400:402e::1 - - [23/Sep/2020:17:38:59 +0000] "HEAD / HTTP/1.1" 200 0 "-" "updown.io daemon 2.4"
45.32.107.181 - - [23/Sep/2020:17:38:59 +0000] "HEAD / HTTP/1.1" 200 0 "-" "updown.io daemon 2.4"
2601:648:8501:4ab0:d971:9bf2:7ac8:f68a - - [23/Sep/2020:17:40:17 +0000] "GET /courses/comp177/projects/project-1-network-discoverer HTTP/1.1" 200 11932 "-" "Mozilla/5.0 (Windows NT 10.0; Win64; x64; rv:82.0) Gecko/20100101 Firefox/82.0"
2601:648:8501:4ab0:d971:9bf2:7ac8:f68a - - [23/Sep/2020:17:40:17 +0000] "GET /images/6/d/b/d/3/6dbd3b835d3148f6d94c6abc288b48466a3a36ea-example-network.png HTTP/1.1" 200 88729 "https://cyberlab.pacific.edu/courses/comp177/projects/project-1-network-discoverer" "Mozilla/5.0 (Windows NT 10.0; Win64; x64; rv:82.0) Gecko/20100101 Firefox/82.0"
2601:648:8501:4ab0:d971:9bf2:7ac8:f68a - - [23/Sep/2020:17:40:17 +0000] "GET /user/themes/g5_helium/fonts/raleway/raleway-regular/raleway-regular-webfont.woff2?5f593174 HTTP/1.1" 200 25424 "https://cyberlab.pacific.edu/assets/f34339a9d26808defc965517fd93f714.css" "Mozilla/5.0 (Windows NT 10.0; Win64; x64; rv:82.0) Gecko/20100101 Firefox/82.0"
2601:648:8501:4ab0:d971:9bf2:7ac8:f68a - - [23/Sep/2020:17:40:17 +0000] "GET /user/themes/g5_helium/fonts/lato/lato-black/lato-black-webfont.woff2?5f593174 HTTP/1.1" 200 24632 "https://cyberlab.pacific.edu/assets/f34339a9d26808defc965517fd93f714.css" "Mozilla/5.0 (Windows NT 10.0; Win64; x64; rv:82.0) Gecko/20100101 Firefox/82.0"
2601:648:8501:4ab0:d971:9bf2:7ac8:f68a - - [23/Sep/2020:17:40:17 +0000] "GET /user/themes/g5_helium/fonts/raleway/raleway-bold/raleway-bold-webfont.woff2?5f593174 HTTP/1.1" 200 25368 "https://cyberlab.pacific.edu/assets/f34339a9d26808defc965517fd93f714.css" "Mozilla/5.0 (Windows NT 10.0; Win64; x64; rv:82.0) Gecko/20100101 Firefox/82.0"
2601:648:8501:4ab0:d971:9bf2:7ac8:f68a - - [23/Sep/2020:17:40:17 +0000] "GET /user/themes/g5_helium/fonts/lato/lato-bold/lato-bold-webfont.woff2?5f593174 HTTP/1.1" 200 25608 "https://cyberlab.pacific.edu/assets/f34339a9d26808defc965517fd93f714.css" "Mozilla/5.0 (Windows NT 10.0; Win64; x64; rv:82.0) Gecko/20100101 Firefox/82.0"
2601:648:8501:4ab0:d971:9bf2:7ac8:f68a - - [23/Sep/2020:17:40:17 +0000] "GET /user/themes/g5_helium/fonts/lato/lato-regular/lato-regular-webfont.woff2?5f593174 HTTP/1.1" 200 25040 "https://cyberlab.pacific.edu/assets/f34339a9d26808defc965517fd93f714.css" "Mozilla/5.0 (Windows NT 10.0; Win64; x64; rv:82.0) Gecko/20100101 Firefox/82.0"
2601:648:8501:4ab0:d971:9bf2:7ac8:f68a - - [23/Sep/2020:17:40:17 +0000] "GET /user/plugins/gantry5/assets/fonts/fontawesome-webfont.woff2?v=4.7.0 HTTP/1.1" 200 77160 "https://cyberlab.pacific.edu/assets/f34339a9d26808defc965517fd93f714.css" "Mozilla/5.0 (Windows NT 10.0; Win64; x64; rv:82.0) Gecko/20100101 Firefox/82.0"
2601:648:8501:4ab0:d971:9bf2:7ac8:f68a - - [23/Sep/2020:17:40:17 +0000] "GET /user/images/g5_helium/favicon.ico HTTP/1.1" 200 5430 "https://cyberlab.pacific.edu/courses/comp177/projects/project-1-network-discoverer" "Mozilla/5.0 (Windows NT 10.0; Win64; x64; rv:82.0) Gecko/20100101 Firefox/82.0"
77.88.5.7 - - [23/Sep/2020:17:40:34 +0000] "GET /courses/comp293a/labs/lab-6-disassemblers-and-debuggers HTTP/1.1" 200 11658 "-" "Mozilla/5.0 (compatible; YandexBot/3.0; +http://yandex.com/bots)"
2600:1700:b810:b989:8084:327e:6246:24ce - - [23/Sep/2020:17:41:40 +0000] "POST /admin/task:keepAlive HTTP/1.1" 200 31 "https://cyberlab.pacific.edu/admin/pages" "Mozilla/5.0 (Macintosh; Intel Mac OS X 10_14_6) AppleWebKit/537.36 (KHTML, like Gecko) Chrome/85.0.4183.102 Safari/537.36"
2804:14d:32a3:3190::1000 - - [23/Sep/2020:17:42:17 +0000] "GET /resources/malware-samples-for-students HTTP/1.1" 200 10209 "-" "Mozilla/5.0 (X11; Linux x86_64) AppleWebKit/537.36 (KHTML, like Gecko) Chrome/84.0.4147.105 Safari/537.36"
2804:14d:32a3:3190::1000 - - [23/Sep/2020:17:42:17 +0000] "GET /system/assets/jquery/jquery-2.x.min.js HTTP/1.1" 200 85578 "https://cyberlab.pacific.edu/resources/malware-samples-for-students" "Mozilla/5.0 (X11; Linux x86_64) AppleWebKit/537.36 (KHTML, like Gecko) Chrome/84.0.4147.105 Safari/537.36"
2804:14d:32a3:3190::1000 - - [23/Sep/2020:17:42:17 +0000] "GET /assets/f34339a9d26808defc965517fd93f714.css HTTP/1.1" 200 155416 "https://cyberlab.pacific.edu/resources/malware-samples-for-students" "Mozilla/5.0 (X11; Linux x86_64) AppleWebKit/537.36 (KHTML, like Gecko) Chrome/84.0.4147.105 Safari/537.36"
2804:14d:32a3:3190::1000 - - [23/Sep/2020:17:42:18 +0000] "GET /user/plugins/lightslider/js/lightslider.min.js HTTP/1.1" 200 16018 "https://cyberlab.pacific.edu/resources/malware-samples-for-students" "Mozilla/5.0 (X11; Linux x86_64) AppleWebKit/537.36 (KHTML, like Gecko) Chrome/84.0.4147.105 Safari/537.36"
2804:14d:32a3:3190::1000 - - [23/Sep/2020:17:42:18 +0000] "GET /user/plugins/highlight/js/highlight.pack.js HTTP/1.1" 200 101421 "https://cyberlab.pacific.edu/resources/malware-samples-for-students" "Mozilla/5.0 (X11; Linux x86_64) AppleWebKit/537.36 (KHTML, like Gecko) Chrome/84.0.4147.105 Safari/537.36"
2804:14d:32a3:3190::1000 - - [23/Sep/2020:17:42:18 +0000] "GET /user/plugins/featherlight/js/featherlight.min.js HTTP/1.1" 200 8670 "https://cyberlab.pacific.edu/resources/malware-samples-for-students" "Mozilla/5.0 (X11; Linux x86_64) AppleWebKit/537.36 (KHTML, like Gecko) Chrome/84.0.4147.105 Safari/537.36"
2804:14d:32a3:3190::1000 - - [23/Sep/2020:17:42:18 +0000] "GET /user/plugins/gantry5/assets/js/main.js HTTP/1.1" 200 60610 "https://cyberlab.pacific.edu/resources/malware-samples-for-students" "Mozilla/5.0 (X11; Linux x86_64) AppleWebKit/537.36 (KHTML, like Gecko) Chrome/84.0.4147.105 Safari/537.36"
2804:14d:32a3:3190::1000 - - [23/Sep/2020:17:42:18 +0000] "GET /user/plugins/simplesearch/js/simplesearch.js HTTP/1.1" 200 1277 "https://cyberlab.pacific.edu/resources/malware-samples-for-students" "Mozilla/5.0 (X11; Linux x86_64) AppleWebKit/537.36 (KHTML, like Gecko) Chrome/84.0.4147.105 Safari/537.36"
2804:14d:32a3:3190::1000 - - [23/Sep/2020:17:42:19 +0000] "GET /user/themes/g5_helium/fonts/raleway/raleway-regular/raleway-regular-webfont.woff2?5f593174 HTTP/1.1" 200 25424 "https://cyberlab.pacific.edu/assets/f34339a9d26808defc965517fd93f714.css" "Mozilla/5.0 (X11; Linux x86_64) AppleWebKit/537.36 (KHTML, like Gecko) Chrome/84.0.4147.105 Safari/537.36"
2804:14d:32a3:3190::1000 - - [23/Sep/2020:17:42:19 +0000] "GET /user/themes/g5_helium/fonts/lato/lato-bold/lato-bold-webfont.woff2?5f593174 HTTP/1.1" 200 25608 "https://cyberlab.pacific.edu/assets/f34339a9d26808defc965517fd93f714.css" "Mozilla/5.0 (X11; Linux x86_64) AppleWebKit/537.36 (KHTML, like Gecko) Chrome/84.0.4147.105 Safari/537.36"
2804:14d:32a3:3190::1000 - - [23/Sep/2020:17:42:19 +0000] "GET /user/plugins/gantry5/assets/fonts/fontawesome-webfont.woff2?v=4.7.0 HTTP/1.1" 200 77160 "https://cyberlab.pacific.edu/assets/f34339a9d26808defc965517fd93f714.css" "Mozilla/5.0 (X11; Linux x86_64) AppleWebKit/537.36 (KHTML, like Gecko) Chrome/84.0.4147.105 Safari/537.36"
2804:14d:32a3:3190::1000 - - [23/Sep/2020:17:42:19 +0000] "GET /user/themes/g5_helium/fonts/raleway/raleway-bold/raleway-bold-webfont.woff2?5f593174 HTTP/1.1" 200 25368 "https://cyberlab.pacific.edu/assets/f34339a9d26808defc965517fd93f714.css" "Mozilla/5.0 (X11; Linux x86_64) AppleWebKit/537.36 (KHTML, like Gecko) Chrome/84.0.4147.105 Safari/537.36"
2804:14d:32a3:3190::1000 - - [23/Sep/2020:17:42:19 +0000] "GET /user/themes/g5_helium/fonts/lato/lato-black/lato-black-webfont.woff2?5f593174 HTTP/1.1" 200 24632 "https://cyberlab.pacific.edu/assets/f34339a9d26808defc965517fd93f714.css" "Mozilla/5.0 (X11; Linux x86_64) AppleWebKit/537.36 (KHTML, like Gecko) Chrome/84.0.4147.105 Safari/537.36"
2804:14d:32a3:3190::1000 - - [23/Sep/2020:17:42:19 +0000] "GET /user/themes/g5_helium/fonts/lato/lato-regular/lato-regular-webfont.woff2?5f593174 HTTP/1.1" 200 25040 "https://cyberlab.pacific.edu/assets/f34339a9d26808defc965517fd93f714.css" "Mozilla/5.0 (X11; Linux x86_64) AppleWebKit/537.36 (KHTML, like Gecko) Chrome/84.0.4147.105 Safari/537.36"
2804:14d:32a3:3190::1000 - - [23/Sep/2020:17:42:19 +0000] "GET /user/images/g5_helium/favicon.ico HTTP/1.1" 200 5430 "https://cyberlab.pacific.edu/resources/malware-samples-for-students" "Mozilla/5.0 (X11; Linux x86_64) AppleWebKit/537.36 (KHTML, like Gecko) Chrome/84.0.4147.105 Safari/537.36"
192.99.37.47 - - [23/Sep/2020:17:43:57 +0000] "HEAD / HTTP/1.1" 200 0 "-" "updown.io daemon 2.4"
2607:5300:60:4c2f::1 - - [23/Sep/2020:17:43:58 +0000] "HEAD / HTTP/1.1" 200 0 "-" "updown.io daemon 2.4"
186.247.249.126 - - [23/Sep/2020:17:44:14 +0000] "GET /wp-login.php HTTP/1.1" 301 194 "-" "Mozilla/5.0 (Windows NT 6.1; WOW64; rv:40.0) Gecko/20100101 Firefox/40.1"
2804:d49:4929:2400:ac96:ca88:45b5:fbe1 - - [23/Sep/2020:17:44:15 +0000] "GET /wp-login.php HTTP/1.1" 404 36 "-" "Mozilla/5.0 (Windows NT 6.1; WOW64; rv:40.0) Gecko/20100101 Firefox/40.1"
186.247.249.126 - - [23/Sep/2020:17:44:15 +0000] "GET / HTTP/1.1" 301 194 "-" "Mozilla/5.0 (Windows NT 6.1; WOW64; rv:40.0) Gecko/20100101 Firefox/40.1"
2804:d49:4929:2400:ac96:ca88:45b5:fbe1 - - [23/Sep/2020:17:44:15 +0000] "GET / HTTP/1.1" 200 44703 "-" "Mozilla/5.0 (Windows NT 6.1; WOW64; rv:40.0) Gecko/20100101 Firefox/40.1"
69.62.144.197 - - [23/Sep/2020:17:44:32 +0000] "GET /courses/comp175/labs/lab-5-web-server-2 HTTP/1.1" 200 15310 "https://pacific.quiz-lti-iad-prod.instructure.com/" "Mozilla/5.0 (Windows NT 10.0; Win64; x64; rv:80.0) Gecko/20100101 Firefox/80.0"
69.62.144.197 - - [23/Sep/2020:17:44:32 +0000] "GET /assets/f34339a9d26808defc965517fd93f714.css HTTP/1.1" 200 155416 "https://cyberlab.pacific.edu/courses/comp175/labs/lab-5-web-server-2" "Mozilla/5.0 (Windows NT 10.0; Win64; x64; rv:80.0) Gecko/20100101 Firefox/80.0"
69.62.144.197 - - [23/Sep/2020:17:44:32 +0000] "GET /system/assets/jquery/jquery-2.x.min.js HTTP/1.1" 200 85578 "https://cyberlab.pacific.edu/courses/comp175/labs/lab-5-web-server-2" "Mozilla/5.0 (Windows NT 10.0; Win64; x64; rv:80.0) Gecko/20100101 Firefox/80.0"
69.62.144.197 - - [23/Sep/2020:17:44:32 +0000] "GET /user/plugins/lightslider/js/lightslider.min.js HTTP/1.1" 200 16018 "https://cyberlab.pacific.edu/courses/comp175/labs/lab-5-web-server-2" "Mozilla/5.0 (Windows NT 10.0; Win64; x64; rv:80.0) Gecko/20100101 Firefox/80.0"
69.62.144.197 - - [23/Sep/2020:17:44:32 +0000] "GET /user/plugins/highlight/js/highlight.pack.js HTTP/1.1" 200 101421 "https://cyberlab.pacific.edu/courses/comp175/labs/lab-5-web-server-2" "Mozilla/5.0 (Windows NT 10.0; Win64; x64; rv:80.0) Gecko/20100101 Firefox/80.0"
69.62.144.197 - - [23/Sep/2020:17:44:32 +0000] "GET /user/plugins/featherlight/js/featherlight.min.js HTTP/1.1" 200 8670 "https://cyberlab.pacific.edu/courses/comp175/labs/lab-5-web-server-2" "Mozilla/5.0 (Windows NT 10.0; Win64; x64; rv:80.0) Gecko/20100101 Firefox/80.0"
69.62.144.197 - - [23/Sep/2020:17:44:32 +0000] "GET /user/plugins/gantry5/assets/js/main.js HTTP/1.1" 200 60610 "https://cyberlab.pacific.edu/courses/comp175/labs/lab-5-web-server-2" "Mozilla/5.0 (Windows NT 10.0; Win64; x64; rv:80.0) Gecko/20100101 Firefox/80.0"
69.62.144.197 - - [23/Sep/2020:17:44:32 +0000] "GET /user/plugins/simplesearch/js/simplesearch.js HTTP/1.1" 200 1277 "https://cyberlab.pacific.edu/courses/comp175/labs/lab-5-web-server-2" "Mozilla/5.0 (Windows NT 10.0; Win64; x64; rv:80.0) Gecko/20100101 Firefox/80.0"
69.62.144.197 - - [23/Sep/2020:17:44:32 +0000] "GET /images/e/f/c/f/a/efcfa508380e0673fb54e40b82a0daa8af4cbda0-lab-05-diagram.png HTTP/1.1" 200 144450 "https://cyberlab.pacific.edu/courses/comp175/labs/lab-5-web-server-2" "Mozilla/5.0 (Windows NT 10.0; Win64; x64; rv:80.0) Gecko/20100101 Firefox/80.0"
69.62.144.197 - - [23/Sep/2020:17:44:32 +0000] "GET /user/images/g5_helium/favicon.ico HTTP/1.1" 200 5430 "-" "Mozilla/5.0 (Windows NT 10.0; Win64; x64; rv:80.0) Gecko/20100101 Firefox/80.0"
69.62.144.197 - - [23/Sep/2020:17:44:32 +0000] "GET /user/themes/g5_helium/fonts/lato/lato-black/lato-black-webfont.woff2?5f593174 HTTP/1.1" 200 24632 "https://cyberlab.pacific.edu/assets/f34339a9d26808defc965517fd93f714.css" "Mozilla/5.0 (Windows NT 10.0; Win64; x64; rv:80.0) Gecko/20100101 Firefox/80.0"
69.62.144.197 - - [23/Sep/2020:17:44:32 +0000] "GET /user/themes/g5_helium/fonts/raleway/raleway-regular/raleway-regular-webfont.woff2?5f593174 HTTP/1.1" 200 25424 "https://cyberlab.pacific.edu/assets/f34339a9d26808defc965517fd93f714.css" "Mozilla/5.0 (Windows NT 10.0; Win64; x64; rv:80.0) Gecko/20100101 Firefox/80.0"
69.62.144.197 - - [23/Sep/2020:17:44:32 +0000] "GET /user/themes/g5_helium/fonts/lato/lato-bold/lato-bold-webfont.woff2?5f593174 HTTP/1.1" 200 25608 "https://cyberlab.pacific.edu/assets/f34339a9d26808defc965517fd93f714.css" "Mozilla/5.0 (Windows NT 10.0; Win64; x64; rv:80.0) Gecko/20100101 Firefox/80.0"
69.62.144.197 - - [23/Sep/2020:17:44:32 +0000] "GET /user/plugins/gantry5/assets/fonts/fontawesome-webfont.woff2?v=4.7.0 HTTP/1.1" 200 77160 "https://cyberlab.pacific.edu/assets/f34339a9d26808defc965517fd93f714.css" "Mozilla/5.0 (Windows NT 10.0; Win64; x64; rv:80.0) Gecko/20100101 Firefox/80.0"
