128.199.109.231 - - [22/Sep/2020:17:12:33 +0000] "GET /system_api.php HTTP/1.1" 400 682 "-" "Mozilla/5.0 (Windows NT 10.0; Win64; x64) AppleWebKit/537.36 (KHTML, like Gecko) Chrome/74.0.3729.169 Safari/537.36"
128.199.109.231 - - [22/Sep/2020:17:12:34 +0000] "GET /system_api.php HTTP/1.1" 404 56 "-" "Mozilla/5.0 (Windows NT 10.0; Win64; x64) AppleWebKit/537.36 (KHTML, like Gecko) Chrome/74.0.3729.169 Safari/537.36"
128.199.109.231 - - [22/Sep/2020:17:12:35 +0000] "GET /streaming/clients_live.php HTTP/1.1" 404 209 "-" "Mozilla/5.0 (Windows NT 10.0; Win64; x64) AppleWebKit/537.36 (KHTML, like Gecko) Chrome/74.0.3729.169 Safari/537.36"
128.199.109.231 - - [22/Sep/2020:17:12:35 +0000] "GET /streaming/clients_live.php HTTP/1.1" 400 682 "-" "Mozilla/5.0 (Windows NT 10.0; Win64; x64) AppleWebKit/537.36 (KHTML, like Gecko) Chrome/74.0.3729.169 Safari/537.36"
128.199.109.231 - - [22/Sep/2020:17:12:36 +0000] "GET /streaming/clients_live.php HTTP/1.1" 404 56 "-" "Mozilla/5.0 (Windows NT 10.0; Win64; x64) AppleWebKit/537.36 (KHTML, like Gecko) Chrome/74.0.3729.169 Safari/537.36"
128.199.109.231 - - [22/Sep/2020:17:12:37 +0000] "GET /stalker_portal/c/ HTTP/1.1" 404 209 "-" "Mozilla/5.0 (Windows NT 10.0; Win64; x64) AppleWebKit/537.36 (KHTML, like Gecko) Chrome/74.0.3729.169 Safari/537.36"
128.199.109.231 - - [22/Sep/2020:17:12:37 +0000] "GET /stalker_portal/c/ HTTP/1.1" 400 682 "-" "Mozilla/5.0 (Windows NT 10.0; Win64; x64) AppleWebKit/537.36 (KHTML, like Gecko) Chrome/74.0.3729.169 Safari/537.36"
128.199.109.231 - - [22/Sep/2020:17:12:38 +0000] "GET /stalker_portal/c/ HTTP/1.1" 301 31 "-" "Mozilla/5.0 (Windows NT 10.0; Win64; x64) AppleWebKit/537.36 (KHTML, like Gecko) Chrome/74.0.3729.169 Safari/537.36"
128.199.109.231 - - [22/Sep/2020:17:12:38 +0000] "GET /stalker_portal/c HTTP/1.1" 404 8694 "-" "Mozilla/5.0 (Windows NT 10.0; Win64; x64) AppleWebKit/537.36 (KHTML, like Gecko) Chrome/74.0.3729.169 Safari/537.36"
128.199.109.231 - - [22/Sep/2020:17:12:39 +0000] "GET /api.php HTTP/1.1" 404 209 "-" "Mozilla/5.0 (Windows NT 10.0; Win64; x64) AppleWebKit/537.36 (KHTML, like Gecko) Chrome/74.0.3729.169 Safari/537.36"
128.199.109.231 - - [22/Sep/2020:17:12:40 +0000] "GET /api.php HTTP/1.1" 400 682 "-" "Mozilla/5.0 (Windows NT 10.0; Win64; x64) AppleWebKit/537.36 (KHTML, like Gecko) Chrome/74.0.3729.169 Safari/537.36"
128.199.109.231 - - [22/Sep/2020:17:12:41 +0000] "GET /api.php HTTP/1.1" 404 56 "-" "Mozilla/5.0 (Windows NT 10.0; Win64; x64) AppleWebKit/537.36 (KHTML, like Gecko) Chrome/74.0.3729.169 Safari/537.36"
114.119.152.54 - - [22/Sep/2020:17:12:41 +0000] "GET /images/d/d/4/f/b/dd4fbd91ba44aef4f3a46d2f6eb5c2d6cb8dfbd5-networkstudentdesktops1x.png HTTP/1.1" 404 152 "-" "Mozilla/5.0 (Linux; Android 7.0;) AppleWebKit/537.36 (KHTML, like Gecko) Mobile Safari/537.36 (compatible; PetalBot;+https://aspiegel.com/petalbot)"
128.199.109.231 - - [22/Sep/2020:17:12:42 +0000] "GET /login.php HTTP/1.1" 404 209 "-" "Mozilla/5.0 (Windows NT 10.0; Win64; x64) AppleWebKit/537.36 (KHTML, like Gecko) Chrome/74.0.3729.169 Safari/537.36"
128.199.109.231 - - [22/Sep/2020:17:12:42 +0000] "GET /login.php HTTP/1.1" 400 682 "-" "Mozilla/5.0 (Windows NT 10.0; Win64; x64) AppleWebKit/537.36 (KHTML, like Gecko) Chrome/74.0.3729.169 Safari/537.36"
128.199.109.231 - - [22/Sep/2020:17:12:43 +0000] "GET /login.php HTTP/1.1" 404 56 "-" "Mozilla/5.0 (Windows NT 10.0; Win64; x64) AppleWebKit/537.36 (KHTML, like Gecko) Chrome/74.0.3729.169 Safari/537.36"
128.199.109.231 - - [22/Sep/2020:17:12:44 +0000] "GET /streaming HTTP/1.1" 404 209 "-" "Mozilla/5.0 (Windows NT 10.0; Win64; x64) AppleWebKit/537.36 (KHTML, like Gecko) Chrome/74.0.3729.169 Safari/537.36"
128.199.109.231 - - [22/Sep/2020:17:12:44 +0000] "GET /streaming/clients_live.php HTTP/1.1" 404 209 "-" "Mozilla/5.0 (Windows NT 10.0; Win64; x64) AppleWebKit/537.36 (KHTML, like Gecko) Chrome/74.0.3729.169 Safari/537.36"
128.199.109.231 - - [22/Sep/2020:17:12:45 +0000] "GET /streaming/VYeswSqNVP.php HTTP/1.1" 404 209 "-" "Mozilla/5.0 (Windows NT 10.0; Win64; x64) AppleWebKit/537.36 (KHTML, like Gecko) Chrome/74.0.3729.169 Safari/537.36"
128.199.109.231 - - [22/Sep/2020:17:12:45 +0000] "GET /streaming HTTP/1.1" 400 682 "-" "Mozilla/5.0 (Windows NT 10.0; Win64; x64) AppleWebKit/537.36 (KHTML, like Gecko) Chrome/74.0.3729.169 Safari/537.36"
128.199.109.231 - - [22/Sep/2020:17:12:46 +0000] "GET /streaming HTTP/1.1" 404 8701 "-" "Mozilla/5.0 (Windows NT 10.0; Win64; x64) AppleWebKit/537.36 (KHTML, like Gecko) Chrome/74.0.3729.169 Safari/537.36"
128.199.109.231 - - [22/Sep/2020:17:12:47 +0000] "GET /streaming/clients_live.php HTTP/1.1" 400 682 "-" "Mozilla/5.0 (Windows NT 10.0; Win64; x64) AppleWebKit/537.36 (KHTML, like Gecko) Chrome/74.0.3729.169 Safari/537.36"
128.199.109.231 - - [22/Sep/2020:17:12:48 +0000] "GET /streaming/clients_live.php HTTP/1.1" 404 56 "-" "Mozilla/5.0 (Windows NT 10.0; Win64; x64) AppleWebKit/537.36 (KHTML, like Gecko) Chrome/74.0.3729.169 Safari/537.36"
128.199.109.231 - - [22/Sep/2020:17:12:49 +0000] "GET /streaming/VYeswSqNVP.php HTTP/1.1" 400 682 "-" "Mozilla/5.0 (Windows NT 10.0; Win64; x64) AppleWebKit/537.36 (KHTML, like Gecko) Chrome/74.0.3729.169 Safari/537.36"
128.199.109.231 - - [22/Sep/2020:17:12:50 +0000] "GET /streaming/VYeswSqNVP.php HTTP/1.1" 404 56 "-" "Mozilla/5.0 (Windows NT 10.0; Win64; x64) AppleWebKit/537.36 (KHTML, like Gecko) Chrome/74.0.3729.169 Safari/537.36"
128.199.109.231 - - [22/Sep/2020:17:12:51 +0000] "GET / HTTP/1.1" 404 209 "-" "Mozilla/5.0 (Windows NT 10.0; Win64; x64) AppleWebKit/537.36 (KHTML, like Gecko) Chrome/74.0.3729.169 Safari/537.36"
128.199.109.231 - - [22/Sep/2020:17:12:51 +0000] "GET / HTTP/1.1" 400 682 "-" "Mozilla/5.0 (Windows NT 10.0; Win64; x64) AppleWebKit/537.36 (KHTML, like Gecko) Chrome/74.0.3729.169 Safari/537.36"
128.199.109.231 - - [22/Sep/2020:17:12:52 +0000] "GET / HTTP/1.1" 200 9878 "-" "Mozilla/5.0 (Windows NT 10.0; Win64; x64) AppleWebKit/537.36 (KHTML, like Gecko) Chrome/74.0.3729.169 Safari/537.36"
73.66.217.127 - - [22/Sep/2020:17:13:39 +0000] "GET /courses/comp177 HTTP/1.1" 200 8800 "-" "Mozilla/5.0 (Windows NT 10.0; Win64; x64) AppleWebKit/537.36 (KHTML, like Gecko) Chrome/85.0.4183.102 Safari/537.36"
73.66.217.127 - - [22/Sep/2020:17:13:40 +0000] "GET /user/images/g5_helium/favicon.ico HTTP/1.1" 200 5430 "https://cyberlab.pacific.edu/courses/comp177" "Mozilla/5.0 (Windows NT 10.0; Win64; x64) AppleWebKit/537.36 (KHTML, like Gecko) Chrome/85.0.4183.102 Safari/537.36"
73.66.217.127 - - [22/Sep/2020:17:13:49 +0000] "GET /courses/comp177/resources HTTP/1.1" 200 9104 "https://cyberlab.pacific.edu/courses/comp177" "Mozilla/5.0 (Windows NT 10.0; Win64; x64) AppleWebKit/537.36 (KHTML, like Gecko) Chrome/85.0.4183.102 Safari/537.36"
2001:19f0:5801:1d8::1 - - [22/Sep/2020:17:15:08 +0000] "HEAD / HTTP/1.1" 200 0 "-" "updown.io daemon 2.4"
45.63.29.207 - - [22/Sep/2020:17:15:08 +0000] "HEAD / HTTP/1.1" 200 0 "-" "updown.io daemon 2.4"
2600:1700:b810:b989:cf:a4c4:b973:94e7 - - [22/Sep/2020:17:16:13 +0000] "POST /admin/task:keepAlive HTTP/1.1" 200 31 "https://cyberlab.pacific.edu/admin/pages" "Mozilla/5.0 (Macintosh; Intel Mac OS X 10_14_6) AppleWebKit/537.36 (KHTML, like Gecko) Chrome/85.0.4183.102 Safari/537.36"
2600:1700:b810:b989:cf:a4c4:b973:94e7 - - [22/Sep/2020:17:19:34 +0000] "POST /admin/task:keepAlive HTTP/1.1" 200 31 "https://cyberlab.pacific.edu/admin/pages/courses/comp177/resources" "Mozilla/5.0 (Macintosh; Intel Mac OS X 10_14_6) AppleWebKit/537.36 (KHTML, like Gecko) Chrome/85.0.4183.102 Safari/537.36"
2001:19f0:9002:11a::1 - - [22/Sep/2020:17:20:06 +0000] "HEAD / HTTP/1.1" 200 0 "-" "updown.io daemon 2.4"
104.238.136.194 - - [22/Sep/2020:17:20:06 +0000] "HEAD / HTTP/1.1" 200 0 "-" "updown.io daemon 2.4"
66.249.68.28 - - [22/Sep/2020:17:21:57 +0000] "GET / HTTP/1.1" 200 9874 "-" "Mozilla/5.0 (compatible; Googlebot/2.1; +http://www.google.com/bot.html)"
66.249.68.30 - - [22/Sep/2020:17:22:17 +0000] "GET /courses/comp293a/resources/10-anti-re.pdf HTTP/1.1" 304 0 "-" "Mozilla/5.0 (Linux; Android 6.0.1; Nexus 5X Build/MMB29P) AppleWebKit/537.36 (KHTML, like Gecko) Chrome/85.0.4183.118 Mobile Safari/537.36 (compatible; Googlebot/2.1; +http://www.google.com/bot.html)"
66.249.68.28 - - [22/Sep/2020:17:24:41 +0000] "GET /favicon.ico HTTP/1.1" 404 8699 "-" "Googlebot-Image/1.0"
192.99.37.47 - - [22/Sep/2020:17:25:04 +0000] "HEAD / HTTP/1.1" 200 0 "-" "updown.io daemon 2.4"
2607:5300:60:4c2f::1 - - [22/Sep/2020:17:25:04 +0000] "HEAD / HTTP/1.1" 200 0 "-" "updown.io daemon 2.4"
66.249.68.30 - - [22/Sep/2020:17:26:04 +0000] "GET /resources/reverse-engineering-cheat-sheets HTTP/1.1" 200 9037 "-" "Mozilla/5.0 (compatible; Googlebot/2.1; +http://www.google.com/bot.html)"
66.249.68.27 - - [22/Sep/2020:17:27:27 +0000] "GET / HTTP/1.1" 301 194 "-" "Mozilla/5.0 (Linux; Android 6.0.1; Nexus 5X Build/MMB29P) AppleWebKit/537.36 (KHTML, like Gecko) Chrome/85.0.4183.118 Mobile Safari/537.36 (compatible; Googlebot/2.1; +http://www.google.com/bot.html)"
66.249.68.28 - - [22/Sep/2020:17:27:28 +0000] "GET / HTTP/1.1" 200 9874 "-" "Mozilla/5.0 (Linux; Android 6.0.1; Nexus 5X Build/MMB29P) AppleWebKit/537.36 (KHTML, like Gecko) Chrome/85.0.4183.118 Mobile Safari/537.36 (compatible; Googlebot/2.1; +http://www.google.com/bot.html)"
45.76.104.117 - - [22/Sep/2020:17:30:04 +0000] "HEAD / HTTP/1.1" 200 0 "-" "updown.io daemon 2.4"
2001:19f0:7001:45a::1 - - [22/Sep/2020:17:30:04 +0000] "HEAD / HTTP/1.1" 200 0 "-" "updown.io daemon 2.4"
66.249.68.28 - - [22/Sep/2020:17:31:13 +0000] "GET /resources/lab-network-monitoring HTTP/1.1" 200 12017 "-" "Mozilla/5.0 (Linux; Android 6.0.1; Nexus 5X Build/MMB29P) AppleWebKit/537.36 (KHTML, like Gecko) Chrome/85.0.4183.115 Mobile Safari/537.36 (compatible; Googlebot/2.1; +http://www.google.com/bot.html)"
104.238.159.87 - - [22/Sep/2020:17:35:01 +0000] "HEAD / HTTP/1.1" 200 0 "-" "updown.io daemon 2.4"
2001:19f0:6c01:145::1 - - [22/Sep/2020:17:35:01 +0000] "HEAD / HTTP/1.1" 200 0 "-" "updown.io daemon 2.4"
2600:1700:b810:b989:cf:a4c4:b973:94e7 - - [22/Sep/2020:17:36:14 +0000] "POST /admin/task:keepAlive HTTP/1.1" 200 31 "https://cyberlab.pacific.edu/admin/pages" "Mozilla/5.0 (Macintosh; Intel Mac OS X 10_14_6) AppleWebKit/537.36 (KHTML, like Gecko) Chrome/85.0.4183.102 Safari/537.36"
2600:1700:b810:b989:cf:a4c4:b973:94e7 - - [22/Sep/2020:17:39:34 +0000] "POST /admin/task:keepAlive HTTP/1.1" 200 31 "https://cyberlab.pacific.edu/admin/pages/courses/comp177/resources" "Mozilla/5.0 (Macintosh; Intel Mac OS X 10_14_6) AppleWebKit/537.36 (KHTML, like Gecko) Chrome/85.0.4183.102 Safari/537.36"
2001:19f0:4400:402e::1 - - [22/Sep/2020:17:40:00 +0000] "HEAD / HTTP/1.1" 200 0 "-" "updown.io daemon 2.4"
45.32.107.181 - - [22/Sep/2020:17:40:00 +0000] "HEAD / HTTP/1.1" 200 0 "-" "updown.io daemon 2.4"
102.23.160.4 - - [22/Sep/2020:17:40:17 +0000] "GET /resources/malware-samples-for-students HTTP/1.1" 200 10202 "-" "Mozilla/5.0 (Windows NT 10.0) AppleWebKit/537.36 (KHTML, like Gecko) Chrome/85.0.4183.102 Safari/537.36"
192.99.37.47 - - [22/Sep/2020:17:44:59 +0000] "HEAD / HTTP/1.1" 200 0 "-" "updown.io daemon 2.4"
2607:5300:60:4c2f::1 - - [22/Sep/2020:17:44:59 +0000] "HEAD / HTTP/1.1" 200 0 "-" "updown.io daemon 2.4"
68.233.148.42 - - [22/Sep/2020:17:47:54 +0000] "GET /resources/lab-network-hardware-console HTTP/1.1" 200 10002 "-" "Mozilla/5.0 (Windows NT 10.0; Win64; x64) AppleWebKit/537.36 (KHTML, like Gecko) Chrome/85.0.4183.102 Safari/537.36"
68.233.148.42 - - [22/Sep/2020:17:49:19 +0000] "GET /resources/lab-network-hardware-console HTTP/1.1" 200 9995 "-" "Mozilla/5.0 (Windows NT 10.0; Win64; x64) AppleWebKit/537.36 (KHTML, like Gecko) Chrome/85.0.4183.102 Safari/537.36"
68.233.148.42 - - [22/Sep/2020:17:49:47 +0000] "GET /resources/lab-network-hardware-console HTTP/1.1" 200 10002 "-" "Mozilla/5.0 (Windows NT 10.0; Win64; x64) AppleWebKit/537.36 (KHTML, like Gecko) Chrome/85.0.4183.102 Safari/537.36"
2001:19f0:6c01:145::1 - - [22/Sep/2020:17:49:59 +0000] "HEAD / HTTP/1.1" 200 0 "-" "updown.io daemon 2.4"
104.238.159.87 - - [22/Sep/2020:17:49:59 +0000] "HEAD / HTTP/1.1" 200 0 "-" "updown.io daemon 2.4"
66.249.68.28 - - [22/Sep/2020:17:50:23 +0000] "GET /courses/cybr230/syllabus HTTP/1.1" 200 12646 "-" "Mozilla/5.0 (compatible; Googlebot/2.1; +http://www.google.com/bot.html)"
40.88.21.235 - - [22/Sep/2020:17:54:52 +0000] "GET / HTTP/1.1" 301 194 "http://cyberlab.pacific.edu/" "Mozilla/5.0 (compatible; DuckDuckGo-Favicons-Bot/1.0; +http://duckduckgo.com)"
40.88.21.235 - - [22/Sep/2020:17:54:52 +0000] "GET / HTTP/1.1" 200 9874 "https://cyberlab.pacific.edu/" "Mozilla/5.0 (compatible; DuckDuckGo-Favicons-Bot/1.0; +http://duckduckgo.com)"
40.88.21.235 - - [22/Sep/2020:17:54:52 +0000] "GET /user/images/g5_helium/favicon.ico HTTP/1.1" 200 5430 "https://cyberlab.pacific.edu/user/images/g5_helium/favicon.ico" "Mozilla/5.0 (compatible; DuckDuckGo-Favicons-Bot/1.0; +http://duckduckgo.com)"
104.238.136.194 - - [22/Sep/2020:17:54:56 +0000] "HEAD / HTTP/1.1" 200 0 "-" "updown.io daemon 2.4"
2001:19f0:9002:11a::1 - - [22/Sep/2020:17:54:56 +0000] "HEAD / HTTP/1.1" 200 0 "-" "updown.io daemon 2.4"
2600:1700:b810:b989:cf:a4c4:b973:94e7 - - [22/Sep/2020:17:56:14 +0000] "POST /admin/task:keepAlive HTTP/1.1" 200 31 "https://cyberlab.pacific.edu/admin/pages" "Mozilla/5.0 (Macintosh; Intel Mac OS X 10_14_6) AppleWebKit/537.36 (KHTML, like Gecko) Chrome/85.0.4183.102 Safari/537.36"
189.217.18.143 - - [22/Sep/2020:17:56:55 +0000] "GET /resources/malware-samples-for-students HTTP/1.1" 200 10209 "https://www.google.com/" "Mozilla/5.0 (X11; Linux x86_64) AppleWebKit/537.36 (KHTML, like Gecko) Chrome/85.0.4183.102 Safari/537.36"
189.217.18.143 - - [22/Sep/2020:17:56:56 +0000] "GET /user/plugins/lightslider/js/lightslider.min.js HTTP/1.1" 200 16018 "https://cyberlab.pacific.edu/resources/malware-samples-for-students" "Mozilla/5.0 (X11; Linux x86_64) AppleWebKit/537.36 (KHTML, like Gecko) Chrome/85.0.4183.102 Safari/537.36"
189.217.18.143 - - [22/Sep/2020:17:56:56 +0000] "GET /assets/f34339a9d26808defc965517fd93f714.css HTTP/1.1" 200 155416 "https://cyberlab.pacific.edu/resources/malware-samples-for-students" "Mozilla/5.0 (X11; Linux x86_64) AppleWebKit/537.36 (KHTML, like Gecko) Chrome/85.0.4183.102 Safari/537.36"
189.217.18.143 - - [22/Sep/2020:17:56:56 +0000] "GET /system/assets/jquery/jquery-2.x.min.js HTTP/1.1" 200 85578 "https://cyberlab.pacific.edu/resources/malware-samples-for-students" "Mozilla/5.0 (X11; Linux x86_64) AppleWebKit/537.36 (KHTML, like Gecko) Chrome/85.0.4183.102 Safari/537.36"
189.217.18.143 - - [22/Sep/2020:17:56:56 +0000] "GET /user/plugins/gantry5/assets/js/main.js HTTP/1.1" 200 60610 "https://cyberlab.pacific.edu/resources/malware-samples-for-students" "Mozilla/5.0 (X11; Linux x86_64) AppleWebKit/537.36 (KHTML, like Gecko) Chrome/85.0.4183.102 Safari/537.36"
189.217.18.143 - - [22/Sep/2020:17:56:56 +0000] "GET /user/plugins/featherlight/js/featherlight.min.js HTTP/1.1" 200 8670 "https://cyberlab.pacific.edu/resources/malware-samples-for-students" "Mozilla/5.0 (X11; Linux x86_64) AppleWebKit/537.36 (KHTML, like Gecko) Chrome/85.0.4183.102 Safari/537.36"
189.217.18.143 - - [22/Sep/2020:17:56:56 +0000] "GET /user/plugins/simplesearch/js/simplesearch.js HTTP/1.1" 200 1277 "https://cyberlab.pacific.edu/resources/malware-samples-for-students" "Mozilla/5.0 (X11; Linux x86_64) AppleWebKit/537.36 (KHTML, like Gecko) Chrome/85.0.4183.102 Safari/537.36"
189.217.18.143 - - [22/Sep/2020:17:56:56 +0000] "GET /user/plugins/highlight/js/highlight.pack.js HTTP/1.1" 200 101421 "https://cyberlab.pacific.edu/resources/malware-samples-for-students" "Mozilla/5.0 (X11; Linux x86_64) AppleWebKit/537.36 (KHTML, like Gecko) Chrome/85.0.4183.102 Safari/537.36"
189.217.18.143 - - [22/Sep/2020:17:56:57 +0000] "GET /user/themes/g5_helium/fonts/raleway/raleway-regular/raleway-regular-webfont.woff2?5f593174 HTTP/1.1" 200 25424 "https://cyberlab.pacific.edu/assets/f34339a9d26808defc965517fd93f714.css" "Mozilla/5.0 (X11; Linux x86_64) AppleWebKit/537.36 (KHTML, like Gecko) Chrome/85.0.4183.102 Safari/537.36"
189.217.18.143 - - [22/Sep/2020:17:56:57 +0000] "GET /user/themes/g5_helium/fonts/lato/lato-bold/lato-bold-webfont.woff2?5f593174 HTTP/1.1" 200 25608 "https://cyberlab.pacific.edu/assets/f34339a9d26808defc965517fd93f714.css" "Mozilla/5.0 (X11; Linux x86_64) AppleWebKit/537.36 (KHTML, like Gecko) Chrome/85.0.4183.102 Safari/537.36"
189.217.18.143 - - [22/Sep/2020:17:56:57 +0000] "GET /user/plugins/gantry5/assets/fonts/fontawesome-webfont.woff2?v=4.7.0 HTTP/1.1" 200 77160 "https://cyberlab.pacific.edu/assets/f34339a9d26808defc965517fd93f714.css" "Mozilla/5.0 (X11; Linux x86_64) AppleWebKit/537.36 (KHTML, like Gecko) Chrome/85.0.4183.102 Safari/537.36"
189.217.18.143 - - [22/Sep/2020:17:56:57 +0000] "GET /user/themes/g5_helium/fonts/raleway/raleway-bold/raleway-bold-webfont.woff2?5f593174 HTTP/1.1" 200 25368 "https://cyberlab.pacific.edu/assets/f34339a9d26808defc965517fd93f714.css" "Mozilla/5.0 (X11; Linux x86_64) AppleWebKit/537.36 (KHTML, like Gecko) Chrome/85.0.4183.102 Safari/537.36"
189.217.18.143 - - [22/Sep/2020:17:56:57 +0000] "GET /user/themes/g5_helium/fonts/lato/lato-regular/lato-regular-webfont.woff2?5f593174 HTTP/1.1" 200 25040 "https://cyberlab.pacific.edu/assets/f34339a9d26808defc965517fd93f714.css" "Mozilla/5.0 (X11; Linux x86_64) AppleWebKit/537.36 (KHTML, like Gecko) Chrome/85.0.4183.102 Safari/537.36"
189.217.18.143 - - [22/Sep/2020:17:56:57 +0000] "GET /user/themes/g5_helium/fonts/lato/lato-black/lato-black-webfont.woff2?5f593174 HTTP/1.1" 200 24632 "https://cyberlab.pacific.edu/assets/f34339a9d26808defc965517fd93f714.css" "Mozilla/5.0 (X11; Linux x86_64) AppleWebKit/537.36 (KHTML, like Gecko) Chrome/85.0.4183.102 Safari/537.36"
189.217.18.143 - - [22/Sep/2020:17:56:57 +0000] "GET /user/images/g5_helium/favicon.ico HTTP/1.1" 200 5430 "https://cyberlab.pacific.edu/resources/malware-samples-for-students" "Mozilla/5.0 (X11; Linux x86_64) AppleWebKit/537.36 (KHTML, like Gecko) Chrome/85.0.4183.102 Safari/537.36"
66.249.68.28 - - [22/Sep/2020:17:56:57 +0000] "GET /user/pages/04.resources/lab-network-hardware/rb3011-diagram.png HTTP/1.1" 200 62709 "-" "Googlebot-Image/1.0"
185.191.171.25 - - [22/Sep/2020:17:58:51 +0000] "GET /robots.txt HTTP/1.1" 200 197 "-" "Mozilla/5.0 (compatible; SemrushBot/6~bl; +http://www.semrush.com/bot.html)"
185.191.171.2 - - [22/Sep/2020:17:58:52 +0000] "GET /courses/cybr200/labs/lab-cryptography-nacl/part2.ciphertext.bin HTTP/1.1" 200 559 "-" "Mozilla/5.0 (compatible; SemrushBot/6~bl; +http://www.semrush.com/bot.html)"
2401:4900:180e:437d:90ba:7b72:429f:b96 - - [22/Sep/2020:17:58:59 +0000] "GET /favicon.ico HTTP/1.1" 499 0 "-" "Mozilla/5.0 (Windows NT 10.0; Win64; x64; rv:80.0) Gecko/20100101 Firefox/80.0"
2600:1700:b810:b989:cf:a4c4:b973:94e7 - - [22/Sep/2020:17:59:33 +0000] "POST /admin/task:keepAlive HTTP/1.1" 200 31 "https://cyberlab.pacific.edu/admin/pages/courses/comp177/resources" "Mozilla/5.0 (Macintosh; Intel Mac OS X 10_14_6) AppleWebKit/537.36 (KHTML, like Gecko) Chrome/85.0.4183.102 Safari/537.36"
66.249.68.3 - - [22/Sep/2020:17:59:37 +0000] "GET /courses/cybr200 HTTP/1.1" 200 8772 "-" "Mozilla/5.0 (Linux; Android 6.0.1; Nexus 5X Build/MMB29P) AppleWebKit/537.36 (KHTML, like Gecko) Chrome/85.0.4183.118 Mobile Safari/537.36 (compatible; Googlebot/2.1; +http://www.google.com/bot.html)"
2001:19f0:5801:1d8::1 - - [22/Sep/2020:17:59:54 +0000] "HEAD / HTTP/1.1" 200 0 "-" "updown.io daemon 2.4"
45.63.29.207 - - [22/Sep/2020:17:59:54 +0000] "HEAD / HTTP/1.1" 200 0 "-" "updown.io daemon 2.4"
2601:205:4200:9f10:18e6:f9d9:e50b:6633 - - [22/Sep/2020:18:01:34 +0000] "GET /courses/comp177 HTTP/1.1" 200 8793 "-" "Mozilla/5.0 (Windows NT 10.0; Win64; x64) AppleWebKit/537.36 (KHTML, like Gecko) Chrome/85.0.4183.102 Safari/537.36"
2601:205:4200:9f10:18e6:f9d9:e50b:6633 - - [22/Sep/2020:18:01:34 +0000] "GET /system/assets/jquery/jquery-2.x.min.js HTTP/1.1" 200 85578 "https://cyberlab.pacific.edu/courses/comp177" "Mozilla/5.0 (Windows NT 10.0; Win64; x64) AppleWebKit/537.36 (KHTML, like Gecko) Chrome/85.0.4183.102 Safari/537.36"
2601:205:4200:9f10:18e6:f9d9:e50b:6633 - - [22/Sep/2020:18:01:34 +0000] "GET /assets/f34339a9d26808defc965517fd93f714.css HTTP/1.1" 200 155416 "https://cyberlab.pacific.edu/courses/comp177" "Mozilla/5.0 (Windows NT 10.0; Win64; x64) AppleWebKit/537.36 (KHTML, like Gecko) Chrome/85.0.4183.102 Safari/537.36"
2601:205:4200:9f10:18e6:f9d9:e50b:6633 - - [22/Sep/2020:18:01:34 +0000] "GET /user/plugins/lightslider/js/lightslider.min.js HTTP/1.1" 200 16018 "https://cyberlab.pacific.edu/courses/comp177" "Mozilla/5.0 (Windows NT 10.0; Win64; x64) AppleWebKit/537.36 (KHTML, like Gecko) Chrome/85.0.4183.102 Safari/537.36"
2601:205:4200:9f10:18e6:f9d9:e50b:6633 - - [22/Sep/2020:18:01:34 +0000] "GET /user/plugins/featherlight/js/featherlight.min.js HTTP/1.1" 200 8670 "https://cyberlab.pacific.edu/courses/comp177" "Mozilla/5.0 (Windows NT 10.0; Win64; x64) AppleWebKit/537.36 (KHTML, like Gecko) Chrome/85.0.4183.102 Safari/537.36"
2601:205:4200:9f10:18e6:f9d9:e50b:6633 - - [22/Sep/2020:18:01:34 +0000] "GET /user/plugins/highlight/js/highlight.pack.js HTTP/1.1" 200 101421 "https://cyberlab.pacific.edu/courses/comp177" "Mozilla/5.0 (Windows NT 10.0; Win64; x64) AppleWebKit/537.36 (KHTML, like Gecko) Chrome/85.0.4183.102 Safari/537.36"
2601:205:4200:9f10:18e6:f9d9:e50b:6633 - - [22/Sep/2020:18:01:34 +0000] "GET /user/plugins/gantry5/assets/js/main.js HTTP/1.1" 200 60610 "https://cyberlab.pacific.edu/courses/comp177" "Mozilla/5.0 (Windows NT 10.0; Win64; x64) AppleWebKit/537.36 (KHTML, like Gecko) Chrome/85.0.4183.102 Safari/537.36"
2601:205:4200:9f10:18e6:f9d9:e50b:6633 - - [22/Sep/2020:18:01:34 +0000] "GET /user/plugins/simplesearch/js/simplesearch.js HTTP/1.1" 200 1277 "https://cyberlab.pacific.edu/courses/comp177" "Mozilla/5.0 (Windows NT 10.0; Win64; x64) AppleWebKit/537.36 (KHTML, like Gecko) Chrome/85.0.4183.102 Safari/537.36"
2601:205:4200:9f10:18e6:f9d9:e50b:6633 - - [22/Sep/2020:18:01:34 +0000] "GET /images/9/4/8/3/5/948357fa7f159c6d9b0f5a76c4aadd82323ba4d8-shutterstock463797389-cropped2x.jpeg HTTP/1.1" 200 349120 "https://cyberlab.pacific.edu/courses/comp177" "Mozilla/5.0 (Windows NT 10.0; Win64; x64) AppleWebKit/537.36 (KHTML, like Gecko) Chrome/85.0.4183.102 Safari/537.36"
2601:205:4200:9f10:18e6:f9d9:e50b:6633 - - [22/Sep/2020:18:01:34 +0000] "GET /user/themes/g5_helium/fonts/lato/lato-bold/lato-bold-webfont.woff2?5f593174 HTTP/1.1" 200 25608 "https://cyberlab.pacific.edu/assets/f34339a9d26808defc965517fd93f714.css" "Mozilla/5.0 (Windows NT 10.0; Win64; x64) AppleWebKit/537.36 (KHTML, like Gecko) Chrome/85.0.4183.102 Safari/537.36"
2601:205:4200:9f10:18e6:f9d9:e50b:6633 - - [22/Sep/2020:18:01:34 +0000] "GET /user/themes/g5_helium/fonts/raleway/raleway-bold/raleway-bold-webfont.woff2?5f593174 HTTP/1.1" 200 25368 "https://cyberlab.pacific.edu/assets/f34339a9d26808defc965517fd93f714.css" "Mozilla/5.0 (Windows NT 10.0; Win64; x64) AppleWebKit/537.36 (KHTML, like Gecko) Chrome/85.0.4183.102 Safari/537.36"
2601:205:4200:9f10:18e6:f9d9:e50b:6633 - - [22/Sep/2020:18:01:34 +0000] "GET /user/plugins/gantry5/assets/fonts/fontawesome-webfont.woff2?v=4.7.0 HTTP/1.1" 200 77160 "https://cyberlab.pacific.edu/assets/f34339a9d26808defc965517fd93f714.css" "Mozilla/5.0 (Windows NT 10.0; Win64; x64) AppleWebKit/537.36 (KHTML, like Gecko) Chrome/85.0.4183.102 Safari/537.36"
2601:205:4200:9f10:18e6:f9d9:e50b:6633 - - [22/Sep/2020:18:01:34 +0000] "GET /user/themes/g5_helium/fonts/raleway/raleway-regular/raleway-regular-webfont.woff2?5f593174 HTTP/1.1" 200 25424 "https://cyberlab.pacific.edu/assets/f34339a9d26808defc965517fd93f714.css" "Mozilla/5.0 (Windows NT 10.0; Win64; x64) AppleWebKit/537.36 (KHTML, like Gecko) Chrome/85.0.4183.102 Safari/537.36"
2601:205:4200:9f10:18e6:f9d9:e50b:6633 - - [22/Sep/2020:18:01:34 +0000] "GET /user/themes/g5_helium/fonts/lato/lato-black/lato-black-webfont.woff2?5f593174 HTTP/1.1" 200 24632 "https://cyberlab.pacific.edu/assets/f34339a9d26808defc965517fd93f714.css" "Mozilla/5.0 (Windows NT 10.0; Win64; x64) AppleWebKit/537.36 (KHTML, like Gecko) Chrome/85.0.4183.102 Safari/537.36"
2601:205:4200:9f10:18e6:f9d9:e50b:6633 - - [22/Sep/2020:18:01:37 +0000] "GET /courses/comp177/labs HTTP/1.1" 200 9229 "https://cyberlab.pacific.edu/courses/comp177" "Mozilla/5.0 (Windows NT 10.0; Win64; x64) AppleWebKit/537.36 (KHTML, like Gecko) Chrome/85.0.4183.102 Safari/537.36"
2601:205:4200:9f10:18e6:f9d9:e50b:6633 - - [22/Sep/2020:18:01:41 +0000] "GET /courses/comp177/labs/lab-5-custom-subnets HTTP/1.1" 200 11127 "https://cyberlab.pacific.edu/courses/comp177/labs" "Mozilla/5.0 (Windows NT 10.0; Win64; x64) AppleWebKit/537.36 (KHTML, like Gecko) Chrome/85.0.4183.102 Safari/537.36"
2601:205:4200:9f10:18e6:f9d9:e50b:6633 - - [22/Sep/2020:18:01:41 +0000] "GET /images/9/4/5/a/3/945a3442757e4a644b42b467d03cbb3ff61cdd6a-network-05.png HTTP/1.1" 200 228785 "https://cyberlab.pacific.edu/courses/comp177/labs/lab-5-custom-subnets" "Mozilla/5.0 (Windows NT 10.0; Win64; x64) AppleWebKit/537.36 (KHTML, like Gecko) Chrome/85.0.4183.102 Safari/537.36"
2601:205:4200:9f10:18e6:f9d9:e50b:6633 - - [22/Sep/2020:18:01:41 +0000] "GET /user/themes/g5_helium/fonts/lato/lato-regular/lato-regular-webfont.woff2?5f593174 HTTP/1.1" 200 25040 "https://cyberlab.pacific.edu/assets/f34339a9d26808defc965517fd93f714.css" "Mozilla/5.0 (Windows NT 10.0; Win64; x64) AppleWebKit/537.36 (KHTML, like Gecko) Chrome/85.0.4183.102 Safari/537.36"
66.249.68.30 - - [22/Sep/2020:18:03:31 +0000] "GET /resources/lab-network-design HTTP/1.1" 200 10875 "-" "Mozilla/5.0 (compatible; Googlebot/2.1; +http://www.google.com/bot.html)"
192.99.37.47 - - [22/Sep/2020:18:04:51 +0000] "HEAD / HTTP/1.1" 200 0 "-" "updown.io daemon 2.4"
2607:5300:60:4c2f::1 - - [22/Sep/2020:18:04:51 +0000] "HEAD / HTTP/1.1" 200 0 "-" "updown.io daemon 2.4"
66.249.68.28 - - [22/Sep/2020:18:06:18 +0000] "GET /resources/reverse-engineering-malware-toolkits HTTP/1.1" 200 11071 "-" "Mozilla/5.0 (Linux; Android 6.0.1; Nexus 5X Build/MMB29P) AppleWebKit/537.36 (KHTML, like Gecko) Chrome/85.0.4183.118 Mobile Safari/537.36 (compatible; Googlebot/2.1; +http://www.google.com/bot.html)"
45.76.104.117 - - [22/Sep/2020:18:09:50 +0000] "HEAD / HTTP/1.1" 200 0 "-" "updown.io daemon 2.4"
2001:19f0:7001:45a::1 - - [22/Sep/2020:18:09:50 +0000] "HEAD / HTTP/1.1" 200 0 "-" "updown.io daemon 2.4"
66.249.68.28 - - [22/Sep/2020:18:09:53 +0000] "GET /resources/lab-network-monitoring HTTP/1.1" 200 12017 "-" "Mozilla/5.0 (Linux; Android 6.0.1; Nexus 5X Build/MMB29P) AppleWebKit/537.36 (KHTML, like Gecko) Chrome/85.0.4183.118 Mobile Safari/537.36 (compatible; Googlebot/2.1; +http://www.google.com/bot.html)"
2601:205:4000:1fe0:f189:870a:a4b8:1176 - - [22/Sep/2020:18:10:02 +0000] "GET /courses/comp175 HTTP/1.1" 200 8804 "-" "Mozilla/5.0 (Windows NT 10.0; Win64; x64) AppleWebKit/537.36 (KHTML, like Gecko) Chrome/85.0.4183.83 Safari/537.36 OPR/71.0.3770.138"
2601:205:4000:1fe0:f189:870a:a4b8:1176 - - [22/Sep/2020:18:10:04 +0000] "GET /courses/comp175/projects HTTP/1.1" 200 8871 "https://cyberlab.pacific.edu/courses/comp175" "Mozilla/5.0 (Windows NT 10.0; Win64; x64) AppleWebKit/537.36 (KHTML, like Gecko) Chrome/85.0.4183.83 Safari/537.36 OPR/71.0.3770.138"
2601:205:4000:1fe0:f189:870a:a4b8:1176 - - [22/Sep/2020:18:10:04 +0000] "GET /user/themes/g5_helium/fonts/lato/lato-regular/lato-regular-webfont.woff2?5f593174 HTTP/1.1" 200 25040 "https://cyberlab.pacific.edu/assets/f34339a9d26808defc965517fd93f714.css" "Mozilla/5.0 (Windows NT 10.0; Win64; x64) AppleWebKit/537.36 (KHTML, like Gecko) Chrome/85.0.4183.83 Safari/537.36 OPR/71.0.3770.138"
2601:205:4000:1fe0:f189:870a:a4b8:1176 - - [22/Sep/2020:18:10:14 +0000] "GET /courses/comp175/projects/project-1 HTTP/1.1" 200 10689 "https://cyberlab.pacific.edu/courses/comp175/projects" "Mozilla/5.0 (Windows NT 10.0; Win64; x64) AppleWebKit/537.36 (KHTML, like Gecko) Chrome/85.0.4183.83 Safari/537.36 OPR/71.0.3770.138"
66.249.68.3 - - [22/Sep/2020:18:10:21 +0000] "GET /resources/lab-network-hardware HTTP/1.1" 200 10594 "-" "Mozilla/5.0 (compatible; Googlebot/2.1; +http://www.google.com/bot.html)"
199.117.168.1 - - [22/Sep/2020:18:11:36 +0000] "GET /courses/comp178/resources/11-network-security-devices.pdf HTTP/1.1" 200 5129650 "https://www.google.com/" "Mozilla/5.0 (Windows NT 10.0; Win64; x64) AppleWebKit/537.36 (KHTML, like Gecko) Chrome/85.0.4183.102 Safari/537.36"
199.117.168.1 - - [22/Sep/2020:18:11:36 +0000] "GET /favicon.ico HTTP/1.1" 404 8692 "https://cyberlab.pacific.edu/courses/comp178/resources/11-network-security-devices.pdf" "Mozilla/5.0 (Windows NT 10.0; Win64; x64) AppleWebKit/537.36 (KHTML, like Gecko) Chrome/85.0.4183.102 Safari/537.36"
66.249.68.3 - - [22/Sep/2020:18:12:59 +0000] "GET /courses/comp178/projects/presentation-1 HTTP/1.1" 200 11595 "-" "Mozilla/5.0 (Linux; Android 6.0.1; Nexus 5X Build/MMB29P) AppleWebKit/537.36 (KHTML, like Gecko) Chrome/85.0.4183.118 Mobile Safari/537.36 (compatible; Googlebot/2.1; +http://www.google.com/bot.html)"
2401:4900:180e:437d:90ba:7b72:429f:b96 - - [22/Sep/2020:18:13:44 +0000] "GET /courses/comp175 HTTP/1.1" 200 8804 "https://cyberlab.pacific.edu/courses/comp175/labs" "Mozilla/5.0 (Windows NT 10.0; Win64; x64; rv:80.0) Gecko/20100101 Firefox/80.0"
2401:4900:180e:437d:90ba:7b72:429f:b96 - - [22/Sep/2020:18:13:46 +0000] "GET /images/c/6/d/e/5/c6de5617785ad88c03335641b361188f5dc906be-shutterstock1384804721-cropped2x.png HTTP/1.1" 200 179876 "https://cyberlab.pacific.edu/courses/comp175" "Mozilla/5.0 (Windows NT 10.0; Win64; x64; rv:80.0) Gecko/20100101 Firefox/80.0"
171.77.145.243 - - [22/Sep/2020:18:13:46 +0000] "GET /courses/comp175/projects HTTP/1.1" 200 8871 "https://cyberlab.pacific.edu/courses/comp175" "Mozilla/5.0 (Windows NT 10.0; Win64; x64; rv:80.0) Gecko/20100101 Firefox/80.0"
2001:41d0:2:85af::1 - - [22/Sep/2020:18:14:48 +0000] "HEAD / HTTP/1.1" 200 0 "-" "updown.io daemon 2.4"
91.121.222.175 - - [22/Sep/2020:18:14:48 +0000] "HEAD / HTTP/1.1" 200 0 "-" "updown.io daemon 2.4"
2600:1700:b810:b989:cf:a4c4:b973:94e7 - - [22/Sep/2020:18:16:14 +0000] "POST /admin/task:keepAlive HTTP/1.1" 200 31 "https://cyberlab.pacific.edu/admin/pages" "Mozilla/5.0 (Macintosh; Intel Mac OS X 10_14_6) AppleWebKit/537.36 (KHTML, like Gecko) Chrome/85.0.4183.102 Safari/537.36"
2600:1700:b810:b989:cf:a4c4:b973:94e7 - - [22/Sep/2020:18:19:34 +0000] "POST /admin/task:keepAlive HTTP/1.1" 200 31 "https://cyberlab.pacific.edu/admin/pages/courses/comp177/resources" "Mozilla/5.0 (Macintosh; Intel Mac OS X 10_14_6) AppleWebKit/537.36 (KHTML, like Gecko) Chrome/85.0.4183.102 Safari/537.36"
104.238.136.194 - - [22/Sep/2020:18:19:45 +0000] "HEAD / HTTP/1.1" 200 0 "-" "updown.io daemon 2.4"
2001:19f0:9002:11a::1 - - [22/Sep/2020:18:19:45 +0000] "HEAD / HTTP/1.1" 200 0 "-" "updown.io daemon 2.4"
45.32.107.181 - - [22/Sep/2020:18:24:44 +0000] "HEAD / HTTP/1.1" 200 0 "-" "updown.io daemon 2.4"
2001:19f0:4400:402e::1 - - [22/Sep/2020:18:24:44 +0000] "HEAD / HTTP/1.1" 200 0 "-" "updown.io daemon 2.4"
174.134.144.7 - - [22/Sep/2020:18:26:20 +0000] "GET /courses/comp175/projects/project-1 HTTP/1.1" 200 10682 "-" "Mozilla/5.0 (Windows NT 10.0; Win64; x64) AppleWebKit/537.36 (KHTML, like Gecko) Chrome/85.0.4183.102 Safari/537.36"
174.134.144.7 - - [22/Sep/2020:18:26:20 +0000] "GET /assets/f34339a9d26808defc965517fd93f714.css HTTP/1.1" 200 155416 "https://cyberlab.pacific.edu/courses/comp175/projects/project-1" "Mozilla/5.0 (Windows NT 10.0; Win64; x64) AppleWebKit/537.36 (KHTML, like Gecko) Chrome/85.0.4183.102 Safari/537.36"
174.134.144.7 - - [22/Sep/2020:18:26:20 +0000] "GET /system/assets/jquery/jquery-2.x.min.js HTTP/1.1" 200 85578 "https://cyberlab.pacific.edu/courses/comp175/projects/project-1" "Mozilla/5.0 (Windows NT 10.0; Win64; x64) AppleWebKit/537.36 (KHTML, like Gecko) Chrome/85.0.4183.102 Safari/537.36"
174.134.144.7 - - [22/Sep/2020:18:26:20 +0000] "GET /user/plugins/highlight/js/highlight.pack.js HTTP/1.1" 200 101421 "https://cyberlab.pacific.edu/courses/comp175/projects/project-1" "Mozilla/5.0 (Windows NT 10.0; Win64; x64) AppleWebKit/537.36 (KHTML, like Gecko) Chrome/85.0.4183.102 Safari/537.36"
174.134.144.7 - - [22/Sep/2020:18:26:20 +0000] "GET /user/plugins/lightslider/js/lightslider.min.js HTTP/1.1" 200 16018 "https://cyberlab.pacific.edu/courses/comp175/projects/project-1" "Mozilla/5.0 (Windows NT 10.0; Win64; x64) AppleWebKit/537.36 (KHTML, like Gecko) Chrome/85.0.4183.102 Safari/537.36"
174.134.144.7 - - [22/Sep/2020:18:26:20 +0000] "GET /user/plugins/gantry5/assets/js/main.js HTTP/1.1" 200 60610 "https://cyberlab.pacific.edu/courses/comp175/projects/project-1" "Mozilla/5.0 (Windows NT 10.0; Win64; x64) AppleWebKit/537.36 (KHTML, like Gecko) Chrome/85.0.4183.102 Safari/537.36"
174.134.144.7 - - [22/Sep/2020:18:26:20 +0000] "GET /user/plugins/featherlight/js/featherlight.min.js HTTP/1.1" 200 8670 "https://cyberlab.pacific.edu/courses/comp175/projects/project-1" "Mozilla/5.0 (Windows NT 10.0; Win64; x64) AppleWebKit/537.36 (KHTML, like Gecko) Chrome/85.0.4183.102 Safari/537.36"
174.134.144.7 - - [22/Sep/2020:18:26:20 +0000] "GET /user/plugins/simplesearch/js/simplesearch.js HTTP/1.1" 200 1277 "https://cyberlab.pacific.edu/courses/comp175/projects/project-1" "Mozilla/5.0 (Windows NT 10.0; Win64; x64) AppleWebKit/537.36 (KHTML, like Gecko) Chrome/85.0.4183.102 Safari/537.36"
174.134.144.7 - - [22/Sep/2020:18:26:20 +0000] "GET /user/themes/g5_helium/fonts/lato/lato-bold/lato-bold-webfont.woff2?5f593174 HTTP/1.1" 200 25608 "https://cyberlab.pacific.edu/assets/f34339a9d26808defc965517fd93f714.css" "Mozilla/5.0 (Windows NT 10.0; Win64; x64) AppleWebKit/537.36 (KHTML, like Gecko) Chrome/85.0.4183.102 Safari/537.36"
174.134.144.7 - - [22/Sep/2020:18:26:20 +0000] "GET /user/themes/g5_helium/fonts/raleway/raleway-regular/raleway-regular-webfont.woff2?5f593174 HTTP/1.1" 200 25424 "https://cyberlab.pacific.edu/assets/f34339a9d26808defc965517fd93f714.css" "Mozilla/5.0 (Windows NT 10.0; Win64; x64) AppleWebKit/537.36 (KHTML, like Gecko) Chrome/85.0.4183.102 Safari/537.36"
174.134.144.7 - - [22/Sep/2020:18:26:20 +0000] "GET /user/themes/g5_helium/fonts/lato/lato-regular/lato-regular-webfont.woff2?5f593174 HTTP/1.1" 200 25040 "https://cyberlab.pacific.edu/assets/f34339a9d26808defc965517fd93f714.css" "Mozilla/5.0 (Windows NT 10.0; Win64; x64) AppleWebKit/537.36 (KHTML, like Gecko) Chrome/85.0.4183.102 Safari/537.36"
174.134.144.7 - - [22/Sep/2020:18:26:20 +0000] "GET /user/themes/g5_helium/fonts/raleway/raleway-bold/raleway-bold-webfont.woff2?5f593174 HTTP/1.1" 200 25368 "https://cyberlab.pacific.edu/assets/f34339a9d26808defc965517fd93f714.css" "Mozilla/5.0 (Windows NT 10.0; Win64; x64) AppleWebKit/537.36 (KHTML, like Gecko) Chrome/85.0.4183.102 Safari/537.36"
174.134.144.7 - - [22/Sep/2020:18:26:20 +0000] "GET /user/themes/g5_helium/fonts/lato/lato-black/lato-black-webfont.woff2?5f593174 HTTP/1.1" 200 24632 "https://cyberlab.pacific.edu/assets/f34339a9d26808defc965517fd93f714.css" "Mozilla/5.0 (Windows NT 10.0; Win64; x64) AppleWebKit/537.36 (KHTML, like Gecko) Chrome/85.0.4183.102 Safari/537.36"
174.134.144.7 - - [22/Sep/2020:18:26:20 +0000] "GET /user/plugins/gantry5/assets/fonts/fontawesome-webfont.woff2?v=4.7.0 HTTP/1.1" 200 77160 "https://cyberlab.pacific.edu/assets/f34339a9d26808defc965517fd93f714.css" "Mozilla/5.0 (Windows NT 10.0; Win64; x64) AppleWebKit/537.36 (KHTML, like Gecko) Chrome/85.0.4183.102 Safari/537.36"
2600:1700:b810:b989:cf:a4c4:b973:94e7 - - [22/Sep/2020:18:28:16 +0000] "GET /admin/pages/courses/comp175/resources HTTP/1.1" 200 21578 "https://cyberlab.pacific.edu/admin/pages" "Mozilla/5.0 (Macintosh; Intel Mac OS X 10_14_6) AppleWebKit/537.36 (KHTML, like Gecko) Chrome/85.0.4183.102 Safari/537.36"
2600:1700:b810:b989:cf:a4c4:b973:94e7 - - [22/Sep/2020:18:28:17 +0000] "GET /user/plugins/admin/themes/grav/js/vendor.min.js?e39f1ad173 HTTP/1.1" 200 890220 "https://cyberlab.pacific.edu/admin/pages/courses/comp175/resources" "Mozilla/5.0 (Macintosh; Intel Mac OS X 10_14_6) AppleWebKit/537.36 (KHTML, like Gecko) Chrome/85.0.4183.102 Safari/537.36"
2600:1700:b810:b989:cf:a4c4:b973:94e7 - - [22/Sep/2020:18:28:17 +0000] "GET /user/plugins/admin/themes/grav/js/admin.min.js?e39f1ad173 HTTP/1.1" 200 546247 "https://cyberlab.pacific.edu/admin/pages/courses/comp175/resources" "Mozilla/5.0 (Macintosh; Intel Mac OS X 10_14_6) AppleWebKit/537.36 (KHTML, like Gecko) Chrome/85.0.4183.102 Safari/537.36"
2600:1700:b810:b989:cf:a4c4:b973:94e7 - - [22/Sep/2020:18:28:18 +0000] "POST /admin/task:getNotifications HTTP/1.1" 200 50 "https://cyberlab.pacific.edu/admin/pages/courses/comp175/resources" "Mozilla/5.0 (Macintosh; Intel Mac OS X 10_14_6) AppleWebKit/537.36 (KHTML, like Gecko) Chrome/85.0.4183.102 Safari/537.36"
2600:1700:b810:b989:cf:a4c4:b973:94e7 - - [22/Sep/2020:18:28:18 +0000] "POST /admin/update.json/task:getUpdates HTTP/1.1" 200 337 "https://cyberlab.pacific.edu/admin/pages/courses/comp175/resources" "Mozilla/5.0 (Macintosh; Intel Mac OS X 10_14_6) AppleWebKit/537.36 (KHTML, like Gecko) Chrome/85.0.4183.102 Safari/537.36"
2600:1700:b810:b989:cf:a4c4:b973:94e7 - - [22/Sep/2020:18:28:18 +0000] "POST /admin/media/courses/comp175/resources.json/task:listmedia HTTP/1.1" 200 355 "https://cyberlab.pacific.edu/admin/pages/courses/comp175/resources" "Mozilla/5.0 (Macintosh; Intel Mac OS X 10_14_6) AppleWebKit/537.36 (KHTML, like Gecko) Chrome/85.0.4183.102 Safari/537.36"
2600:1700:b810:b989:cf:a4c4:b973:94e7 - - [22/Sep/2020:18:28:23 +0000] "POST /admin/media/courses/comp175/resources.json/task:addmedia HTTP/1.1" 200 94 "https://cyberlab.pacific.edu/admin/pages/courses/comp175/resources" "Mozilla/5.0 (Macintosh; Intel Mac OS X 10_14_6) AppleWebKit/537.36 (KHTML, like Gecko) Chrome/85.0.4183.102 Safari/537.36"
2600:1700:b810:b989:cf:a4c4:b973:94e7 - - [22/Sep/2020:18:28:51 +0000] "POST /admin/pages/courses/comp175/resources HTTP/1.1" 303 31 "https://cyberlab.pacific.edu/admin/pages/courses/comp175/resources" "Mozilla/5.0 (Macintosh; Intel Mac OS X 10_14_6) AppleWebKit/537.36 (KHTML, like Gecko) Chrome/85.0.4183.102 Safari/537.36"
2600:1700:b810:b989:cf:a4c4:b973:94e7 - - [22/Sep/2020:18:28:51 +0000] "GET /admin/pages/courses/comp175/resources HTTP/1.1" 200 21653 "https://cyberlab.pacific.edu/admin/pages/courses/comp175/resources" "Mozilla/5.0 (Macintosh; Intel Mac OS X 10_14_6) AppleWebKit/537.36 (KHTML, like Gecko) Chrome/85.0.4183.102 Safari/537.36"
2600:1700:b810:b989:cf:a4c4:b973:94e7 - - [22/Sep/2020:18:28:51 +0000] "POST /admin/task:getNotifications HTTP/1.1" 200 50 "https://cyberlab.pacific.edu/admin/pages/courses/comp175/resources" "Mozilla/5.0 (Macintosh; Intel Mac OS X 10_14_6) AppleWebKit/537.36 (KHTML, like Gecko) Chrome/85.0.4183.102 Safari/537.36"
2600:1700:b810:b989:cf:a4c4:b973:94e7 - - [22/Sep/2020:18:28:52 +0000] "POST /admin/update.json/task:getUpdates HTTP/1.1" 200 337 "https://cyberlab.pacific.edu/admin/pages/courses/comp175/resources" "Mozilla/5.0 (Macintosh; Intel Mac OS X 10_14_6) AppleWebKit/537.36 (KHTML, like Gecko) Chrome/85.0.4183.102 Safari/537.36"
2600:1700:b810:b989:cf:a4c4:b973:94e7 - - [22/Sep/2020:18:28:52 +0000] "POST /admin/media/courses/comp175/resources.json/task:listmedia HTTP/1.1" 200 388 "https://cyberlab.pacific.edu/admin/pages/courses/comp175/resources" "Mozilla/5.0 (Macintosh; Intel Mac OS X 10_14_6) AppleWebKit/537.36 (KHTML, like Gecko) Chrome/85.0.4183.102 Safari/537.36"
2600:1700:b810:b989:cf:a4c4:b973:94e7 - - [22/Sep/2020:18:28:55 +0000] "GET /admin/pages HTTP/1.1" 200 19292 "https://cyberlab.pacific.edu/admin/pages/courses/comp175/resources" "Mozilla/5.0 (Macintosh; Intel Mac OS X 10_14_6) AppleWebKit/537.36 (KHTML, like Gecko) Chrome/85.0.4183.102 Safari/537.36"
2600:1700:b810:b989:cf:a4c4:b973:94e7 - - [22/Sep/2020:18:28:55 +0000] "POST /admin/task:getNotifications HTTP/1.1" 200 50 "https://cyberlab.pacific.edu/admin/pages" "Mozilla/5.0 (Macintosh; Intel Mac OS X 10_14_6) AppleWebKit/537.36 (KHTML, like Gecko) Chrome/85.0.4183.102 Safari/537.36"
2600:1700:b810:b989:cf:a4c4:b973:94e7 - - [22/Sep/2020:18:28:56 +0000] "POST /admin/update.json/task:getUpdates HTTP/1.1" 200 337 "https://cyberlab.pacific.edu/admin/pages" "Mozilla/5.0 (Macintosh; Intel Mac OS X 10_14_6) AppleWebKit/537.36 (KHTML, like Gecko) Chrome/85.0.4183.102 Safari/537.36"
2600:1700:b810:b989:cf:a4c4:b973:94e7 - - [22/Sep/2020:18:28:57 +0000] "GET /courses/comp175 HTTP/1.1" 200 8811 "https://cyberlab.pacific.edu/courses/comp175/labs" "Mozilla/5.0 (Macintosh; Intel Mac OS X 10_14_6) AppleWebKit/537.36 (KHTML, like Gecko) Chrome/85.0.4183.102 Safari/537.36"
2600:1700:b810:b989:cf:a4c4:b973:94e7 - - [22/Sep/2020:18:28:58 +0000] "GET /images/c/6/d/e/5/c6de5617785ad88c03335641b361188f5dc906be-shutterstock1384804721-cropped2x.png HTTP/1.1" 200 2662818 "https://cyberlab.pacific.edu/courses/comp175" "Mozilla/5.0 (Macintosh; Intel Mac OS X 10_14_6) AppleWebKit/537.36 (KHTML, like Gecko) Chrome/85.0.4183.102 Safari/537.36"
2600:1700:b810:b989:cf:a4c4:b973:94e7 - - [22/Sep/2020:18:28:59 +0000] "GET /courses/comp175/resources HTTP/1.1" 200 9228 "https://cyberlab.pacific.edu/courses/comp175" "Mozilla/5.0 (Macintosh; Intel Mac OS X 10_14_6) AppleWebKit/537.36 (KHTML, like Gecko) Chrome/85.0.4183.102 Safari/537.36"
2600:1700:b810:b989:cf:a4c4:b973:94e7 - - [22/Sep/2020:18:29:03 +0000] "GET /courses/comp175/resources/09-file-permissions-searching-redirection.pdf HTTP/1.1" 200 3963502 "https://cyberlab.pacific.edu/courses/comp175/resources" "Mozilla/5.0 (Macintosh; Intel Mac OS X 10_14_6) AppleWebKit/537.36 (KHTML, like Gecko) Chrome/85.0.4183.102 Safari/537.36"
45.32.74.41 - - [22/Sep/2020:18:29:41 +0000] "HEAD / HTTP/1.1" 200 0 "-" "updown.io daemon 2.4"
2001:19f0:6001:2c6::1 - - [22/Sep/2020:18:29:41 +0000] "HEAD / HTTP/1.1" 200 0 "-" "updown.io daemon 2.4"
47.7.58.18 - - [22/Sep/2020:18:33:58 +0000] "GET /user/images/g5_helium/favicon.ico HTTP/1.1" 200 5430 "-" "Mozilla/5.0 (X11; Ubuntu; Linux x86_64; rv:80.0) Gecko/20100101 Firefox/80.0"
47.7.58.18 - - [22/Sep/2020:18:34:03 +0000] "GET /courses/comp177/resources/02-overview.pdf HTTP/1.1" 200 5046641 "https://cyberlab.pacific.edu/courses/comp177/resources" "Mozilla/5.0 (X11; Ubuntu; Linux x86_64; rv:80.0) Gecko/20100101 Firefox/80.0"
91.121.222.175 - - [22/Sep/2020:18:34:41 +0000] "HEAD / HTTP/1.1" 200 0 "-" "updown.io daemon 2.4"
2001:41d0:2:85af::1 - - [22/Sep/2020:18:34:41 +0000] "HEAD / HTTP/1.1" 200 0 "-" "updown.io daemon 2.4"
66.249.68.28 - - [22/Sep/2020:18:38:26 +0000] "GET /courses/comp293a/resources/06-x86-and-x64.pdf HTTP/1.1" 200 951533 "-" "Mozilla/5.0 (Linux; Android 6.0.1; Nexus 5X Build/MMB29P) AppleWebKit/537.36 (KHTML, like Gecko) Chrome/85.0.4183.118 Mobile Safari/537.36 (compatible; Googlebot/2.1; +http://www.google.com/bot.html)"
2600:1700:b810:b989:cf:a4c4:b973:94e7 - - [22/Sep/2020:18:39:33 +0000] "POST /admin/task:keepAlive HTTP/1.1" 200 31 "https://cyberlab.pacific.edu/admin/pages/courses/comp177/resources" "Mozilla/5.0 (Macintosh; Intel Mac OS X 10_14_6) AppleWebKit/537.36 (KHTML, like Gecko) Chrome/85.0.4183.102 Safari/537.36"
45.76.104.117 - - [22/Sep/2020:18:39:39 +0000] "HEAD / HTTP/1.1" 200 0 "-" "updown.io daemon 2.4"
2001:19f0:7001:45a::1 - - [22/Sep/2020:18:39:39 +0000] "HEAD / HTTP/1.1" 200 0 "-" "updown.io daemon 2.4"
2001:19f0:4400:402e::1 - - [22/Sep/2020:18:44:38 +0000] "HEAD / HTTP/1.1" 200 0 "-" "updown.io daemon 2.4"
45.32.107.181 - - [22/Sep/2020:18:44:38 +0000] "HEAD / HTTP/1.1" 200 0 "-" "updown.io daemon 2.4"
66.249.68.30 - - [22/Sep/2020:18:46:41 +0000] "GET /courses/comp293a/labs/lab-9-anti-re-2 HTTP/1.1" 200 14612 "-" "Mozilla/5.0 (compatible; Googlebot/2.1; +http://www.google.com/bot.html)"
87.251.70.83 - - [22/Sep/2020:18:46:43 +0000] "\x03\x00\x00,'\xE0\x00\x00\x00\x00\x00Cookie: mstshash=eltons" 400 182 "-" "-"
18.233.164.219 - - [22/Sep/2020:18:49:10 +0000] "GET /courses/comp175/labs/lab-8-tbd HTTP/1.1" 200 12552 "-" "Slackbot-LinkExpanding 1.0 (+https://api.slack.com/robots)"
18.233.164.219 - - [22/Sep/2020:18:49:10 +0000] "GET /user/images/g5_helium/favicon.ico HTTP/1.1" 200 5430 "-" "Slackbot 1.0 (+https://api.slack.com/robots)"
45.76.104.117 - - [22/Sep/2020:18:49:37 +0000] "HEAD / HTTP/1.1" 200 0 "-" "updown.io daemon 2.4"
2001:19f0:7001:45a::1 - - [22/Sep/2020:18:49:37 +0000] "HEAD / HTTP/1.1" 200 0 "-" "updown.io daemon 2.4"
45.63.29.207 - - [22/Sep/2020:18:54:35 +0000] "HEAD / HTTP/1.1" 200 0 "-" "updown.io daemon 2.4"
2001:19f0:5801:1d8::1 - - [22/Sep/2020:18:54:35 +0000] "HEAD / HTTP/1.1" 200 0 "-" "updown.io daemon 2.4"
2600:1700:b810:b989:c5b3:7058:191e:cff2 - - [22/Sep/2020:18:57:13 +0000] "GET /admin/pages/courses/comp175/projects/project-1 HTTP/1.1" 200 22706 "https://cyberlab.pacific.edu/admin/pages" "Mozilla/5.0 (Macintosh; Intel Mac OS X 10_14_6) AppleWebKit/537.36 (KHTML, like Gecko) Chrome/85.0.4183.102 Safari/537.36"
2600:1700:b810:b989:c5b3:7058:191e:cff2 - - [22/Sep/2020:18:57:13 +0000] "GET /user/plugins/markdown-notices/assets/notices.css?e39f1ad173 HTTP/1.1" 304 0 "https://cyberlab.pacific.edu/admin/pages/courses/comp175/projects/project-1" "Mozilla/5.0 (Macintosh; Intel Mac OS X 10_14_6) AppleWebKit/537.36 (KHTML, like Gecko) Chrome/85.0.4183.102 Safari/537.36"
2600:1700:b810:b989:c5b3:7058:191e:cff2 - - [22/Sep/2020:18:57:13 +0000] "GET /user/plugins/admin/themes/grav/css-compiled/simple-fonts.css?e39f1ad173 HTTP/1.1" 304 0 "https://cyberlab.pacific.edu/admin/pages/courses/comp175/projects/project-1" "Mozilla/5.0 (Macintosh; Intel Mac OS X 10_14_6) AppleWebKit/537.36 (KHTML, like Gecko) Chrome/85.0.4183.102 Safari/537.36"
2600:1700:b810:b989:c5b3:7058:191e:cff2 - - [22/Sep/2020:18:57:13 +0000] "POST /admin/task:getNotifications HTTP/1.1" 200 50 "https://cyberlab.pacific.edu/admin/pages/courses/comp175/projects/project-1" "Mozilla/5.0 (Macintosh; Intel Mac OS X 10_14_6) AppleWebKit/537.36 (KHTML, like Gecko) Chrome/85.0.4183.102 Safari/537.36"
2600:1700:b810:b989:c5b3:7058:191e:cff2 - - [22/Sep/2020:18:57:13 +0000] "POST /admin/update.json/task:getUpdates HTTP/1.1" 200 337 "https://cyberlab.pacific.edu/admin/pages/courses/comp175/projects/project-1" "Mozilla/5.0 (Macintosh; Intel Mac OS X 10_14_6) AppleWebKit/537.36 (KHTML, like Gecko) Chrome/85.0.4183.102 Safari/537.36"
2600:1700:b810:b989:c5b3:7058:191e:cff2 - - [22/Sep/2020:18:57:14 +0000] "POST /admin/media/courses/comp175/projects/project-1.json/task:listmedia HTTP/1.1" 200 64 "https://cyberlab.pacific.edu/admin/pages/courses/comp175/projects/project-1" "Mozilla/5.0 (Macintosh; Intel Mac OS X 10_14_6) AppleWebKit/537.36 (KHTML, like Gecko) Chrome/85.0.4183.102 Safari/537.36"
2600:1700:b810:b989:c5b3:7058:191e:cff2 - - [22/Sep/2020:18:58:27 +0000] "POST /admin/pages/courses/comp175/projects/project-1 HTTP/1.1" 303 31 "https://cyberlab.pacific.edu/admin/pages/courses/comp175/projects/project-1" "Mozilla/5.0 (Macintosh; Intel Mac OS X 10_14_6) AppleWebKit/537.36 (KHTML, like Gecko) Chrome/85.0.4183.102 Safari/537.36"
2600:1700:b810:b989:c5b3:7058:191e:cff2 - - [22/Sep/2020:18:58:27 +0000] "GET /admin/pages/courses/comp175/projects/project-1 HTTP/1.1" 200 22802 "https://cyberlab.pacific.edu/admin/pages/courses/comp175/projects/project-1" "Mozilla/5.0 (Macintosh; Intel Mac OS X 10_14_6) AppleWebKit/537.36 (KHTML, like Gecko) Chrome/85.0.4183.102 Safari/537.36"
2600:1700:b810:b989:c5b3:7058:191e:cff2 - - [22/Sep/2020:18:58:28 +0000] "POST /admin/task:getNotifications HTTP/1.1" 200 50 "https://cyberlab.pacific.edu/admin/pages/courses/comp175/projects/project-1" "Mozilla/5.0 (Macintosh; Intel Mac OS X 10_14_6) AppleWebKit/537.36 (KHTML, like Gecko) Chrome/85.0.4183.102 Safari/537.36"
2600:1700:b810:b989:c5b3:7058:191e:cff2 - - [22/Sep/2020:18:58:28 +0000] "POST /admin/update.json/task:getUpdates HTTP/1.1" 200 337 "https://cyberlab.pacific.edu/admin/pages/courses/comp175/projects/project-1" "Mozilla/5.0 (Macintosh; Intel Mac OS X 10_14_6) AppleWebKit/537.36 (KHTML, like Gecko) Chrome/85.0.4183.102 Safari/537.36"
2600:1700:b810:b989:c5b3:7058:191e:cff2 - - [22/Sep/2020:18:58:28 +0000] "POST /admin/media/courses/comp175/projects/project-1.json/task:listmedia HTTP/1.1" 200 64 "https://cyberlab.pacific.edu/admin/pages/courses/comp175/projects/project-1" "Mozilla/5.0 (Macintosh; Intel Mac OS X 10_14_6) AppleWebKit/537.36 (KHTML, like Gecko) Chrome/85.0.4183.102 Safari/537.36"
2600:1700:b810:b989:c5b3:7058:191e:cff2 - - [22/Sep/2020:18:58:30 +0000] "GET /courses/comp175 HTTP/1.1" 200 8811 "https://cyberlab.pacific.edu/courses/comp175/resources" "Mozilla/5.0 (Macintosh; Intel Mac OS X 10_14_6) AppleWebKit/537.36 (KHTML, like Gecko) Chrome/85.0.4183.102 Safari/537.36"
2600:1700:b810:b989:c5b3:7058:191e:cff2 - - [22/Sep/2020:18:58:31 +0000] "GET /courses/comp175/projects HTTP/1.1" 200 8864 "https://cyberlab.pacific.edu/courses/comp175" "Mozilla/5.0 (Macintosh; Intel Mac OS X 10_14_6) AppleWebKit/537.36 (KHTML, like Gecko) Chrome/85.0.4183.102 Safari/537.36"
2600:1700:b810:b989:c5b3:7058:191e:cff2 - - [22/Sep/2020:18:58:33 +0000] "GET /courses/comp175/projects/project-1 HTTP/1.1" 200 10825 "https://cyberlab.pacific.edu/courses/comp175/projects" "Mozilla/5.0 (Macintosh; Intel Mac OS X 10_14_6) AppleWebKit/537.36 (KHTML, like Gecko) Chrome/85.0.4183.102 Safari/537.36"
2600:1700:b810:b989:c5b3:7058:191e:cff2 - - [22/Sep/2020:18:59:25 +0000] "POST /admin/pages/courses/comp175/projects/project-1 HTTP/1.1" 303 31 "https://cyberlab.pacific.edu/admin/pages/courses/comp175/projects/project-1" "Mozilla/5.0 (Macintosh; Intel Mac OS X 10_14_6) AppleWebKit/537.36 (KHTML, like Gecko) Chrome/85.0.4183.102 Safari/537.36"
2600:1700:b810:b989:c5b3:7058:191e:cff2 - - [22/Sep/2020:18:59:25 +0000] "GET /admin/pages/courses/comp175/projects/project-1 HTTP/1.1" 200 22878 "https://cyberlab.pacific.edu/admin/pages/courses/comp175/projects/project-1" "Mozilla/5.0 (Macintosh; Intel Mac OS X 10_14_6) AppleWebKit/537.36 (KHTML, like Gecko) Chrome/85.0.4183.102 Safari/537.36"
