47.7.58.18 - - [22/Sep/2020:20:56:28 +0000] "GET /user/themes/g5_helium/fonts/raleway/raleway-bold/raleway-bold-webfont.woff2?5f593174 HTTP/1.1" 200 25368 "https://cyberlab.pacific.edu/assets/f34339a9d26808defc965517fd93f714.css" "Mozilla/5.0 (Windows NT 10.0; Win64; x64; rv:80.0) Gecko/20100101 Firefox/80.0"
47.7.58.18 - - [22/Sep/2020:20:56:28 +0000] "GET /user/themes/g5_helium/fonts/lato/lato-regular/lato-regular-webfont.woff2?5f593174 HTTP/1.1" 200 25040 "https://cyberlab.pacific.edu/assets/f34339a9d26808defc965517fd93f714.css" "Mozilla/5.0 (Windows NT 10.0; Win64; x64; rv:80.0) Gecko/20100101 Firefox/80.0"
47.7.58.18 - - [22/Sep/2020:20:56:28 +0000] "GET /user/images/g5_helium/favicon.ico HTTP/1.1" 200 5430 "-" "Mozilla/5.0 (Windows NT 10.0; Win64; x64; rv:80.0) Gecko/20100101 Firefox/80.0"
47.7.58.18 - - [22/Sep/2020:20:56:36 +0000] "GET /images/4/1/a/5/e/41a5e88efc50515abaa6030993ababf1d55b2227-mobaxterm-2.png HTTP/1.1" 200 35366 "https://cyberlab.pacific.edu/courses/comp175/labs/lab-1-aws-quickstart" "Mozilla/5.0 (Windows NT 10.0; Win64; x64; rv:80.0) Gecko/20100101 Firefox/80.0"
47.7.58.18 - - [22/Sep/2020:20:56:36 +0000] "GET /images/4/1/1/5/d/4115dc14630e36180e697646fe0e12c7e7a9ef2b-instancelifecycle.png HTTP/1.1" 200 56818 "https://cyberlab.pacific.edu/courses/comp175/labs/lab-1-aws-quickstart" "Mozilla/5.0 (Windows NT 10.0; Win64; x64; rv:80.0) Gecko/20100101 Firefox/80.0"
47.7.58.18 - - [22/Sep/2020:20:56:36 +0000] "GET /images/6/8/5/a/e/685ae32358127d85275ab481508875b568672f80-aws-ecs-connect-screen.png HTTP/1.1" 200 61659 "https://cyberlab.pacific.edu/courses/comp175/labs/lab-1-aws-quickstart" "Mozilla/5.0 (Windows NT 10.0; Win64; x64; rv:80.0) Gecko/20100101 Firefox/80.0"
47.7.58.18 - - [22/Sep/2020:20:56:36 +0000] "GET /images/8/c/c/8/8/8cc883f475e6d071242bff88f44940af03f563fe-mobaxterm-3.png HTTP/1.1" 200 39696 "https://cyberlab.pacific.edu/courses/comp175/labs/lab-1-aws-quickstart" "Mozilla/5.0 (Windows NT 10.0; Win64; x64; rv:80.0) Gecko/20100101 Firefox/80.0"
47.7.58.18 - - [22/Sep/2020:20:56:36 +0000] "GET /images/b/1/8/f/d/b18fdd9a172cd4e6d69c9247a730d4ce3a1228fc-mobaxterm-1.png HTTP/1.1" 200 31121 "https://cyberlab.pacific.edu/courses/comp175/labs/lab-1-aws-quickstart" "Mozilla/5.0 (Windows NT 10.0; Win64; x64; rv:80.0) Gecko/20100101 Firefox/80.0"
178.233.21.7 - - [22/Sep/2020:20:57:28 +0000] "GET /resources/malware-samples-for-students HTTP/1.1" 200 10209 "https://www.google.com/" "Mozilla/5.0 (Windows NT 10.0; Win64; x64) AppleWebKit/537.36 (KHTML, like Gecko) Chrome/85.0.4183.102 Safari/537.36"
178.233.21.7 - - [22/Sep/2020:20:57:28 +0000] "GET /system/assets/jquery/jquery-2.x.min.js HTTP/1.1" 200 85578 "https://cyberlab.pacific.edu/resources/malware-samples-for-students" "Mozilla/5.0 (Windows NT 10.0; Win64; x64) AppleWebKit/537.36 (KHTML, like Gecko) Chrome/85.0.4183.102 Safari/537.36"
178.233.21.7 - - [22/Sep/2020:20:57:29 +0000] "GET /assets/f34339a9d26808defc965517fd93f714.css HTTP/1.1" 200 155416 "https://cyberlab.pacific.edu/resources/malware-samples-for-students" "Mozilla/5.0 (Windows NT 10.0; Win64; x64) AppleWebKit/537.36 (KHTML, like Gecko) Chrome/85.0.4183.102 Safari/537.36"
178.233.21.7 - - [22/Sep/2020:20:57:29 +0000] "GET /user/plugins/lightslider/js/lightslider.min.js HTTP/1.1" 200 16018 "https://cyberlab.pacific.edu/resources/malware-samples-for-students" "Mozilla/5.0 (Windows NT 10.0; Win64; x64) AppleWebKit/537.36 (KHTML, like Gecko) Chrome/85.0.4183.102 Safari/537.36"
178.233.21.7 - - [22/Sep/2020:20:57:29 +0000] "GET /user/plugins/gantry5/assets/js/main.js HTTP/1.1" 200 60610 "https://cyberlab.pacific.edu/resources/malware-samples-for-students" "Mozilla/5.0 (Windows NT 10.0; Win64; x64) AppleWebKit/537.36 (KHTML, like Gecko) Chrome/85.0.4183.102 Safari/537.36"
178.233.21.7 - - [22/Sep/2020:20:57:29 +0000] "GET /user/plugins/featherlight/js/featherlight.min.js HTTP/1.1" 200 8670 "https://cyberlab.pacific.edu/resources/malware-samples-for-students" "Mozilla/5.0 (Windows NT 10.0; Win64; x64) AppleWebKit/537.36 (KHTML, like Gecko) Chrome/85.0.4183.102 Safari/537.36"
178.233.21.7 - - [22/Sep/2020:20:57:29 +0000] "GET /user/plugins/highlight/js/highlight.pack.js HTTP/1.1" 200 101421 "https://cyberlab.pacific.edu/resources/malware-samples-for-students" "Mozilla/5.0 (Windows NT 10.0; Win64; x64) AppleWebKit/537.36 (KHTML, like Gecko) Chrome/85.0.4183.102 Safari/537.36"
178.233.21.7 - - [22/Sep/2020:20:57:29 +0000] "GET /user/plugins/simplesearch/js/simplesearch.js HTTP/1.1" 200 1277 "https://cyberlab.pacific.edu/resources/malware-samples-for-students" "Mozilla/5.0 (Windows NT 10.0; Win64; x64) AppleWebKit/537.36 (KHTML, like Gecko) Chrome/85.0.4183.102 Safari/537.36"
178.233.21.7 - - [22/Sep/2020:20:57:31 +0000] "GET /user/plugins/gantry5/assets/fonts/fontawesome-webfont.woff2?v=4.7.0 HTTP/1.1" 200 77160 "https://cyberlab.pacific.edu/assets/f34339a9d26808defc965517fd93f714.css" "Mozilla/5.0 (Windows NT 10.0; Win64; x64) AppleWebKit/537.36 (KHTML, like Gecko) Chrome/85.0.4183.102 Safari/537.36"
178.233.21.7 - - [22/Sep/2020:20:57:31 +0000] "GET /user/themes/g5_helium/fonts/lato/lato-bold/lato-bold-webfont.woff2?5f593174 HTTP/1.1" 200 25608 "https://cyberlab.pacific.edu/assets/f34339a9d26808defc965517fd93f714.css" "Mozilla/5.0 (Windows NT 10.0; Win64; x64) AppleWebKit/537.36 (KHTML, like Gecko) Chrome/85.0.4183.102 Safari/537.36"
178.233.21.7 - - [22/Sep/2020:20:57:31 +0000] "GET /user/themes/g5_helium/fonts/lato/lato-regular/lato-regular-webfont.woff2?5f593174 HTTP/1.1" 200 25040 "https://cyberlab.pacific.edu/assets/f34339a9d26808defc965517fd93f714.css" "Mozilla/5.0 (Windows NT 10.0; Win64; x64) AppleWebKit/537.36 (KHTML, like Gecko) Chrome/85.0.4183.102 Safari/537.36"
178.233.21.7 - - [22/Sep/2020:20:57:31 +0000] "GET /user/themes/g5_helium/fonts/lato/lato-black/lato-black-webfont.woff2?5f593174 HTTP/1.1" 200 24632 "https://cyberlab.pacific.edu/assets/f34339a9d26808defc965517fd93f714.css" "Mozilla/5.0 (Windows NT 10.0; Win64; x64) AppleWebKit/537.36 (KHTML, like Gecko) Chrome/85.0.4183.102 Safari/537.36"
178.233.21.7 - - [22/Sep/2020:20:57:31 +0000] "GET /user/themes/g5_helium/fonts/raleway/raleway-regular/raleway-regular-webfont.woff2?5f593174 HTTP/1.1" 200 25424 "https://cyberlab.pacific.edu/assets/f34339a9d26808defc965517fd93f714.css" "Mozilla/5.0 (Windows NT 10.0; Win64; x64) AppleWebKit/537.36 (KHTML, like Gecko) Chrome/85.0.4183.102 Safari/537.36"
178.233.21.7 - - [22/Sep/2020:20:57:31 +0000] "GET /user/themes/g5_helium/fonts/raleway/raleway-bold/raleway-bold-webfont.woff2?5f593174 HTTP/1.1" 200 25368 "https://cyberlab.pacific.edu/assets/f34339a9d26808defc965517fd93f714.css" "Mozilla/5.0 (Windows NT 10.0; Win64; x64) AppleWebKit/537.36 (KHTML, like Gecko) Chrome/85.0.4183.102 Safari/537.36"
178.233.21.7 - - [22/Sep/2020:20:57:32 +0000] "GET /user/images/g5_helium/favicon.ico HTTP/1.1" 200 5430 "https://cyberlab.pacific.edu/resources/malware-samples-for-students" "Mozilla/5.0 (Windows NT 10.0; Win64; x64) AppleWebKit/537.36 (KHTML, like Gecko) Chrome/85.0.4183.102 Safari/537.36"
45.76.104.117 - - [22/Sep/2020:20:59:00 +0000] "HEAD / HTTP/1.1" 200 0 "-" "updown.io daemon 2.4"
2001:19f0:7001:45a::1 - - [22/Sep/2020:20:59:00 +0000] "HEAD / HTTP/1.1" 200 0 "-" "updown.io daemon 2.4"
47.7.58.18 - - [22/Sep/2020:20:59:48 +0000] "GET /user/pages/03.courses/01.comp175/labs/lab-1-aws-quickstart/aws-ecs-connect-screen.png HTTP/1.1" 200 289714 "https://cyberlab.pacific.edu/courses/comp175/labs/lab-1-aws-quickstart" "Mozilla/5.0 (Windows NT 10.0; Win64; x64; rv:80.0) Gecko/20100101 Firefox/80.0"
114.119.152.36 - - [22/Sep/2020:21:00:17 +0000] "GET /robots.txt HTTP/1.1" 200 197 "-" "(compatible;PetalBot;+https://aspiegel.com/petalbot)"
95.163.255.217 - - [22/Sep/2020:21:02:07 +0000] "GET /robots.txt HTTP/1.0" 200 197 "-" "Mozilla/5.0 (compatible; Linux x86_64; Mail.RU_Bot/2.0; +http://go.mail.ru/help/robots)"
95.163.255.207 - - [22/Sep/2020:21:02:09 +0000] "GET /courses/cybr220/resources/03-malware-analysis-basics.pdf HTTP/1.1" 404 8699 "-" "Mozilla/5.0 (compatible; Linux x86_64; Mail.RU_Bot/2.0; +http://go.mail.ru/help/robots)"
95.163.255.220 - - [22/Sep/2020:21:02:11 +0000] "GET /courses/cybr220/resources/10-disassemblers.pdf HTTP/1.1" 404 8699 "-" "Mozilla/5.0 (compatible; Linux x86_64; Mail.RU_Bot/2.0; +http://go.mail.ru/help/robots)"
47.7.58.18 - - [22/Sep/2020:21:02:15 +0000] "GET /images/e/5/7/2/3/e57230b14dbeb063a451b7d44ab0274ffa32c09c-nat-gateway-diagram.png HTTP/1.1" 200 120009 "https://cyberlab.pacific.edu/courses/comp175/labs/lab-2-aws-vpc-security-groups" "Mozilla/5.0 (Windows NT 10.0; Win64; x64; rv:80.0) Gecko/20100101 Firefox/80.0"
91.121.222.175 - - [22/Sep/2020:21:03:59 +0000] "HEAD / HTTP/1.1" 200 0 "-" "updown.io daemon 2.4"
2001:41d0:2:85af::1 - - [22/Sep/2020:21:03:59 +0000] "HEAD / HTTP/1.1" 200 0 "-" "updown.io daemon 2.4"
104.238.136.194 - - [22/Sep/2020:21:08:58 +0000] "HEAD / HTTP/1.1" 200 0 "-" "updown.io daemon 2.4"
2001:19f0:9002:11a::1 - - [22/Sep/2020:21:08:58 +0000] "HEAD / HTTP/1.1" 200 0 "-" "updown.io daemon 2.4"
2601:203:100:4210:b97a:82b2:9527:e893 - - [22/Sep/2020:21:12:34 +0000] "GET /courses/comp175 HTTP/1.1" 200 8811 "-" "Mozilla/5.0 (Windows NT 10.0; Win64; x64) AppleWebKit/537.36 (KHTML, like Gecko) Chrome/85.0.4183.102 Safari/537.36"
2601:203:100:4210:b97a:82b2:9527:e893 - - [22/Sep/2020:21:12:34 +0000] "GET /system/assets/jquery/jquery-2.x.min.js HTTP/1.1" 200 85578 "https://cyberlab.pacific.edu/courses/comp175" "Mozilla/5.0 (Windows NT 10.0; Win64; x64) AppleWebKit/537.36 (KHTML, like Gecko) Chrome/85.0.4183.102 Safari/537.36"
2601:203:100:4210:b97a:82b2:9527:e893 - - [22/Sep/2020:21:12:34 +0000] "GET /user/plugins/lightslider/js/lightslider.min.js HTTP/1.1" 200 16018 "https://cyberlab.pacific.edu/courses/comp175" "Mozilla/5.0 (Windows NT 10.0; Win64; x64) AppleWebKit/537.36 (KHTML, like Gecko) Chrome/85.0.4183.102 Safari/537.36"
2601:203:100:4210:b97a:82b2:9527:e893 - - [22/Sep/2020:21:12:34 +0000] "GET /user/plugins/highlight/js/highlight.pack.js HTTP/1.1" 200 101421 "https://cyberlab.pacific.edu/courses/comp175" "Mozilla/5.0 (Windows NT 10.0; Win64; x64) AppleWebKit/537.36 (KHTML, like Gecko) Chrome/85.0.4183.102 Safari/537.36"
2601:203:100:4210:b97a:82b2:9527:e893 - - [22/Sep/2020:21:12:34 +0000] "GET /user/plugins/featherlight/js/featherlight.min.js HTTP/1.1" 200 8670 "https://cyberlab.pacific.edu/courses/comp175" "Mozilla/5.0 (Windows NT 10.0; Win64; x64) AppleWebKit/537.36 (KHTML, like Gecko) Chrome/85.0.4183.102 Safari/537.36"
2601:203:100:4210:b97a:82b2:9527:e893 - - [22/Sep/2020:21:12:34 +0000] "GET /assets/f34339a9d26808defc965517fd93f714.css HTTP/1.1" 200 155416 "https://cyberlab.pacific.edu/courses/comp175" "Mozilla/5.0 (Windows NT 10.0; Win64; x64) AppleWebKit/537.36 (KHTML, like Gecko) Chrome/85.0.4183.102 Safari/537.36"
2601:203:100:4210:b97a:82b2:9527:e893 - - [22/Sep/2020:21:12:34 +0000] "GET /user/plugins/gantry5/assets/js/main.js HTTP/1.1" 200 60610 "https://cyberlab.pacific.edu/courses/comp175" "Mozilla/5.0 (Windows NT 10.0; Win64; x64) AppleWebKit/537.36 (KHTML, like Gecko) Chrome/85.0.4183.102 Safari/537.36"
2601:203:100:4210:b97a:82b2:9527:e893 - - [22/Sep/2020:21:12:34 +0000] "GET /user/plugins/simplesearch/js/simplesearch.js HTTP/1.1" 200 1277 "https://cyberlab.pacific.edu/courses/comp175" "Mozilla/5.0 (Windows NT 10.0; Win64; x64) AppleWebKit/537.36 (KHTML, like Gecko) Chrome/85.0.4183.102 Safari/537.36"
2601:203:100:4210:b97a:82b2:9527:e893 - - [22/Sep/2020:21:12:35 +0000] "GET /user/themes/g5_helium/fonts/lato/lato-bold/lato-bold-webfont.woff2?5f593174 HTTP/1.1" 200 25608 "https://cyberlab.pacific.edu/assets/f34339a9d26808defc965517fd93f714.css" "Mozilla/5.0 (Windows NT 10.0; Win64; x64) AppleWebKit/537.36 (KHTML, like Gecko) Chrome/85.0.4183.102 Safari/537.36"
2601:203:100:4210:b97a:82b2:9527:e893 - - [22/Sep/2020:21:12:35 +0000] "GET /user/themes/g5_helium/fonts/raleway/raleway-regular/raleway-regular-webfont.woff2?5f593174 HTTP/1.1" 200 25424 "https://cyberlab.pacific.edu/assets/f34339a9d26808defc965517fd93f714.css" "Mozilla/5.0 (Windows NT 10.0; Win64; x64) AppleWebKit/537.36 (KHTML, like Gecko) Chrome/85.0.4183.102 Safari/537.36"
2601:203:100:4210:b97a:82b2:9527:e893 - - [22/Sep/2020:21:12:35 +0000] "GET /user/plugins/gantry5/assets/fonts/fontawesome-webfont.woff2?v=4.7.0 HTTP/1.1" 200 77160 "https://cyberlab.pacific.edu/assets/f34339a9d26808defc965517fd93f714.css" "Mozilla/5.0 (Windows NT 10.0; Win64; x64) AppleWebKit/537.36 (KHTML, like Gecko) Chrome/85.0.4183.102 Safari/537.36"
2601:203:100:4210:b97a:82b2:9527:e893 - - [22/Sep/2020:21:12:35 +0000] "GET /user/themes/g5_helium/fonts/raleway/raleway-bold/raleway-bold-webfont.woff2?5f593174 HTTP/1.1" 200 25368 "https://cyberlab.pacific.edu/assets/f34339a9d26808defc965517fd93f714.css" "Mozilla/5.0 (Windows NT 10.0; Win64; x64) AppleWebKit/537.36 (KHTML, like Gecko) Chrome/85.0.4183.102 Safari/537.36"
2601:203:100:4210:b97a:82b2:9527:e893 - - [22/Sep/2020:21:12:35 +0000] "GET /user/themes/g5_helium/fonts/lato/lato-black/lato-black-webfont.woff2?5f593174 HTTP/1.1" 200 24632 "https://cyberlab.pacific.edu/assets/f34339a9d26808defc965517fd93f714.css" "Mozilla/5.0 (Windows NT 10.0; Win64; x64) AppleWebKit/537.36 (KHTML, like Gecko) Chrome/85.0.4183.102 Safari/537.36"
2601:203:100:4210:b97a:82b2:9527:e893 - - [22/Sep/2020:21:12:35 +0000] "GET /images/2/a/9/f/1/2a9f1524459a3d6860104e675276d1e0adadc7e6-shutterstock1384804721-cropped1x.png HTTP/1.1" 200 777684 "https://cyberlab.pacific.edu/courses/comp175" "Mozilla/5.0 (Windows NT 10.0; Win64; x64) AppleWebKit/537.36 (KHTML, like Gecko) Chrome/85.0.4183.102 Safari/537.36"
2601:203:100:4210:b97a:82b2:9527:e893 - - [22/Sep/2020:21:12:36 +0000] "GET /courses/comp175/labs HTTP/1.1" 200 9308 "https://cyberlab.pacific.edu/courses/comp175" "Mozilla/5.0 (Windows NT 10.0; Win64; x64) AppleWebKit/537.36 (KHTML, like Gecko) Chrome/85.0.4183.102 Safari/537.36"
2600:1700:b810:b989:f44d:1a84:491e:c6a4 - - [22/Sep/2020:21:13:01 +0000] "POST /admin/task:keepAlive HTTP/1.1" 200 31 "https://cyberlab.pacific.edu/admin/pages/courses/comp175/projects/project-1" "Mozilla/5.0 (Macintosh; Intel Mac OS X 10_14_6) AppleWebKit/537.36 (KHTML, like Gecko) Chrome/85.0.4183.102 Safari/537.36"
2001:19f0:7001:45a::1 - - [22/Sep/2020:21:13:56 +0000] "HEAD / HTTP/1.1" 200 0 "-" "updown.io daemon 2.4"
45.76.104.117 - - [22/Sep/2020:21:13:56 +0000] "HEAD / HTTP/1.1" 200 0 "-" "updown.io daemon 2.4"
165.16.37.150 - - [22/Sep/2020:21:16:59 +0000] "GET / HTTP/1.1" 404 580 "-" "Mozilla/5.0 (Windows NT 10.0; WOW64) AppleWebKit/537.36 (KHTML, like Gecko) Chrome/51.0.2704.103 Safari/537.36"
192.241.208.9 - - [22/Sep/2020:21:17:09 +0000] "GET / HTTP/1.1" 404 152 "-" "Mozilla/5.0 zgrab/0.x"
66.249.68.30 - - [22/Sep/2020:21:17:37 +0000] "GET /instructor/moloch HTTP/1.1" 200 9159 "-" "Mozilla/5.0 (compatible; Googlebot/2.1; +http://www.google.com/bot.html)"
192.99.37.47 - - [22/Sep/2020:21:18:53 +0000] "HEAD / HTTP/1.1" 200 0 "-" "updown.io daemon 2.4"
2607:5300:60:4c2f::1 - - [22/Sep/2020:21:18:53 +0000] "HEAD / HTTP/1.1" 200 0 "-" "updown.io daemon 2.4"
2600:1700:b810:b989:f44d:1a84:491e:c6a4 - - [22/Sep/2020:21:20:55 +0000] "POST /admin/task:keepAlive HTTP/1.1" 200 31 "https://cyberlab.pacific.edu/admin/pages/courses/comp177/resources" "Mozilla/5.0 (Macintosh; Intel Mac OS X 10_14_6) AppleWebKit/537.36 (KHTML, like Gecko) Chrome/85.0.4183.102 Safari/537.36"
104.238.136.194 - - [22/Sep/2020:21:23:51 +0000] "HEAD / HTTP/1.1" 200 0 "-" "updown.io daemon 2.4"
2001:19f0:9002:11a::1 - - [22/Sep/2020:21:23:51 +0000] "HEAD / HTTP/1.1" 200 0 "-" "updown.io daemon 2.4"
193.118.53.210 - - [22/Sep/2020:21:24:59 +0000] "GET / HTTP/1.1" 200 9885 "-" "Mozilla/5.0 (Windows NT 10.0; Win64; x64) AppleWebKit/537.36 (KHTML, like Gecko) Chrome/60.0.3112.113 Safari/537.36"
77.88.5.7 - - [22/Sep/2020:21:26:01 +0000] "GET /robots.txt HTTP/1.1" 200 197 "-" "Mozilla/5.0 (compatible; YandexBot/3.0; +http://yandex.com/bots)"
77.88.5.7 - - [22/Sep/2020:21:26:04 +0000] "GET /user/pages/04.resources/lab-network-hardware/rb3011-diagram.png HTTP/1.1" 200 62709 "-" "Mozilla/5.0 (compatible; YandexImages/3.0; +http://yandex.com/bots)"
2001:19f0:4400:402e::1 - - [22/Sep/2020:21:28:49 +0000] "HEAD / HTTP/1.1" 200 0 "-" "updown.io daemon 2.4"
45.32.107.181 - - [22/Sep/2020:21:28:49 +0000] "HEAD / HTTP/1.1" 200 0 "-" "updown.io daemon 2.4"
66.249.68.30 - - [22/Sep/2020:21:31:50 +0000] "GET /resources/lab-network-hardware-console HTTP/1.1" 200 9995 "-" "Mozilla/5.0 (Linux; Android 6.0.1; Nexus 5X Build/MMB29P) AppleWebKit/537.36 (KHTML, like Gecko) Chrome/85.0.4183.118 Mobile Safari/537.36 (compatible; Googlebot/2.1; +http://www.google.com/bot.html)"
66.249.68.3 - - [22/Sep/2020:21:32:06 +0000] "GET /resources/malware-samples-for-students HTTP/1.1" 200 10209 "-" "Mozilla/5.0 (Linux; Android 6.0.1; Nexus 5X Build/MMB29P) AppleWebKit/537.36 (KHTML, like Gecko) Chrome/85.0.4183.118 Mobile Safari/537.36 (compatible; Googlebot/2.1; +http://www.google.com/bot.html)"
66.249.68.28 - - [22/Sep/2020:21:32:38 +0000] "GET /resources/malware-samples-for-students HTTP/1.1" 200 10209 "-" "Mozilla/5.0 (compatible; Googlebot/2.1; +http://www.google.com/bot.html)"
2600:1700:b810:b989:f44d:1a84:491e:c6a4 - - [22/Sep/2020:21:33:02 +0000] "POST /admin/task:keepAlive HTTP/1.1" 200 31 "https://cyberlab.pacific.edu/admin/pages/courses/comp175/projects/project-1" "Mozilla/5.0 (Macintosh; Intel Mac OS X 10_14_6) AppleWebKit/537.36 (KHTML, like Gecko) Chrome/85.0.4183.102 Safari/537.36"
192.99.37.47 - - [22/Sep/2020:21:33:48 +0000] "HEAD / HTTP/1.1" 200 0 "-" "updown.io daemon 2.4"
2607:5300:60:4c2f::1 - - [22/Sep/2020:21:33:48 +0000] "HEAD / HTTP/1.1" 200 0 "-" "updown.io daemon 2.4"
183.60.141.171 - - [22/Sep/2020:21:35:10 +0000] "GET / HTTP/1.1" 404 152 "-" "Mozilla/5.0"
66.249.68.30 - - [22/Sep/2020:21:38:09 +0000] "GET /resources/lab-network-monitoring HTTP/1.1" 200 12017 "-" "Mozilla/5.0 (compatible; Googlebot/2.1; +http://www.google.com/bot.html)"
2001:19f0:5801:1d8::1 - - [22/Sep/2020:21:38:46 +0000] "HEAD / HTTP/1.1" 200 0 "-" "updown.io daemon 2.4"
45.63.29.207 - - [22/Sep/2020:21:38:46 +0000] "HEAD / HTTP/1.1" 200 0 "-" "updown.io daemon 2.4"
66.249.68.30 - - [22/Sep/2020:21:38:51 +0000] "GET /courses/comp293a/labs/lab-9-anti-re-2 HTTP/1.1" 200 14612 "-" "Mozilla/5.0 (Linux; Android 6.0.1; Nexus 5X Build/MMB29P) AppleWebKit/537.36 (KHTML, like Gecko) Chrome/85.0.4183.118 Mobile Safari/537.36 (compatible; Googlebot/2.1; +http://www.google.com/bot.html)"
177.47.202.182 - - [22/Sep/2020:21:38:54 +0000] "GET / HTTP/1.1" 404 580 "-" "Mozilla/5.0 (Windows NT 10.0; WOW64) AppleWebKit/537.36 (KHTML, like Gecko) Chrome/52.0.2743.116 Safari/537.36"
66.249.68.3 - - [22/Sep/2020:21:40:43 +0000] "GET /about/lab HTTP/1.1" 200 9943 "-" "Mozilla/5.0 (Linux; Android 6.0.1; Nexus 5X Build/MMB29P) AppleWebKit/537.36 (KHTML, like Gecko) Chrome/85.0.4183.118 Mobile Safari/537.36 (compatible; Googlebot/2.1; +http://www.google.com/bot.html)"
2600:1700:b810:b989:f44d:1a84:491e:c6a4 - - [22/Sep/2020:21:40:55 +0000] "POST /admin/task:keepAlive HTTP/1.1" 200 31 "https://cyberlab.pacific.edu/admin/pages/courses/comp177/resources" "Mozilla/5.0 (Macintosh; Intel Mac OS X 10_14_6) AppleWebKit/537.36 (KHTML, like Gecko) Chrome/85.0.4183.102 Safari/537.36"
54.36.148.105 - - [22/Sep/2020:21:41:27 +0000] "GET /robots.txt HTTP/1.1" 200 197 "-" "Mozilla/5.0 (compatible; AhrefsBot/6.1; +http://ahrefs.com/robot/)"
2001:19f0:6c01:145::1 - - [22/Sep/2020:21:43:44 +0000] "HEAD / HTTP/1.1" 200 0 "-" "updown.io daemon 2.4"
104.238.159.87 - - [22/Sep/2020:21:43:44 +0000] "HEAD / HTTP/1.1" 200 0 "-" "updown.io daemon 2.4"
114.119.133.222 - - [22/Sep/2020:21:46:08 +0000] "GET /robots.txt HTTP/1.1" 301 194 "-" "(compatible;PetalBot;+https://aspiegel.com/petalbot)"
114.119.133.222 - - [22/Sep/2020:21:46:08 +0000] "GET /robots.txt HTTP/1.1" 200 197 "-" "(compatible;PetalBot;+https://aspiegel.com/petalbot)"
104.238.136.194 - - [22/Sep/2020:21:48:44 +0000] "HEAD / HTTP/1.1" 200 0 "-" "updown.io daemon 2.4"
2001:19f0:9002:11a::1 - - [22/Sep/2020:21:48:44 +0000] "HEAD / HTTP/1.1" 200 0 "-" "updown.io daemon 2.4"
66.249.68.28 - - [22/Sep/2020:21:50:53 +0000] "GET /resources/pacific-vmware-licenses HTTP/1.1" 200 10205 "-" "Mozilla/5.0 (compatible; Googlebot/2.1; +http://www.google.com/bot.html)"
66.249.68.30 - - [22/Sep/2020:21:52:00 +0000] "GET /courses/cybr200/labs HTTP/1.1" 200 8887 "-" "Mozilla/5.0 (Linux; Android 6.0.1; Nexus 5X Build/MMB29P) AppleWebKit/537.36 (KHTML, like Gecko) Chrome/85.0.4183.118 Mobile Safari/537.36 (compatible; Googlebot/2.1; +http://www.google.com/bot.html)"
173.80.97.218 - - [22/Sep/2020:21:52:40 +0000] "T\x00\x00\x00\x16\xF7Z\xC0\x8B\xC10lL\xC4\x1A\xD0\xD4\xA1\xCD%\x8C\x81\xF0\xE3" 400 182 "-" "-"
173.80.97.218 - - [22/Sep/2020:21:52:41 +0000] "POST / HTTP/1.1" 200 44696 "-" "Mozilla/5.0 (Windows NT 6.1; WOW64; Trident/7.0; rv:11.0) like Gecko"
2600:1700:b810:b989:f44d:1a84:491e:c6a4 - - [22/Sep/2020:21:53:01 +0000] "POST /admin/task:keepAlive HTTP/1.1" 200 31 "https://cyberlab.pacific.edu/admin/pages/courses/comp175/projects/project-1" "Mozilla/5.0 (Macintosh; Intel Mac OS X 10_14_6) AppleWebKit/537.36 (KHTML, like Gecko) Chrome/85.0.4183.102 Safari/537.36"
2001:19f0:7001:45a::1 - - [22/Sep/2020:21:53:43 +0000] "HEAD / HTTP/1.1" 200 0 "-" "updown.io daemon 2.4"
45.76.104.117 - - [22/Sep/2020:21:53:43 +0000] "HEAD / HTTP/1.1" 200 0 "-" "updown.io daemon 2.4"
173.80.97.218 - - [22/Sep/2020:21:54:42 +0000] "POST / HTTP/1.1" 200 44703 "-" "Mozilla/5.0 (Windows NT 6.1; WOW64; Trident/7.0; rv:11.0) like Gecko"
173.80.97.218 - - [22/Sep/2020:21:56:43 +0000] "POST / HTTP/1.1" 200 44696 "-" "Mozilla/5.0 (Windows NT 6.1; WOW64; Trident/7.0; rv:11.0) like Gecko"
45.32.107.181 - - [22/Sep/2020:21:58:42 +0000] "HEAD / HTTP/1.1" 200 0 "-" "updown.io daemon 2.4"
2001:19f0:4400:402e::1 - - [22/Sep/2020:21:58:42 +0000] "HEAD / HTTP/1.1" 200 0 "-" "updown.io daemon 2.4"
173.80.97.218 - - [22/Sep/2020:21:58:43 +0000] "POST / HTTP/1.1" 200 44703 "-" "Mozilla/5.0 (Windows NT 6.1; WOW64; Trident/7.0; rv:11.0) like Gecko"
66.249.79.247 - - [22/Sep/2020:22:00:10 +0000] "GET /courses/cybr230/resources/02-honeypots.pdf HTTP/1.1" 304 0 "-" "Mozilla/5.0 (Linux; Android 6.0.1; Nexus 5X Build/MMB29P) AppleWebKit/537.36 (KHTML, like Gecko) Chrome/85.0.4183.118 Mobile Safari/537.36 (compatible; Googlebot/2.1; +http://www.google.com/bot.html)"
94.102.51.119 - - [22/Sep/2020:22:00:25 +0000] "GET / HTTP/1.1" 200 9885 "-" "Mozilla/5.0 (X11; Ubuntu; Linux x86_64; rv:76.0) Gecko/20100101 Firefox/76.0"
173.80.97.218 - - [22/Sep/2020:22:00:44 +0000] "POST / HTTP/1.1" 200 44703 "-" "Mozilla/5.0 (Windows NT 6.1; WOW64; Trident/7.0; rv:11.0) like Gecko"
2600:1700:b810:b989:f44d:1a84:491e:c6a4 - - [22/Sep/2020:22:00:55 +0000] "POST /admin/task:keepAlive HTTP/1.1" 200 31 "https://cyberlab.pacific.edu/admin/pages/courses/comp177/resources" "Mozilla/5.0 (Macintosh; Intel Mac OS X 10_14_6) AppleWebKit/537.36 (KHTML, like Gecko) Chrome/85.0.4183.102 Safari/537.36"
173.80.97.218 - - [22/Sep/2020:22:02:45 +0000] "POST / HTTP/1.1" 200 44703 "-" "Mozilla/5.0 (Windows NT 6.1; WOW64; Trident/7.0; rv:11.0) like Gecko"
2001:19f0:5801:1d8::1 - - [22/Sep/2020:22:03:43 +0000] "HEAD / HTTP/1.1" 200 0 "-" "updown.io daemon 2.4"
45.63.29.207 - - [22/Sep/2020:22:03:43 +0000] "HEAD / HTTP/1.1" 200 0 "-" "updown.io daemon 2.4"
173.80.97.218 - - [22/Sep/2020:22:04:45 +0000] "POST / HTTP/1.1" 200 44696 "-" "Mozilla/5.0 (Windows NT 6.1; WOW64; Trident/7.0; rv:11.0) like Gecko"
66.249.79.243 - - [22/Sep/2020:22:06:15 +0000] "GET /instructor/grav HTTP/1.1" 200 9164 "-" "Mozilla/5.0 (compatible; Googlebot/2.1; +http://www.google.com/bot.html)"
114.119.155.154 - - [22/Sep/2020:22:06:35 +0000] "GET /images/1/e/e/5/9/1ee59abac84fba8e5a461dfd84b273ecf5a2024f-hapac1x.png HTTP/1.1" 404 152 "-" "Mozilla/5.0 (Linux; Android 7.0;) AppleWebKit/537.36 (KHTML, like Gecko) Mobile Safari/537.36 (compatible; PetalBot;+https://aspiegel.com/petalbot)"
173.80.97.218 - - [22/Sep/2020:22:06:46 +0000] "POST / HTTP/1.1" 200 44703 "-" "Mozilla/5.0 (Windows NT 6.1; WOW64; Trident/7.0; rv:11.0) like Gecko"
66.249.79.245 - - [22/Sep/2020:22:08:08 +0000] "GET /courses/comp178/resources/09-penetration-testing-social-engineering.pdf HTTP/1.1" 304 0 "-" "Mozilla/5.0 (Linux; Android 6.0.1; Nexus 5X Build/MMB29P) AppleWebKit/537.36 (KHTML, like Gecko) Chrome/85.0.4183.118 Mobile Safari/537.36 (compatible; Googlebot/2.1; +http://www.google.com/bot.html)"
2001:41d0:2:85af::1 - - [22/Sep/2020:22:08:40 +0000] "HEAD / HTTP/1.1" 200 0 "-" "updown.io daemon 2.4"
91.121.222.175 - - [22/Sep/2020:22:08:40 +0000] "HEAD / HTTP/1.1" 200 0 "-" "updown.io daemon 2.4"
66.249.79.247 - - [22/Sep/2020:22:10:00 +0000] "GET /courses/comp178/resources/01-intro.pdf HTTP/1.1" 304 0 "-" "Mozilla/5.0 (Linux; Android 6.0.1; Nexus 5X Build/MMB29P) AppleWebKit/537.36 (KHTML, like Gecko) Chrome/85.0.4183.118 Mobile Safari/537.36 (compatible; Googlebot/2.1; +http://www.google.com/bot.html)"
2600:1700:b810:b989:f44d:1a84:491e:c6a4 - - [22/Sep/2020:22:13:02 +0000] "POST /admin/task:keepAlive HTTP/1.1" 200 31 "https://cyberlab.pacific.edu/admin/pages/courses/comp175/projects/project-1" "Mozilla/5.0 (Macintosh; Intel Mac OS X 10_14_6) AppleWebKit/537.36 (KHTML, like Gecko) Chrome/85.0.4183.102 Safari/537.36"
45.32.74.41 - - [22/Sep/2020:22:13:38 +0000] "HEAD / HTTP/1.1" 200 0 "-" "updown.io daemon 2.4"
2001:19f0:6001:2c6::1 - - [22/Sep/2020:22:13:38 +0000] "HEAD / HTTP/1.1" 200 0 "-" "updown.io daemon 2.4"
104.238.136.194 - - [22/Sep/2020:22:18:36 +0000] "HEAD / HTTP/1.1" 200 0 "-" "updown.io daemon 2.4"
2001:19f0:9002:11a::1 - - [22/Sep/2020:22:18:36 +0000] "HEAD / HTTP/1.1" 200 0 "-" "updown.io daemon 2.4"
66.249.79.245 - - [22/Sep/2020:22:20:10 +0000] "GET /courses/cybr240/syllabus HTTP/1.1" 200 12513 "-" "Mozilla/5.0 (compatible; Googlebot/2.1; +http://www.google.com/bot.html)"
2600:1700:b810:b989:f44d:1a84:491e:c6a4 - - [22/Sep/2020:22:20:55 +0000] "POST /admin/task:keepAlive HTTP/1.1" 200 31 "https://cyberlab.pacific.edu/admin/pages/courses/comp177/resources" "Mozilla/5.0 (Macintosh; Intel Mac OS X 10_14_6) AppleWebKit/537.36 (KHTML, like Gecko) Chrome/85.0.4183.102 Safari/537.36"
66.249.79.245 - - [22/Sep/2020:22:22:45 +0000] "GET /courses/cybr230/resources/05-dnssec-dnstls-doh.pdf HTTP/1.1" 200 22433762 "-" "Mozilla/5.0 (Linux; Android 6.0.1; Nexus 5X Build/MMB29P) AppleWebKit/537.36 (KHTML, like Gecko) Chrome/85.0.4183.118 Mobile Safari/537.36 (compatible; Googlebot/2.1; +http://www.google.com/bot.html)"
66.249.79.243 - - [22/Sep/2020:22:22:57 +0000] "GET /ads.txt HTTP/1.1" 404 8692 "-" "Mozilla/5.0 (compatible; Googlebot/2.1; +http://www.google.com/bot.html)"
66.249.79.244 - - [22/Sep/2020:22:22:57 +0000] "GET /ads.txt HTTP/1.1" 301 194 "-" "Mozilla/5.0 (compatible; Googlebot/2.1; +http://www.google.com/bot.html)"
2001:19f0:7001:45a::1 - - [22/Sep/2020:22:23:34 +0000] "HEAD / HTTP/1.1" 200 0 "-" "updown.io daemon 2.4"
45.76.104.117 - - [22/Sep/2020:22:23:34 +0000] "HEAD / HTTP/1.1" 200 0 "-" "updown.io daemon 2.4"
104.238.159.87 - - [22/Sep/2020:22:28:32 +0000] "HEAD / HTTP/1.1" 200 0 "-" "updown.io daemon 2.4"
2001:19f0:6c01:145::1 - - [22/Sep/2020:22:28:32 +0000] "HEAD / HTTP/1.1" 200 0 "-" "updown.io daemon 2.4"
2600:1700:b810:b989:f44d:1a84:491e:c6a4 - - [22/Sep/2020:22:33:02 +0000] "POST /admin/task:keepAlive HTTP/1.1" 200 31 "https://cyberlab.pacific.edu/admin/pages/courses/comp175/projects/project-1" "Mozilla/5.0 (Macintosh; Intel Mac OS X 10_14_6) AppleWebKit/537.36 (KHTML, like Gecko) Chrome/85.0.4183.102 Safari/537.36"
104.238.136.194 - - [22/Sep/2020:22:33:31 +0000] "HEAD / HTTP/1.1" 200 0 "-" "updown.io daemon 2.4"
2001:19f0:9002:11a::1 - - [22/Sep/2020:22:33:31 +0000] "HEAD / HTTP/1.1" 200 0 "-" "updown.io daemon 2.4"
45.63.29.207 - - [22/Sep/2020:22:38:31 +0000] "HEAD / HTTP/1.1" 200 0 "-" "updown.io daemon 2.4"
2001:19f0:5801:1d8::1 - - [22/Sep/2020:22:38:31 +0000] "HEAD / HTTP/1.1" 200 0 "-" "updown.io daemon 2.4"
66.249.79.247 - - [22/Sep/2020:22:39:10 +0000] "GET /courses/cybr230/resources/09-bgp.pdf HTTP/1.1" 200 6424856 "-" "Mozilla/5.0 (Linux; Android 6.0.1; Nexus 5X Build/MMB29P) AppleWebKit/537.36 (KHTML, like Gecko) Chrome/85.0.4183.118 Mobile Safari/537.36 (compatible; Googlebot/2.1; +http://www.google.com/bot.html)"
2600:1700:b810:b989:f44d:1a84:491e:c6a4 - - [22/Sep/2020:22:40:55 +0000] "POST /admin/task:keepAlive HTTP/1.1" 200 31 "https://cyberlab.pacific.edu/admin/pages/courses/comp177/resources" "Mozilla/5.0 (Macintosh; Intel Mac OS X 10_14_6) AppleWebKit/537.36 (KHTML, like Gecko) Chrome/85.0.4183.102 Safari/537.36"
91.121.222.175 - - [22/Sep/2020:22:43:29 +0000] "HEAD / HTTP/1.1" 200 0 "-" "updown.io daemon 2.4"
2001:41d0:2:85af::1 - - [22/Sep/2020:22:43:29 +0000] "HEAD / HTTP/1.1" 200 0 "-" "updown.io daemon 2.4"
106.53.240.171 - - [22/Sep/2020:22:47:15 +0000] "GET /TP/public/index.php HTTP/1.1" 404 152 "-" "Mozilla/5.0 (Windows; U; Windows NT 6.0;en-US; rv:1.9.2) Gecko/20100115 Firefox/3.6)"
106.53.240.171 - - [22/Sep/2020:22:47:16 +0000] "GET /TP/index.php HTTP/1.1" 404 152 "-" "Mozilla/5.0 (Windows; U; Windows NT 6.0;en-US; rv:1.9.2) Gecko/20100115 Firefox/3.6)"
106.53.240.171 - - [22/Sep/2020:22:47:16 +0000] "GET /thinkphp/html/public/index.php HTTP/1.1" 404 152 "-" "Mozilla/5.0 (Windows; U; Windows NT 6.0;en-US; rv:1.9.2) Gecko/20100115 Firefox/3.6)"
106.53.240.171 - - [22/Sep/2020:22:47:16 +0000] "GET /html/public/index.php HTTP/1.1" 404 152 "-" "Mozilla/5.0 (Windows; U; Windows NT 6.0;en-US; rv:1.9.2) Gecko/20100115 Firefox/3.6)"
106.53.240.171 - - [22/Sep/2020:22:47:17 +0000] "GET /public/index.php HTTP/1.1" 404 152 "-" "Mozilla/5.0 (Windows; U; Windows NT 6.0;en-US; rv:1.9.2) Gecko/20100115 Firefox/3.6)"
106.53.240.171 - - [22/Sep/2020:22:47:17 +0000] "GET /TP/html/public/index.php HTTP/1.1" 404 152 "-" "Mozilla/5.0 (Windows; U; Windows NT 6.0;en-US; rv:1.9.2) Gecko/20100115 Firefox/3.6)"
106.53.240.171 - - [22/Sep/2020:22:47:18 +0000] "GET /elrekt.php HTTP/1.1" 404 152 "-" "Mozilla/5.0 (Windows; U; Windows NT 6.0;en-US; rv:1.9.2) Gecko/20100115 Firefox/3.6)"
106.53.240.171 - - [22/Sep/2020:22:47:18 +0000] "GET /index.php HTTP/1.1" 404 152 "-" "Mozilla/5.0 (Windows; U; Windows NT 6.0;en-US; rv:1.9.2) Gecko/20100115 Firefox/3.6)"
106.53.240.171 - - [22/Sep/2020:22:47:18 +0000] "GET / HTTP/1.1" 404 152 "-" "Mozilla/5.0 (Windows; U; Windows NT 6.0;en-US; rv:1.9.2) Gecko/20100115 Firefox/3.6)"
103.201.140.246 - - [22/Sep/2020:22:48:02 +0000] "GET / HTTP/1.1" 404 580 "-" "Mozilla/5.0 (Windows NT 6.1; WOW64) AppleWebKit/537.36 (KHTML, like Gecko) Chrome/51.0.2704.103 Safari/537.36"
104.238.159.87 - - [22/Sep/2020:22:48:27 +0000] "HEAD / HTTP/1.1" 200 0 "-" "updown.io daemon 2.4"
2001:19f0:6c01:145::1 - - [22/Sep/2020:22:48:27 +0000] "HEAD / HTTP/1.1" 200 0 "-" "updown.io daemon 2.4"
66.249.79.243 - - [22/Sep/2020:22:48:28 +0000] "GET /courses/comp293a/resources/virtual-machine-configuration HTTP/1.1" 200 12231 "-" "Mozilla/5.0 (compatible; Googlebot/2.1; +http://www.google.com/bot.html)"
2600:1700:ccd0:30d0:70a6:f410:d0b7:a244 - - [22/Sep/2020:22:48:33 +0000] "GET /user/images/g5_helium/favicon.ico HTTP/1.1" 200 5430 "-" "Mozilla/5.0 (Windows NT 10.0; Win64; x64; rv:80.0) Gecko/20100101 Firefox/80.0"
2600:1700:ccd0:30d0:70a6:f410:d0b7:a244 - - [22/Sep/2020:22:48:33 +0000] "GET /user/themes/g5_helium/fonts/lato/lato-black/lato-black-webfont.woff2?5f593174 HTTP/1.1" 200 24632 "https://cyberlab.pacific.edu/assets/f34339a9d26808defc965517fd93f714.css" "Mozilla/5.0 (Windows NT 10.0; Win64; x64; rv:80.0) Gecko/20100101 Firefox/80.0"
2600:1700:ccd0:30d0:70a6:f410:d0b7:a244 - - [22/Sep/2020:22:48:33 +0000] "GET /user/themes/g5_helium/fonts/raleway/raleway-regular/raleway-regular-webfont.woff2?5f593174 HTTP/1.1" 200 25424 "https://cyberlab.pacific.edu/assets/f34339a9d26808defc965517fd93f714.css" "Mozilla/5.0 (Windows NT 10.0; Win64; x64; rv:80.0) Gecko/20100101 Firefox/80.0"
2600:1700:ccd0:30d0:70a6:f410:d0b7:a244 - - [22/Sep/2020:22:48:33 +0000] "GET /user/themes/g5_helium/fonts/lato/lato-bold/lato-bold-webfont.woff2?5f593174 HTTP/1.1" 200 25608 "https://cyberlab.pacific.edu/assets/f34339a9d26808defc965517fd93f714.css" "Mozilla/5.0 (Windows NT 10.0; Win64; x64; rv:80.0) Gecko/20100101 Firefox/80.0"
2600:1700:ccd0:30d0:70a6:f410:d0b7:a244 - - [22/Sep/2020:22:48:53 +0000] "GET /courses/comp175/labs/lab-3-aws-billing HTTP/1.1" 200 13837 "https://cyberlab.pacific.edu/courses/comp175/labs" "Mozilla/5.0 (Windows NT 10.0; Win64; x64; rv:80.0) Gecko/20100101 Firefox/80.0"
2600:1700:ccd0:30d0:70a6:f410:d0b7:a244 - - [22/Sep/2020:22:48:53 +0000] "GET /images/e/4/0/9/b/e409bb2958685ba88a79ffa18b9daed53d95908f-ec2-pricing-node-type.png HTTP/1.1" 200 68382 "https://cyberlab.pacific.edu/courses/comp175/labs/lab-3-aws-billing" "Mozilla/5.0 (Windows NT 10.0; Win64; x64; rv:80.0) Gecko/20100101 Firefox/80.0"
2600:1700:ccd0:30d0:70a6:f410:d0b7:a244 - - [22/Sep/2020:22:48:53 +0000] "GET /images/9/0/5/0/0/905002039e7eecedf93fe672ea6c6aee3ce66760-ec2-pricing-model.png HTTP/1.1" 200 57916 "https://cyberlab.pacific.edu/courses/comp175/labs/lab-3-aws-billing" "Mozilla/5.0 (Windows NT 10.0; Win64; x64; rv:80.0) Gecko/20100101 Firefox/80.0"
2600:1700:ccd0:30d0:70a6:f410:d0b7:a244 - - [22/Sep/2020:22:48:53 +0000] "GET /images/5/a/b/7/0/5ab70687180fb10a2e6cd5f901d38cc63a205298-ec2-pricing-ebs.png HTTP/1.1" 200 60370 "https://cyberlab.pacific.edu/courses/comp175/labs/lab-3-aws-billing" "Mozilla/5.0 (Windows NT 10.0; Win64; x64; rv:80.0) Gecko/20100101 Firefox/80.0"
2600:1700:ccd0:30d0:70a6:f410:d0b7:a244 - - [22/Sep/2020:22:48:53 +0000] "GET /images/4/2/1/2/8/421289cd3ebae3330313c0efb3b2791838de0068-sns-subscription.png HTTP/1.1" 200 87214 "https://cyberlab.pacific.edu/courses/comp175/labs/lab-3-aws-billing" "Mozilla/5.0 (Windows NT 10.0; Win64; x64; rv:80.0) Gecko/20100101 Firefox/80.0"
2600:1700:ccd0:30d0:70a6:f410:d0b7:a244 - - [22/Sep/2020:22:48:53 +0000] "GET /user/images/g5_helium/favicon.ico HTTP/1.1" 200 5430 "-" "Mozilla/5.0 (Windows NT 10.0; Win64; x64; rv:80.0) Gecko/20100101 Firefox/80.0"
2605:6000:170d:5a76:dc4:54af:2e94:992f - - [22/Sep/2020:22:51:05 +0000] "GET /resources/malware-samples-for-students HTTP/1.1" 200 10202 "https://www.google.com/" "Mozilla/5.0 (Macintosh; Intel Mac OS X 10_15_6) AppleWebKit/537.36 (KHTML, like Gecko) Chrome/85.0.4183.83 Safari/537.36"
2605:6000:170d:5a76:dc4:54af:2e94:992f - - [22/Sep/2020:22:51:06 +0000] "GET /system/assets/jquery/jquery-2.x.min.js HTTP/1.1" 200 85578 "https://cyberlab.pacific.edu/resources/malware-samples-for-students" "Mozilla/5.0 (Macintosh; Intel Mac OS X 10_15_6) AppleWebKit/537.36 (KHTML, like Gecko) Chrome/85.0.4183.83 Safari/537.36"
2605:6000:170d:5a76:dc4:54af:2e94:992f - - [22/Sep/2020:22:51:06 +0000] "GET /assets/f34339a9d26808defc965517fd93f714.css HTTP/1.1" 200 155416 "https://cyberlab.pacific.edu/resources/malware-samples-for-students" "Mozilla/5.0 (Macintosh; Intel Mac OS X 10_15_6) AppleWebKit/537.36 (KHTML, like Gecko) Chrome/85.0.4183.83 Safari/537.36"
2605:6000:170d:5a76:dc4:54af:2e94:992f - - [22/Sep/2020:22:51:06 +0000] "GET /user/plugins/lightslider/js/lightslider.min.js HTTP/1.1" 200 16018 "https://cyberlab.pacific.edu/resources/malware-samples-for-students" "Mozilla/5.0 (Macintosh; Intel Mac OS X 10_15_6) AppleWebKit/537.36 (KHTML, like Gecko) Chrome/85.0.4183.83 Safari/537.36"
2605:6000:170d:5a76:dc4:54af:2e94:992f - - [22/Sep/2020:22:51:06 +0000] "GET /user/plugins/highlight/js/highlight.pack.js HTTP/1.1" 200 101421 "https://cyberlab.pacific.edu/resources/malware-samples-for-students" "Mozilla/5.0 (Macintosh; Intel Mac OS X 10_15_6) AppleWebKit/537.36 (KHTML, like Gecko) Chrome/85.0.4183.83 Safari/537.36"
2605:6000:170d:5a76:dc4:54af:2e94:992f - - [22/Sep/2020:22:51:06 +0000] "GET /user/plugins/featherlight/js/featherlight.min.js HTTP/1.1" 200 8670 "https://cyberlab.pacific.edu/resources/malware-samples-for-students" "Mozilla/5.0 (Macintosh; Intel Mac OS X 10_15_6) AppleWebKit/537.36 (KHTML, like Gecko) Chrome/85.0.4183.83 Safari/537.36"
2605:6000:170d:5a76:dc4:54af:2e94:992f - - [22/Sep/2020:22:51:06 +0000] "GET /user/plugins/gantry5/assets/js/main.js HTTP/1.1" 200 60610 "https://cyberlab.pacific.edu/resources/malware-samples-for-students" "Mozilla/5.0 (Macintosh; Intel Mac OS X 10_15_6) AppleWebKit/537.36 (KHTML, like Gecko) Chrome/85.0.4183.83 Safari/537.36"
2605:6000:170d:5a76:dc4:54af:2e94:992f - - [22/Sep/2020:22:51:06 +0000] "GET /user/plugins/simplesearch/js/simplesearch.js HTTP/1.1" 200 1277 "https://cyberlab.pacific.edu/resources/malware-samples-for-students" "Mozilla/5.0 (Macintosh; Intel Mac OS X 10_15_6) AppleWebKit/537.36 (KHTML, like Gecko) Chrome/85.0.4183.83 Safari/537.36"
2605:6000:170d:5a76:dc4:54af:2e94:992f - - [22/Sep/2020:22:51:06 +0000] "GET /user/themes/g5_helium/fonts/raleway/raleway-regular/raleway-regular-webfont.woff2?5f593174 HTTP/1.1" 200 25424 "https://cyberlab.pacific.edu/assets/f34339a9d26808defc965517fd93f714.css" "Mozilla/5.0 (Macintosh; Intel Mac OS X 10_15_6) AppleWebKit/537.36 (KHTML, like Gecko) Chrome/85.0.4183.83 Safari/537.36"
2605:6000:170d:5a76:dc4:54af:2e94:992f - - [22/Sep/2020:22:51:06 +0000] "GET /user/plugins/gantry5/assets/fonts/fontawesome-webfont.woff2?v=4.7.0 HTTP/1.1" 200 77160 "https://cyberlab.pacific.edu/assets/f34339a9d26808defc965517fd93f714.css" "Mozilla/5.0 (Macintosh; Intel Mac OS X 10_15_6) AppleWebKit/537.36 (KHTML, like Gecko) Chrome/85.0.4183.83 Safari/537.36"
2605:6000:170d:5a76:dc4:54af:2e94:992f - - [22/Sep/2020:22:51:06 +0000] "GET /user/themes/g5_helium/fonts/lato/lato-bold/lato-bold-webfont.woff2?5f593174 HTTP/1.1" 200 25608 "https://cyberlab.pacific.edu/assets/f34339a9d26808defc965517fd93f714.css" "Mozilla/5.0 (Macintosh; Intel Mac OS X 10_15_6) AppleWebKit/537.36 (KHTML, like Gecko) Chrome/85.0.4183.83 Safari/537.36"
2605:6000:170d:5a76:dc4:54af:2e94:992f - - [22/Sep/2020:22:51:06 +0000] "GET /user/themes/g5_helium/fonts/lato/lato-regular/lato-regular-webfont.woff2?5f593174 HTTP/1.1" 200 25040 "https://cyberlab.pacific.edu/assets/f34339a9d26808defc965517fd93f714.css" "Mozilla/5.0 (Macintosh; Intel Mac OS X 10_15_6) AppleWebKit/537.36 (KHTML, like Gecko) Chrome/85.0.4183.83 Safari/537.36"
2605:6000:170d:5a76:dc4:54af:2e94:992f - - [22/Sep/2020:22:51:06 +0000] "GET /user/themes/g5_helium/fonts/raleway/raleway-bold/raleway-bold-webfont.woff2?5f593174 HTTP/1.1" 200 25368 "https://cyberlab.pacific.edu/assets/f34339a9d26808defc965517fd93f714.css" "Mozilla/5.0 (Macintosh; Intel Mac OS X 10_15_6) AppleWebKit/537.36 (KHTML, like Gecko) Chrome/85.0.4183.83 Safari/537.36"
2605:6000:170d:5a76:dc4:54af:2e94:992f - - [22/Sep/2020:22:51:06 +0000] "GET /user/themes/g5_helium/fonts/lato/lato-black/lato-black-webfont.woff2?5f593174 HTTP/1.1" 200 24632 "https://cyberlab.pacific.edu/assets/f34339a9d26808defc965517fd93f714.css" "Mozilla/5.0 (Macintosh; Intel Mac OS X 10_15_6) AppleWebKit/537.36 (KHTML, like Gecko) Chrome/85.0.4183.83 Safari/537.36"
2605:6000:170d:5a76:dc4:54af:2e94:992f - - [22/Sep/2020:22:51:06 +0000] "GET /user/images/g5_helium/favicon.ico HTTP/1.1" 200 5430 "https://cyberlab.pacific.edu/resources/malware-samples-for-students" "Mozilla/5.0 (Macintosh; Intel Mac OS X 10_15_6) AppleWebKit/537.36 (KHTML, like Gecko) Chrome/85.0.4183.83 Safari/537.36"
2600:1700:b810:b989:f44d:1a84:491e:c6a4 - - [22/Sep/2020:22:53:02 +0000] "POST /admin/task:keepAlive HTTP/1.1" 200 31 "https://cyberlab.pacific.edu/admin/pages/courses/comp175/projects/project-1" "Mozilla/5.0 (Macintosh; Intel Mac OS X 10_14_6) AppleWebKit/537.36 (KHTML, like Gecko) Chrome/85.0.4183.102 Safari/537.36"
45.32.107.181 - - [22/Sep/2020:22:53:25 +0000] "HEAD / HTTP/1.1" 200 0 "-" "updown.io daemon 2.4"
2001:19f0:4400:402e::1 - - [22/Sep/2020:22:53:26 +0000] "HEAD / HTTP/1.1" 200 0 "-" "updown.io daemon 2.4"
66.249.79.245 - - [22/Sep/2020:22:58:14 +0000] "GET /courses/cybr210 HTTP/1.1" 200 8769 "-" "Mozilla/5.0 (compatible; Googlebot/2.1; +http://www.google.com/bot.html)"
91.121.222.175 - - [22/Sep/2020:22:58:25 +0000] "HEAD / HTTP/1.1" 200 0 "-" "updown.io daemon 2.4"
2001:41d0:2:85af::1 - - [22/Sep/2020:22:58:25 +0000] "HEAD / HTTP/1.1" 200 0 "-" "updown.io daemon 2.4"
75.25.127.28 - - [22/Sep/2020:23:00:46 +0000] "GET /user/images/g5_helium/favicon.ico HTTP/1.1" 200 5430 "-" "Mozilla/5.0 (Windows NT 10.0; Win64; x64; rv:80.0) Gecko/20100101 Firefox/80.0"
75.25.127.28 - - [22/Sep/2020:23:00:47 +0000] "GET /user/themes/g5_helium/fonts/lato/lato-black/lato-black-webfont.woff2?5f593174 HTTP/1.1" 200 24632 "https://cyberlab.pacific.edu/assets/f34339a9d26808defc965517fd93f714.css" "Mozilla/5.0 (Windows NT 10.0; Win64; x64; rv:80.0) Gecko/20100101 Firefox/80.0"
75.25.127.28 - - [22/Sep/2020:23:00:47 +0000] "GET /user/themes/g5_helium/fonts/raleway/raleway-regular/raleway-regular-webfont.woff2?5f593174 HTTP/1.1" 200 25424 "https://cyberlab.pacific.edu/assets/f34339a9d26808defc965517fd93f714.css" "Mozilla/5.0 (Windows NT 10.0; Win64; x64; rv:80.0) Gecko/20100101 Firefox/80.0"
75.25.127.28 - - [22/Sep/2020:23:00:47 +0000] "GET /user/plugins/gantry5/assets/fonts/fontawesome-webfont.woff2?v=4.7.0 HTTP/1.1" 200 77160 "https://cyberlab.pacific.edu/assets/f34339a9d26808defc965517fd93f714.css" "Mozilla/5.0 (Windows NT 10.0; Win64; x64; rv:80.0) Gecko/20100101 Firefox/80.0"
75.25.127.28 - - [22/Sep/2020:23:00:47 +0000] "GET /user/themes/g5_helium/fonts/lato/lato-bold/lato-bold-webfont.woff2?5f593174 HTTP/1.1" 200 25608 "https://cyberlab.pacific.edu/assets/f34339a9d26808defc965517fd93f714.css" "Mozilla/5.0 (Windows NT 10.0; Win64; x64; rv:80.0) Gecko/20100101 Firefox/80.0"
75.25.127.28 - - [22/Sep/2020:23:00:50 +0000] "GET /courses/comp175/labs/lab-2-aws-vpc-security-groups HTTP/1.1" 200 15359 "https://cyberlab.pacific.edu/courses/comp175/labs" "Mozilla/5.0 (Windows NT 10.0; Win64; x64; rv:80.0) Gecko/20100101 Firefox/80.0"
75.25.127.28 - - [22/Sep/2020:23:00:50 +0000] "GET /images/e/5/7/2/3/e57230b14dbeb063a451b7d44ab0274ffa32c09c-nat-gateway-diagram.png HTTP/1.1" 200 120009 "https://cyberlab.pacific.edu/courses/comp175/labs/lab-2-aws-vpc-security-groups" "Mozilla/5.0 (Windows NT 10.0; Win64; x64; rv:80.0) Gecko/20100101 Firefox/80.0"
75.25.127.28 - - [22/Sep/2020:23:00:51 +0000] "GET /favicon.ico HTTP/1.1" 404 8699 "-" "Mozilla/5.0 (Windows NT 10.0; Win64; x64; rv:80.0) Gecko/20100101 Firefox/80.0"
2600:1700:b810:b989:f44d:1a84:491e:c6a4 - - [22/Sep/2020:23:00:54 +0000] "POST /admin/task:keepAlive HTTP/1.1" 200 31 "https://cyberlab.pacific.edu/admin/pages/courses/comp177/resources" "Mozilla/5.0 (Macintosh; Intel Mac OS X 10_14_6) AppleWebKit/537.36 (KHTML, like Gecko) Chrome/85.0.4183.102 Safari/537.36"
75.25.127.28 - - [22/Sep/2020:23:00:55 +0000] "GET /courses/comp175/labs/lab-1-aws-quickstart HTTP/1.1" 200 13346 "https://cyberlab.pacific.edu/courses/comp175/labs" "Mozilla/5.0 (Windows NT 10.0; Win64; x64; rv:80.0) Gecko/20100101 Firefox/80.0"
75.25.127.28 - - [22/Sep/2020:23:00:56 +0000] "GET /images/6/8/5/a/e/685ae32358127d85275ab481508875b568672f80-aws-ecs-connect-screen.png HTTP/1.1" 200 61659 "https://cyberlab.pacific.edu/courses/comp175/labs/lab-1-aws-quickstart" "Mozilla/5.0 (Windows NT 10.0; Win64; x64; rv:80.0) Gecko/20100101 Firefox/80.0"
75.25.127.28 - - [22/Sep/2020:23:00:56 +0000] "GET /images/b/1/8/f/d/b18fdd9a172cd4e6d69c9247a730d4ce3a1228fc-mobaxterm-1.png HTTP/1.1" 200 31121 "https://cyberlab.pacific.edu/courses/comp175/labs/lab-1-aws-quickstart" "Mozilla/5.0 (Windows NT 10.0; Win64; x64; rv:80.0) Gecko/20100101 Firefox/80.0"
75.25.127.28 - - [22/Sep/2020:23:00:56 +0000] "GET /images/4/1/a/5/e/41a5e88efc50515abaa6030993ababf1d55b2227-mobaxterm-2.png HTTP/1.1" 200 35366 "https://cyberlab.pacific.edu/courses/comp175/labs/lab-1-aws-quickstart" "Mozilla/5.0 (Windows NT 10.0; Win64; x64; rv:80.0) Gecko/20100101 Firefox/80.0"
75.25.127.28 - - [22/Sep/2020:23:00:56 +0000] "GET /images/8/c/c/8/8/8cc883f475e6d071242bff88f44940af03f563fe-mobaxterm-3.png HTTP/1.1" 200 39696 "https://cyberlab.pacific.edu/courses/comp175/labs/lab-1-aws-quickstart" "Mozilla/5.0 (Windows NT 10.0; Win64; x64; rv:80.0) Gecko/20100101 Firefox/80.0"
75.25.127.28 - - [22/Sep/2020:23:00:56 +0000] "GET /images/4/1/1/5/d/4115dc14630e36180e697646fe0e12c7e7a9ef2b-instancelifecycle.png HTTP/1.1" 200 56818 "https://cyberlab.pacific.edu/courses/comp175/labs/lab-1-aws-quickstart" "Mozilla/5.0 (Windows NT 10.0; Win64; x64; rv:80.0) Gecko/20100101 Firefox/80.0"
45.76.104.117 - - [22/Sep/2020:23:03:25 +0000] "HEAD / HTTP/1.1" 200 0 "-" "updown.io daemon 2.4"
2001:19f0:7001:45a::1 - - [22/Sep/2020:23:03:25 +0000] "HEAD / HTTP/1.1" 200 0 "-" "updown.io daemon 2.4"
66.249.79.247 - - [22/Sep/2020:23:06:40 +0000] "GET /resources/security-and-privacy-news HTTP/1.1" 200 9063 "-" "Mozilla/5.0 (compatible; Googlebot/2.1; +http://www.google.com/bot.html)"
104.238.159.87 - - [22/Sep/2020:23:08:23 +0000] "HEAD / HTTP/1.1" 200 0 "-" "updown.io daemon 2.4"
2001:19f0:6c01:145::1 - - [22/Sep/2020:23:08:23 +0000] "HEAD / HTTP/1.1" 200 0 "-" "updown.io daemon 2.4"
165.22.24.219 - - [22/Sep/2020:23:08:33 +0000] "GET /resources/malware-samples-for-students HTTP/1.1" 200 10209 "https://www.google.com/" "Mozilla/5.0 (X11; Linux x86_64; rv:68.0) Gecko/20100101 Firefox/68.0"
165.22.24.219 - - [22/Sep/2020:23:08:33 +0000] "GET /assets/f34339a9d26808defc965517fd93f714.css HTTP/1.1" 200 155416 "https://cyberlab.pacific.edu/resources/malware-samples-for-students" "Mozilla/5.0 (X11; Linux x86_64; rv:68.0) Gecko/20100101 Firefox/68.0"
165.22.24.219 - - [22/Sep/2020:23:08:33 +0000] "GET /system/assets/jquery/jquery-2.x.min.js HTTP/1.1" 200 85578 "https://cyberlab.pacific.edu/resources/malware-samples-for-students" "Mozilla/5.0 (X11; Linux x86_64; rv:68.0) Gecko/20100101 Firefox/68.0"
165.22.24.219 - - [22/Sep/2020:23:08:33 +0000] "GET /user/plugins/lightslider/js/lightslider.min.js HTTP/1.1" 200 16018 "https://cyberlab.pacific.edu/resources/malware-samples-for-students" "Mozilla/5.0 (X11; Linux x86_64; rv:68.0) Gecko/20100101 Firefox/68.0"
165.22.24.219 - - [22/Sep/2020:23:08:33 +0000] "GET /user/plugins/featherlight/js/featherlight.min.js HTTP/1.1" 200 8670 "https://cyberlab.pacific.edu/resources/malware-samples-for-students" "Mozilla/5.0 (X11; Linux x86_64; rv:68.0) Gecko/20100101 Firefox/68.0"
165.22.24.219 - - [22/Sep/2020:23:08:33 +0000] "GET /user/plugins/gantry5/assets/js/main.js HTTP/1.1" 200 60610 "https://cyberlab.pacific.edu/resources/malware-samples-for-students" "Mozilla/5.0 (X11; Linux x86_64; rv:68.0) Gecko/20100101 Firefox/68.0"
165.22.24.219 - - [22/Sep/2020:23:08:33 +0000] "GET /user/plugins/highlight/js/highlight.pack.js HTTP/1.1" 200 101421 "https://cyberlab.pacific.edu/resources/malware-samples-for-students" "Mozilla/5.0 (X11; Linux x86_64; rv:68.0) Gecko/20100101 Firefox/68.0"
165.22.24.219 - - [22/Sep/2020:23:08:33 +0000] "GET /user/plugins/simplesearch/js/simplesearch.js HTTP/1.1" 200 1277 "https://cyberlab.pacific.edu/resources/malware-samples-for-students" "Mozilla/5.0 (X11; Linux x86_64; rv:68.0) Gecko/20100101 Firefox/68.0"
165.22.24.219 - - [22/Sep/2020:23:08:34 +0000] "GET /user/images/g5_helium/favicon.ico HTTP/1.1" 200 5430 "-" "Mozilla/5.0 (X11; Linux x86_64; rv:68.0) Gecko/20100101 Firefox/68.0"
165.22.24.219 - - [22/Sep/2020:23:08:34 +0000] "GET /user/themes/g5_helium/fonts/raleway/raleway-regular/raleway-regular-webfont.woff2?5f593174 HTTP/1.1" 200 25424 "https://cyberlab.pacific.edu/assets/f34339a9d26808defc965517fd93f714.css" "Mozilla/5.0 (X11; Linux x86_64; rv:68.0) Gecko/20100101 Firefox/68.0"
165.22.24.219 - - [22/Sep/2020:23:08:34 +0000] "GET /user/themes/g5_helium/fonts/lato/lato-black/lato-black-webfont.woff2?5f593174 HTTP/1.1" 200 24632 "https://cyberlab.pacific.edu/assets/f34339a9d26808defc965517fd93f714.css" "Mozilla/5.0 (X11; Linux x86_64; rv:68.0) Gecko/20100101 Firefox/68.0"
165.22.24.219 - - [22/Sep/2020:23:08:34 +0000] "GET /user/themes/g5_helium/fonts/lato/lato-bold/lato-bold-webfont.woff2?5f593174 HTTP/1.1" 200 25608 "https://cyberlab.pacific.edu/assets/f34339a9d26808defc965517fd93f714.css" "Mozilla/5.0 (X11; Linux x86_64; rv:68.0) Gecko/20100101 Firefox/68.0"
165.22.24.219 - - [22/Sep/2020:23:08:34 +0000] "GET /user/plugins/gantry5/assets/fonts/fontawesome-webfont.woff2?v=4.7.0 HTTP/1.1" 200 77160 "https://cyberlab.pacific.edu/assets/f34339a9d26808defc965517fd93f714.css" "Mozilla/5.0 (X11; Linux x86_64; rv:68.0) Gecko/20100101 Firefox/68.0"
165.22.24.219 - - [22/Sep/2020:23:08:34 +0000] "GET /user/themes/g5_helium/fonts/raleway/raleway-bold/raleway-bold-webfont.woff2?5f593174 HTTP/1.1" 200 25368 "https://cyberlab.pacific.edu/assets/f34339a9d26808defc965517fd93f714.css" "Mozilla/5.0 (X11; Linux x86_64; rv:68.0) Gecko/20100101 Firefox/68.0"
165.22.24.219 - - [22/Sep/2020:23:08:34 +0000] "GET /user/themes/g5_helium/fonts/lato/lato-regular/lato-regular-webfont.woff2?5f593174 HTTP/1.1" 200 25040 "https://cyberlab.pacific.edu/assets/f34339a9d26808defc965517fd93f714.css" "Mozilla/5.0 (X11; Linux x86_64; rv:68.0) Gecko/20100101 Firefox/68.0"
171.4.208.177 - - [22/Sep/2020:23:10:10 +0000] "GET / HTTP/1.1" 404 178 "-" "Mozilla/5.0 (Macintosh; Intel Mac OS X 10_11_6) AppleWebKit/601.7.7 (KHTML, like Gecko) Version/9.1.2 Safari/601.7.7"
192.241.238.116 - - [22/Sep/2020:23:10:30 +0000] "GET / HTTP/1.1" 200 9878 "-" "Mozilla/5.0 zgrab/0.x"
66.249.79.243 - - [22/Sep/2020:23:11:22 +0000] "GET /courses/cybr230/archive_2017_fall/resources/04-project2.pdf HTTP/1.1" 304 0 "-" "Mozilla/5.0 (Linux; Android 6.0.1; Nexus 5X Build/MMB29P) AppleWebKit/537.36 (KHTML, like Gecko) Chrome/85.0.4183.118 Mobile Safari/537.36 (compatible; Googlebot/2.1; +http://www.google.com/bot.html)"
2600:1700:b810:b989:f44d:1a84:491e:c6a4 - - [22/Sep/2020:23:13:02 +0000] "POST /admin/task:keepAlive HTTP/1.1" 200 31 "https://cyberlab.pacific.edu/admin/pages/courses/comp175/projects/project-1" "Mozilla/5.0 (Macintosh; Intel Mac OS X 10_14_6) AppleWebKit/537.36 (KHTML, like Gecko) Chrome/85.0.4183.102 Safari/537.36"
