2607:fb90:ca1e:3e57:ac97:c065:2906:5c30 - - [22/Sep/2020:08:07:59 +0000] "GET /assets/f34339a9d26808defc965517fd93f714.css HTTP/1.1" 200 155416 "https://cyberlab.pacific.edu/resources/malware-samples-for-students" "Mozilla/5.0 (iPhone; CPU iPhone OS 14_0 like Mac OS X) AppleWebKit/605.1.15 (KHTML, like Gecko) Version/14.0 Mobile/15E148 Safari/604.1"
2607:fb90:ca1e:3e57:ac97:c065:2906:5c30 - - [22/Sep/2020:08:07:59 +0000] "GET /user/plugins/lightslider/js/lightslider.min.js HTTP/1.1" 200 16018 "https://cyberlab.pacific.edu/resources/malware-samples-for-students" "Mozilla/5.0 (iPhone; CPU iPhone OS 14_0 like Mac OS X) AppleWebKit/605.1.15 (KHTML, like Gecko) Version/14.0 Mobile/15E148 Safari/604.1"
2607:fb90:ca1e:3e57:ac97:c065:2906:5c30 - - [22/Sep/2020:08:07:59 +0000] "GET /user/plugins/featherlight/js/featherlight.min.js HTTP/1.1" 200 8670 "https://cyberlab.pacific.edu/resources/malware-samples-for-students" "Mozilla/5.0 (iPhone; CPU iPhone OS 14_0 like Mac OS X) AppleWebKit/605.1.15 (KHTML, like Gecko) Version/14.0 Mobile/15E148 Safari/604.1"
2607:fb90:ca1e:3e57:ac97:c065:2906:5c30 - - [22/Sep/2020:08:07:59 +0000] "GET /system/assets/jquery/jquery-2.x.min.js HTTP/1.1" 200 85578 "https://cyberlab.pacific.edu/resources/malware-samples-for-students" "Mozilla/5.0 (iPhone; CPU iPhone OS 14_0 like Mac OS X) AppleWebKit/605.1.15 (KHTML, like Gecko) Version/14.0 Mobile/15E148 Safari/604.1"
2607:fb90:ca1e:3e57:ac97:c065:2906:5c30 - - [22/Sep/2020:08:07:59 +0000] "GET /user/plugins/gantry5/assets/js/main.js HTTP/1.1" 200 60610 "https://cyberlab.pacific.edu/resources/malware-samples-for-students" "Mozilla/5.0 (iPhone; CPU iPhone OS 14_0 like Mac OS X) AppleWebKit/605.1.15 (KHTML, like Gecko) Version/14.0 Mobile/15E148 Safari/604.1"
2607:fb90:ca1e:3e57:ac97:c065:2906:5c30 - - [22/Sep/2020:08:07:59 +0000] "GET /user/plugins/highlight/js/highlight.pack.js HTTP/1.1" 200 101421 "https://cyberlab.pacific.edu/resources/malware-samples-for-students" "Mozilla/5.0 (iPhone; CPU iPhone OS 14_0 like Mac OS X) AppleWebKit/605.1.15 (KHTML, like Gecko) Version/14.0 Mobile/15E148 Safari/604.1"
2607:fb90:ca1e:3e57:ac97:c065:2906:5c30 - - [22/Sep/2020:08:07:59 +0000] "GET /user/plugins/simplesearch/js/simplesearch.js HTTP/1.1" 200 1277 "https://cyberlab.pacific.edu/resources/malware-samples-for-students" "Mozilla/5.0 (iPhone; CPU iPhone OS 14_0 like Mac OS X) AppleWebKit/605.1.15 (KHTML, like Gecko) Version/14.0 Mobile/15E148 Safari/604.1"
2607:fb90:ca1e:3e57:ac97:c065:2906:5c30 - - [22/Sep/2020:08:08:00 +0000] "GET /user/plugins/gantry5/assets/fonts/fontawesome-webfont.woff2?v=4.7.0 HTTP/1.1" 200 77160 "https://cyberlab.pacific.edu/resources/malware-samples-for-students" "Mozilla/5.0 (iPhone; CPU iPhone OS 14_0 like Mac OS X) AppleWebKit/605.1.15 (KHTML, like Gecko) Version/14.0 Mobile/15E148 Safari/604.1"
2607:fb90:ca1e:3e57:ac97:c065:2906:5c30 - - [22/Sep/2020:08:08:00 +0000] "GET /user/themes/g5_helium/fonts/lato/lato-bold/lato-bold-webfont.woff2?5f593174 HTTP/1.1" 200 25608 "https://cyberlab.pacific.edu/resources/malware-samples-for-students" "Mozilla/5.0 (iPhone; CPU iPhone OS 14_0 like Mac OS X) AppleWebKit/605.1.15 (KHTML, like Gecko) Version/14.0 Mobile/15E148 Safari/604.1"
2607:fb90:ca1e:3e57:ac97:c065:2906:5c30 - - [22/Sep/2020:08:08:00 +0000] "GET /user/themes/g5_helium/fonts/raleway/raleway-bold/raleway-bold-webfont.woff2?5f593174 HTTP/1.1" 200 25368 "https://cyberlab.pacific.edu/resources/malware-samples-for-students" "Mozilla/5.0 (iPhone; CPU iPhone OS 14_0 like Mac OS X) AppleWebKit/605.1.15 (KHTML, like Gecko) Version/14.0 Mobile/15E148 Safari/604.1"
2607:fb90:ca1e:3e57:ac97:c065:2906:5c30 - - [22/Sep/2020:08:08:00 +0000] "GET /user/themes/g5_helium/fonts/raleway/raleway-regular/raleway-regular-webfont.woff2?5f593174 HTTP/1.1" 200 25424 "https://cyberlab.pacific.edu/resources/malware-samples-for-students" "Mozilla/5.0 (iPhone; CPU iPhone OS 14_0 like Mac OS X) AppleWebKit/605.1.15 (KHTML, like Gecko) Version/14.0 Mobile/15E148 Safari/604.1"
2607:fb90:ca1e:3e57:ac97:c065:2906:5c30 - - [22/Sep/2020:08:08:00 +0000] "GET /user/themes/g5_helium/fonts/lato/lato-regular/lato-regular-webfont.woff2?5f593174 HTTP/1.1" 200 25040 "https://cyberlab.pacific.edu/resources/malware-samples-for-students" "Mozilla/5.0 (iPhone; CPU iPhone OS 14_0 like Mac OS X) AppleWebKit/605.1.15 (KHTML, like Gecko) Version/14.0 Mobile/15E148 Safari/604.1"
2607:fb90:ca1e:3e57:ac97:c065:2906:5c30 - - [22/Sep/2020:08:08:00 +0000] "GET /user/images/g5_helium/favicon.ico HTTP/1.1" 200 5430 "https://cyberlab.pacific.edu/resources/malware-samples-for-students" "Mozilla/5.0 (iPhone; CPU iPhone OS 14_0 like Mac OS X) AppleWebKit/605.1.15 (KHTML, like Gecko) Version/14.0 Mobile/15E148 Safari/604.1"
45.63.29.207 - - [22/Sep/2020:08:12:29 +0000] "HEAD / HTTP/1.1" 200 0 "-" "updown.io daemon 2.4"
2001:19f0:5801:1d8::1 - - [22/Sep/2020:08:12:29 +0000] "HEAD / HTTP/1.1" 200 0 "-" "updown.io daemon 2.4"
185.191.171.33 - - [22/Sep/2020:08:14:02 +0000] "GET /robots.txt HTTP/1.1" 200 197 "-" "Mozilla/5.0 (compatible; SemrushBot/6~bl; +http://www.semrush.com/bot.html)"
185.191.171.22 - - [22/Sep/2020:08:14:03 +0000] "GET /courses/comp175/labs/lab-3-aws-billing HTTP/1.1" 200 13851 "-" "Mozilla/5.0 (compatible; SemrushBot/6~bl; +http://www.semrush.com/bot.html)"
66.249.68.23 - - [22/Sep/2020:08:15:06 +0000] "GET / HTTP/1.1" 301 194 "-" "Mozilla/5.0 (Linux; Android 6.0.1; Nexus 5X Build/MMB29P) AppleWebKit/537.36 (KHTML, like Gecko) Chrome/85.0.4183.118 Mobile Safari/537.36 (compatible; Googlebot/2.1; +http://www.google.com/bot.html)"
66.249.68.3 - - [22/Sep/2020:08:15:06 +0000] "GET / HTTP/1.1" 200 9881 "-" "Mozilla/5.0 (Linux; Android 6.0.1; Nexus 5X Build/MMB29P) AppleWebKit/537.36 (KHTML, like Gecko) Chrome/85.0.4183.118 Mobile Safari/537.36 (compatible; Googlebot/2.1; +http://www.google.com/bot.html)"
1.55.245.73 - - [22/Sep/2020:08:15:30 +0000] "GET /resources/malware-samples-for-students HTTP/1.1" 200 10209 "https://www.google.com/" "Mozilla/5.0 (X11; Ubuntu; Linux x86_64; rv:80.0) Gecko/20100101 Firefox/80.0"
1.55.245.73 - - [22/Sep/2020:08:15:30 +0000] "GET /assets/f34339a9d26808defc965517fd93f714.css HTTP/1.1" 200 155416 "https://cyberlab.pacific.edu/resources/malware-samples-for-students" "Mozilla/5.0 (X11; Ubuntu; Linux x86_64; rv:80.0) Gecko/20100101 Firefox/80.0"
1.55.245.73 - - [22/Sep/2020:08:15:30 +0000] "GET /user/plugins/lightslider/js/lightslider.min.js HTTP/1.1" 200 16018 "https://cyberlab.pacific.edu/resources/malware-samples-for-students" "Mozilla/5.0 (X11; Ubuntu; Linux x86_64; rv:80.0) Gecko/20100101 Firefox/80.0"
1.55.245.73 - - [22/Sep/2020:08:15:30 +0000] "GET /user/plugins/featherlight/js/featherlight.min.js HTTP/1.1" 200 8670 "https://cyberlab.pacific.edu/resources/malware-samples-for-students" "Mozilla/5.0 (X11; Ubuntu; Linux x86_64; rv:80.0) Gecko/20100101 Firefox/80.0"
1.55.245.73 - - [22/Sep/2020:08:15:30 +0000] "GET /user/plugins/gantry5/assets/js/main.js HTTP/1.1" 200 60610 "https://cyberlab.pacific.edu/resources/malware-samples-for-students" "Mozilla/5.0 (X11; Ubuntu; Linux x86_64; rv:80.0) Gecko/20100101 Firefox/80.0"
1.55.245.73 - - [22/Sep/2020:08:15:30 +0000] "GET /system/assets/jquery/jquery-2.x.min.js HTTP/1.1" 200 85578 "https://cyberlab.pacific.edu/resources/malware-samples-for-students" "Mozilla/5.0 (X11; Ubuntu; Linux x86_64; rv:80.0) Gecko/20100101 Firefox/80.0"
1.55.245.73 - - [22/Sep/2020:08:15:30 +0000] "GET /user/plugins/simplesearch/js/simplesearch.js HTTP/1.1" 200 1277 "https://cyberlab.pacific.edu/resources/malware-samples-for-students" "Mozilla/5.0 (X11; Ubuntu; Linux x86_64; rv:80.0) Gecko/20100101 Firefox/80.0"
1.55.245.73 - - [22/Sep/2020:08:15:30 +0000] "GET /user/plugins/highlight/js/highlight.pack.js HTTP/1.1" 200 101421 "https://cyberlab.pacific.edu/resources/malware-samples-for-students" "Mozilla/5.0 (X11; Ubuntu; Linux x86_64; rv:80.0) Gecko/20100101 Firefox/80.0"
1.55.245.73 - - [22/Sep/2020:08:15:31 +0000] "GET /user/images/g5_helium/favicon.ico HTTP/1.1" 200 5430 "-" "Mozilla/5.0 (X11; Ubuntu; Linux x86_64; rv:80.0) Gecko/20100101 Firefox/80.0"
1.55.245.73 - - [22/Sep/2020:08:15:31 +0000] "GET /user/themes/g5_helium/fonts/raleway/raleway-regular/raleway-regular-webfont.woff2?5f593174 HTTP/1.1" 200 25424 "https://cyberlab.pacific.edu/assets/f34339a9d26808defc965517fd93f714.css" "Mozilla/5.0 (X11; Ubuntu; Linux x86_64; rv:80.0) Gecko/20100101 Firefox/80.0"
1.55.245.73 - - [22/Sep/2020:08:15:31 +0000] "GET /user/themes/g5_helium/fonts/lato/lato-black/lato-black-webfont.woff2?5f593174 HTTP/1.1" 200 24632 "https://cyberlab.pacific.edu/assets/f34339a9d26808defc965517fd93f714.css" "Mozilla/5.0 (X11; Ubuntu; Linux x86_64; rv:80.0) Gecko/20100101 Firefox/80.0"
1.55.245.73 - - [22/Sep/2020:08:15:31 +0000] "GET /user/plugins/gantry5/assets/fonts/fontawesome-webfont.woff2?v=4.7.0 HTTP/1.1" 200 77160 "https://cyberlab.pacific.edu/assets/f34339a9d26808defc965517fd93f714.css" "Mozilla/5.0 (X11; Ubuntu; Linux x86_64; rv:80.0) Gecko/20100101 Firefox/80.0"
1.55.245.73 - - [22/Sep/2020:08:15:31 +0000] "GET /user/themes/g5_helium/fonts/lato/lato-bold/lato-bold-webfont.woff2?5f593174 HTTP/1.1" 200 25608 "https://cyberlab.pacific.edu/assets/f34339a9d26808defc965517fd93f714.css" "Mozilla/5.0 (X11; Ubuntu; Linux x86_64; rv:80.0) Gecko/20100101 Firefox/80.0"
1.55.245.73 - - [22/Sep/2020:08:15:31 +0000] "GET /user/themes/g5_helium/fonts/raleway/raleway-bold/raleway-bold-webfont.woff2?5f593174 HTTP/1.1" 200 25368 "https://cyberlab.pacific.edu/assets/f34339a9d26808defc965517fd93f714.css" "Mozilla/5.0 (X11; Ubuntu; Linux x86_64; rv:80.0) Gecko/20100101 Firefox/80.0"
1.55.245.73 - - [22/Sep/2020:08:15:31 +0000] "GET /user/themes/g5_helium/fonts/lato/lato-regular/lato-regular-webfont.woff2?5f593174 HTTP/1.1" 200 25040 "https://cyberlab.pacific.edu/assets/f34339a9d26808defc965517fd93f714.css" "Mozilla/5.0 (X11; Ubuntu; Linux x86_64; rv:80.0) Gecko/20100101 Firefox/80.0"
104.238.159.87 - - [22/Sep/2020:08:17:25 +0000] "HEAD / HTTP/1.1" 200 0 "-" "updown.io daemon 2.4"
2001:19f0:6c01:145::1 - - [22/Sep/2020:08:17:25 +0000] "HEAD / HTTP/1.1" 200 0 "-" "updown.io daemon 2.4"
2001:41d0:2:85af::1 - - [22/Sep/2020:08:22:24 +0000] "HEAD / HTTP/1.1" 200 0 "-" "updown.io daemon 2.4"
91.121.222.175 - - [22/Sep/2020:08:22:24 +0000] "HEAD / HTTP/1.1" 200 0 "-" "updown.io daemon 2.4"
128.14.134.170 - - [22/Sep/2020:08:22:57 +0000] "GET /remote/login HTTP/1.1" 404 8701 "-" "Mozilla/5.0 (Windows NT 10.0; Win64; x64) AppleWebKit/537.36 (KHTML, like Gecko) Chrome/60.0.3112.113 Safari/537.36"
192.99.37.47 - - [22/Sep/2020:08:27:23 +0000] "HEAD / HTTP/1.1" 200 0 "-" "updown.io daemon 2.4"
2607:5300:60:4c2f::1 - - [22/Sep/2020:08:27:23 +0000] "HEAD / HTTP/1.1" 200 0 "-" "updown.io daemon 2.4"
49.36.24.51 - - [22/Sep/2020:08:31:12 +0000] "GET /courses/comp175 HTTP/1.1" 200 8811 "-" "Mozilla/5.0 (iPhone; CPU iPhone OS 14_0 like Mac OS X) AppleWebKit/605.1.15 (KHTML, like Gecko) Version/14.0 Mobile/15E148 Safari/604.1"
49.36.24.51 - - [22/Sep/2020:08:31:12 +0000] "GET /assets/a3f0ee6c0024359c7760827881a32e6e.css HTTP/1.1" 304 0 "https://cyberlab.pacific.edu/courses/comp175" "Mozilla/5.0 (iPhone; CPU iPhone OS 14_0 like Mac OS X) AppleWebKit/605.1.15 (KHTML, like Gecko) Version/14.0 Mobile/15E148 Safari/604.1"
49.36.24.51 - - [22/Sep/2020:08:31:12 +0000] "GET /user/plugins/gantry5/assets/js/main.js?5f59316b HTTP/1.1" 304 0 "https://cyberlab.pacific.edu/courses/comp175" "Mozilla/5.0 (iPhone; CPU iPhone OS 14_0 like Mac OS X) AppleWebKit/605.1.15 (KHTML, like Gecko) Version/14.0 Mobile/15E148 Safari/604.1"
49.36.24.51 - - [22/Sep/2020:08:31:12 +0000] "GET /images/2/a/9/f/1/2a9f1524459a3d6860104e675276d1e0adadc7e6-shutterstock1384804721-cropped1x.png HTTP/1.1" 304 0 "https://cyberlab.pacific.edu/courses/comp175" "Mozilla/5.0 (iPhone; CPU iPhone OS 14_0 like Mac OS X) AppleWebKit/605.1.15 (KHTML, like Gecko) Version/14.0 Mobile/15E148 Safari/604.1"
49.36.24.51 - - [22/Sep/2020:08:31:13 +0000] "GET /apple-touch-icon-120x120-precomposed.png HTTP/1.1" 404 152 "-" "MobileSafari/604.1 CFNetwork/1197 Darwin/20.0.0"
49.36.24.51 - - [22/Sep/2020:08:31:14 +0000] "GET /apple-touch-icon-120x120.png HTTP/1.1" 404 152 "-" "MobileSafari/604.1 CFNetwork/1197 Darwin/20.0.0"
49.36.24.51 - - [22/Sep/2020:08:31:14 +0000] "GET /courses/comp175/labs HTTP/1.1" 200 9308 "https://cyberlab.pacific.edu/courses/comp175" "Mozilla/5.0 (iPhone; CPU iPhone OS 14_0 like Mac OS X) AppleWebKit/605.1.15 (KHTML, like Gecko) Version/14.0 Mobile/15E148 Safari/604.1"
49.36.24.51 - - [22/Sep/2020:08:31:14 +0000] "GET /apple-touch-icon-precomposed.png HTTP/1.1" 404 152 "-" "MobileSafari/604.1 CFNetwork/1197 Darwin/20.0.0"
49.36.24.51 - - [22/Sep/2020:08:31:14 +0000] "GET /apple-touch-icon.png HTTP/1.1" 404 152 "-" "MobileSafari/604.1 CFNetwork/1197 Darwin/20.0.0"
49.36.24.51 - - [22/Sep/2020:08:31:15 +0000] "GET /user/images/g5_helium/favicon.ico HTTP/1.1" 200 5430 "-" "MobileSafari/604.1 CFNetwork/1197 Darwin/20.0.0"
49.36.24.51 - - [22/Sep/2020:08:31:18 +0000] "GET /courses/comp175/labs/lab-5-web-server-2 HTTP/1.1" 200 15296 "https://cyberlab.pacific.edu/courses/comp175/labs" "Mozilla/5.0 (iPhone; CPU iPhone OS 14_0 like Mac OS X) AppleWebKit/605.1.15 (KHTML, like Gecko) Version/14.0 Mobile/15E148 Safari/604.1"
49.36.24.51 - - [22/Sep/2020:08:31:19 +0000] "GET /images/7/2/d/7/7/72d777fc2d3966c292d0053427ad653a48008146-lab-05-diagram.png HTTP/1.1" 304 0 "https://cyberlab.pacific.edu/courses/comp175/labs/lab-5-web-server-2" "Mozilla/5.0 (iPhone; CPU iPhone OS 14_0 like Mac OS X) AppleWebKit/605.1.15 (KHTML, like Gecko) Version/14.0 Mobile/15E148 Safari/604.1"
49.36.24.51 - - [22/Sep/2020:08:31:19 +0000] "GET /images/e/f/c/f/a/efcfa508380e0673fb54e40b82a0daa8af4cbda0-lab-05-diagram.png HTTP/1.1" 200 144450 "https://cyberlab.pacific.edu/courses/comp175/labs/lab-5-web-server-2" "Mozilla/5.0 (iPhone; CPU iPhone OS 14_0 like Mac OS X) AppleWebKit/605.1.15 (KHTML, like Gecko) Version/14.0 Mobile/15E148 Safari/604.1"
2001:19f0:6c01:145::1 - - [22/Sep/2020:08:32:23 +0000] "HEAD / HTTP/1.1" 200 0 "-" "updown.io daemon 2.4"
104.238.159.87 - - [22/Sep/2020:08:32:23 +0000] "HEAD / HTTP/1.1" 200 0 "-" "updown.io daemon 2.4"
54.36.148.95 - - [22/Sep/2020:08:35:07 +0000] "GET /resources/pacific-vmware-licenses HTTP/1.1" 200 10205 "-" "Mozilla/5.0 (compatible; AhrefsBot/7.0; +http://ahrefs.com/robot/)"
2001:19f0:4400:402e::1 - - [22/Sep/2020:08:37:21 +0000] "HEAD / HTTP/1.1" 200 0 "-" "updown.io daemon 2.4"
45.32.107.181 - - [22/Sep/2020:08:37:21 +0000] "HEAD / HTTP/1.1" 200 0 "-" "updown.io daemon 2.4"
66.249.68.30 - - [22/Sep/2020:08:37:52 +0000] "GET /courses/cybr230/resources/02-honeypots.pdf HTTP/1.1" 200 5460289 "-" "Mozilla/5.0 (compatible; Googlebot/2.1; +http://www.google.com/bot.html)"
2405:201:21:a073:9d:59a:3786:b305 - - [22/Sep/2020:08:39:29 +0000] "GET /courses/comp177 HTTP/1.1" 200 8800 "-" "Mozilla/5.0 (iPhone; CPU iPhone OS 14_0 like Mac OS X) AppleWebKit/605.1.15 (KHTML, like Gecko) Version/14.0 Mobile/15E148 Safari/604.1"
2405:201:21:a073:9d:59a:3786:b305 - - [22/Sep/2020:08:39:32 +0000] "GET /courses/comp177/labs HTTP/1.1" 200 9236 "https://cyberlab.pacific.edu/courses/comp177" "Mozilla/5.0 (iPhone; CPU iPhone OS 14_0 like Mac OS X) AppleWebKit/605.1.15 (KHTML, like Gecko) Version/14.0 Mobile/15E148 Safari/604.1"
2405:201:21:a073:9d:59a:3786:b305 - - [22/Sep/2020:08:39:40 +0000] "GET /courses/comp175 HTTP/1.1" 200 8804 "https://cyberlab.pacific.edu/courses/comp177/labs" "Mozilla/5.0 (iPhone; CPU iPhone OS 14_0 like Mac OS X) AppleWebKit/605.1.15 (KHTML, like Gecko) Version/14.0 Mobile/15E148 Safari/604.1"
2405:201:21:a073:9d:59a:3786:b305 - - [22/Sep/2020:08:39:42 +0000] "GET /courses/comp175/labs HTTP/1.1" 200 9301 "https://cyberlab.pacific.edu/courses/comp175" "Mozilla/5.0 (iPhone; CPU iPhone OS 14_0 like Mac OS X) AppleWebKit/605.1.15 (KHTML, like Gecko) Version/14.0 Mobile/15E148 Safari/604.1"
2405:201:21:a073:9d:59a:3786:b305 - - [22/Sep/2020:08:39:44 +0000] "GET /courses/comp175/labs/lab-4-web-server HTTP/1.1" 200 14302 "https://cyberlab.pacific.edu/courses/comp175/labs" "Mozilla/5.0 (iPhone; CPU iPhone OS 14_0 like Mac OS X) AppleWebKit/605.1.15 (KHTML, like Gecko) Version/14.0 Mobile/15E148 Safari/604.1"
2405:201:21:a073:9d:59a:3786:b305 - - [22/Sep/2020:08:39:45 +0000] "GET /images/3/4/1/d/8/341d859ef37620baa8ffa5158df0b4c8f4017754-lab-04-diagram.png HTTP/1.1" 304 0 "https://cyberlab.pacific.edu/courses/comp175/labs/lab-4-web-server" "Mozilla/5.0 (iPhone; CPU iPhone OS 14_0 like Mac OS X) AppleWebKit/605.1.15 (KHTML, like Gecko) Version/14.0 Mobile/15E148 Safari/604.1"
2405:201:21:a073:9d:59a:3786:b305 - - [22/Sep/2020:08:39:45 +0000] "GET /images/0/0/6/a/3/006a3cc9dddf78fe28af08ee0ad0720f51952811-lab-04-diagram.png HTTP/1.1" 200 100970 "https://cyberlab.pacific.edu/courses/comp175/labs/lab-4-web-server" "Mozilla/5.0 (iPhone; CPU iPhone OS 14_0 like Mac OS X) AppleWebKit/605.1.15 (KHTML, like Gecko) Version/14.0 Mobile/15E148 Safari/604.1"
2001:41d0:2:85af::1 - - [22/Sep/2020:08:42:19 +0000] "HEAD / HTTP/1.1" 200 0 "-" "updown.io daemon 2.4"
91.121.222.175 - - [22/Sep/2020:08:42:20 +0000] "HEAD / HTTP/1.1" 200 0 "-" "updown.io daemon 2.4"
66.249.68.3 - - [22/Sep/2020:08:46:38 +0000] "GET /courses/cybr230/resources/07-802.11.pdf HTTP/1.1" 200 40021231 "-" "Mozilla/5.0 (compatible; Googlebot/2.1; +http://www.google.com/bot.html)"
104.238.136.194 - - [22/Sep/2020:08:47:17 +0000] "HEAD / HTTP/1.1" 200 0 "-" "updown.io daemon 2.4"
2001:19f0:9002:11a::1 - - [22/Sep/2020:08:47:17 +0000] "HEAD / HTTP/1.1" 200 0 "-" "updown.io daemon 2.4"
112.237.6.12 - - [22/Sep/2020:08:47:24 +0000] "POST /HNAP1/ HTTP/1.0" 404 178 "-" "-"
216.244.66.246 - - [22/Sep/2020:08:48:46 +0000] "GET /robots.txt HTTP/1.1" 301 194 "-" "Mozilla/5.0 (compatible; DotBot/1.1; http://www.opensiteexplorer.org/dotbot, help@moz.com)"
216.244.66.246 - - [22/Sep/2020:08:48:46 +0000] "GET /robots.txt HTTP/1.1" 200 197 "-" "Mozilla/5.0 (compatible; DotBot/1.1; http://www.opensiteexplorer.org/dotbot, help@moz.com)"
45.76.104.117 - - [22/Sep/2020:08:52:16 +0000] "HEAD / HTTP/1.1" 200 0 "-" "updown.io daemon 2.4"
2001:19f0:7001:45a::1 - - [22/Sep/2020:08:52:16 +0000] "HEAD / HTTP/1.1" 200 0 "-" "updown.io daemon 2.4"
216.244.66.246 - - [22/Sep/2020:08:57:08 +0000] "GET /courses/cybr230/projects/project2 HTTP/1.1" 200 48365 "-" "Mozilla/5.0 (compatible; DotBot/1.1; http://www.opensiteexplorer.org/dotbot, help@moz.com)"
2001:19f0:6001:2c6::1 - - [22/Sep/2020:08:57:12 +0000] "HEAD / HTTP/1.1" 200 0 "-" "updown.io daemon 2.4"
45.32.74.41 - - [22/Sep/2020:08:57:12 +0000] "HEAD / HTTP/1.1" 200 0 "-" "updown.io daemon 2.4"
66.249.68.28 - - [22/Sep/2020:08:59:03 +0000] "GET /resources/lab-network-monitoring HTTP/1.1" 200 12017 "-" "Mozilla/5.0 (Linux; Android 6.0.1; Nexus 5X Build/MMB29P) AppleWebKit/537.36 (KHTML, like Gecko) Chrome/85.0.4183.118 Mobile Safari/537.36 (compatible; Googlebot/2.1; +http://www.google.com/bot.html)"
216.244.66.246 - - [22/Sep/2020:08:59:22 +0000] "GET /courses/cybr220/resources/14-special-topics.pdf HTTP/1.1" 404 40397 "-" "Mozilla/5.0 (compatible; DotBot/1.1; http://www.opensiteexplorer.org/dotbot, help@moz.com)"
104.238.159.87 - - [22/Sep/2020:09:02:11 +0000] "HEAD / HTTP/1.1" 200 0 "-" "updown.io daemon 2.4"
2001:19f0:6c01:145::1 - - [22/Sep/2020:09:02:11 +0000] "HEAD / HTTP/1.1" 200 0 "-" "updown.io daemon 2.4"
66.249.68.28 - - [22/Sep/2020:09:03:32 +0000] "GET /resources/lab-network-hardware HTTP/1.1" 200 10594 "-" "Mozilla/5.0 (compatible; Googlebot/2.1; +http://www.google.com/bot.html)"
66.249.68.3 - - [22/Sep/2020:09:05:00 +0000] "GET /courses/comp178/projects/presentation-1 HTTP/1.1" 200 11588 "-" "Mozilla/5.0 (Linux; Android 6.0.1; Nexus 5X Build/MMB29P) AppleWebKit/537.36 (KHTML, like Gecko) Chrome/85.0.4183.118 Mobile Safari/537.36 (compatible; Googlebot/2.1; +http://www.google.com/bot.html)"
207.46.13.179 - - [22/Sep/2020:09:05:52 +0000] "GET /resources/malware-samples-for-students HTTP/1.1" 200 10202 "-" "Mozilla/5.0 (compatible; bingbot/2.0; +http://www.bing.com/bingbot.htm)"
66.249.68.3 - - [22/Sep/2020:09:06:15 +0000] "GET /courses/comp293a/resources/virtual-machine-configuration HTTP/1.1" 200 12231 "-" "Mozilla/5.0 (compatible; Googlebot/2.1; +http://www.google.com/bot.html)"
2001:41d0:2:85af::1 - - [22/Sep/2020:09:07:10 +0000] "HEAD / HTTP/1.1" 200 0 "-" "updown.io daemon 2.4"
91.121.222.175 - - [22/Sep/2020:09:07:10 +0000] "HEAD / HTTP/1.1" 200 0 "-" "updown.io daemon 2.4"
138.229.107.98 - - [22/Sep/2020:09:10:58 +0000] "GET / HTTP/1.0" 200 9861 "-" "Mozilla/5.0 (Macintosh; Intel Mac OS X 10_12_6) AppleWebKit/537.36 (KHTML, like Gecko) Chrome/65.0.3325.181 Safari/537.36 OPR/52.0.2871.64"
138.229.107.98 - - [22/Sep/2020:09:10:59 +0000] "GET /contact HTTP/1.0" 200 8991 "https://cyberlab.pacific.edu" "Mozilla/5.0 (Macintosh; Intel Mac OS X 10_12_6) AppleWebKit/537.36 (KHTML, like Gecko) Chrome/65.0.3325.181 Safari/537.36 OPR/52.0.2871.64"
2405:201:21:a073:ed49:83:7dd2:8c4 - - [22/Sep/2020:09:11:34 +0000] "GET /courses/comp175/labs/lab-5-web-server-2 HTTP/1.1" 200 15310 "https://cyberlab.pacific.edu/courses/comp175/labs" "Mozilla/5.0 (Macintosh; Intel Mac OS X 10_15_6) AppleWebKit/605.1.15 (KHTML, like Gecko) Version/14.0 Safari/605.1.15"
2405:201:21:a073:ed49:83:7dd2:8c4 - - [22/Sep/2020:09:11:38 +0000] "GET /courses/comp175/labs HTTP/1.1" 200 9301 "-" "Mozilla/5.0 (Macintosh; Intel Mac OS X 10_15_6) AppleWebKit/605.1.15 (KHTML, like Gecko) Version/14.0 Safari/605.1.15"
2405:201:21:a073:ed49:83:7dd2:8c4 - - [22/Sep/2020:09:11:40 +0000] "GET /courses/comp175/labs/lab-4-web-server HTTP/1.1" 200 14302 "https://cyberlab.pacific.edu/courses/comp175/labs" "Mozilla/5.0 (Macintosh; Intel Mac OS X 10_15_6) AppleWebKit/605.1.15 (KHTML, like Gecko) Version/14.0 Safari/605.1.15"
2405:201:21:a073:ed49:83:7dd2:8c4 - - [22/Sep/2020:09:11:41 +0000] "GET /images/0/0/6/a/3/006a3cc9dddf78fe28af08ee0ad0720f51952811-lab-04-diagram.png HTTP/1.1" 200 100970 "https://cyberlab.pacific.edu/courses/comp175/labs/lab-4-web-server" "Mozilla/5.0 (Macintosh; Intel Mac OS X 10_15_6) AppleWebKit/605.1.15 (KHTML, like Gecko) Version/14.0 Safari/605.1.15"
192.35.168.250 - - [22/Sep/2020:09:12:04 +0000] "GET / HTTP/1.1" 404 178 "-" "-"
192.35.168.250 - - [22/Sep/2020:09:12:04 +0000] "GET / HTTP/1.1" 404 152 "-" "Mozilla/5.0 (compatible; CensysInspect/1.1; +https://about.censys.io/)"
2607:5300:60:4c2f::1 - - [22/Sep/2020:09:12:09 +0000] "HEAD / HTTP/1.1" 200 0 "-" "updown.io daemon 2.4"
192.99.37.47 - - [22/Sep/2020:09:12:09 +0000] "HEAD / HTTP/1.1" 200 0 "-" "updown.io daemon 2.4"
213.202.233.194 - - [22/Sep/2020:09:12:23 +0000] "\x03\x00\x00/*\xE0\x00\x00\x00\x00\x00Cookie: mstshash=Administr" 400 182 "-" "-"
45.63.29.207 - - [22/Sep/2020:09:17:09 +0000] "HEAD / HTTP/1.1" 200 0 "-" "updown.io daemon 2.4"
2001:19f0:5801:1d8::1 - - [22/Sep/2020:09:17:09 +0000] "HEAD / HTTP/1.1" 200 0 "-" "updown.io daemon 2.4"
66.249.68.28 - - [22/Sep/2020:09:17:51 +0000] "GET /courses/cybr230/resources/05-dnssec-dnstls-doh.pdf HTTP/1.1" 200 22433762 "-" "Mozilla/5.0 (compatible; Googlebot/2.1; +http://www.google.com/bot.html)"
91.121.222.175 - - [22/Sep/2020:09:22:09 +0000] "HEAD / HTTP/1.1" 200 0 "-" "updown.io daemon 2.4"
2001:41d0:2:85af::1 - - [22/Sep/2020:09:22:09 +0000] "HEAD / HTTP/1.1" 200 0 "-" "updown.io daemon 2.4"
213.202.233.56 - - [22/Sep/2020:09:23:06 +0000] "\x03\x00\x00/*\xE0\x00\x00\x00\x00\x00Cookie: mstshash=Administr" 400 182 "-" "-"
104.238.159.87 - - [22/Sep/2020:09:27:07 +0000] "HEAD / HTTP/1.1" 200 0 "-" "updown.io daemon 2.4"
2001:19f0:6c01:145::1 - - [22/Sep/2020:09:27:07 +0000] "HEAD / HTTP/1.1" 200 0 "-" "updown.io daemon 2.4"
185.191.171.16 - - [22/Sep/2020:09:27:35 +0000] "GET /robots.txt HTTP/1.1" 200 197 "-" "Mozilla/5.0 (compatible; SemrushBot/6~bl; +http://www.semrush.com/bot.html)"
185.191.171.34 - - [22/Sep/2020:09:27:35 +0000] "GET /courses/cybr200/archive_2017_fall/labs/lab-cryptography HTTP/1.1" 200 11492 "-" "Mozilla/5.0 (compatible; SemrushBot/6~bl; +http://www.semrush.com/bot.html)"
66.249.68.3 - - [22/Sep/2020:09:27:40 +0000] "GET /courses/cybr200/resources/Crypto101.pdf HTTP/1.1" 200 16268068 "-" "Mozilla/5.0 (compatible; Googlebot/2.1; +http://www.google.com/bot.html)"
66.249.68.30 - - [22/Sep/2020:09:30:06 +0000] "GET /courses/cybr240/syllabus HTTP/1.1" 200 12513 "-" "Mozilla/5.0 (compatible; Googlebot/2.1; +http://www.google.com/bot.html)"
66.249.68.30 - - [22/Sep/2020:09:30:44 +0000] "GET /resources/reverse-engineering-malware-toolkits HTTP/1.1" 200 11071 "-" "Mozilla/5.0 (Linux; Android 6.0.1; Nexus 5X Build/MMB29P) AppleWebKit/537.36 (KHTML, like Gecko) Chrome/85.0.4183.118 Mobile Safari/537.36 (compatible; Googlebot/2.1; +http://www.google.com/bot.html)"
114.119.131.116 - - [22/Sep/2020:09:31:59 +0000] "GET /images/e/9/7/2/a/e972ac083eeb0eb5275949662728e05966fa0630-networklogical1x.png HTTP/1.1" 404 152 "-" "Mozilla/5.0 (Linux; Android 7.0;) AppleWebKit/537.36 (KHTML, like Gecko) Mobile Safari/537.36 (compatible; PetalBot;+https://aspiegel.com/petalbot)"
192.99.37.47 - - [22/Sep/2020:09:32:04 +0000] "HEAD / HTTP/1.1" 200 0 "-" "updown.io daemon 2.4"
2607:5300:60:4c2f::1 - - [22/Sep/2020:09:32:05 +0000] "HEAD / HTTP/1.1" 200 0 "-" "updown.io daemon 2.4"
84.65.100.220 - - [22/Sep/2020:09:35:24 +0000] "GET /resources/malware-samples-for-students HTTP/1.1" 200 10202 "https://www.google.co.uk/" "Mozilla/5.0 (Windows NT 10.0; Win64; x64) AppleWebKit/537.36 (KHTML, like Gecko) Chrome/85.0.4183.121 Safari/537.36"
84.65.100.220 - - [22/Sep/2020:09:35:24 +0000] "GET /assets/f34339a9d26808defc965517fd93f714.css HTTP/1.1" 200 155416 "https://cyberlab.pacific.edu/resources/malware-samples-for-students" "Mozilla/5.0 (Windows NT 10.0; Win64; x64) AppleWebKit/537.36 (KHTML, like Gecko) Chrome/85.0.4183.121 Safari/537.36"
84.65.100.220 - - [22/Sep/2020:09:35:24 +0000] "GET /user/plugins/lightslider/js/lightslider.min.js HTTP/1.1" 200 16018 "https://cyberlab.pacific.edu/resources/malware-samples-for-students" "Mozilla/5.0 (Windows NT 10.0; Win64; x64) AppleWebKit/537.36 (KHTML, like Gecko) Chrome/85.0.4183.121 Safari/537.36"
84.65.100.220 - - [22/Sep/2020:09:35:24 +0000] "GET /system/assets/jquery/jquery-2.x.min.js HTTP/1.1" 200 85578 "https://cyberlab.pacific.edu/resources/malware-samples-for-students" "Mozilla/5.0 (Windows NT 10.0; Win64; x64) AppleWebKit/537.36 (KHTML, like Gecko) Chrome/85.0.4183.121 Safari/537.36"
84.65.100.220 - - [22/Sep/2020:09:35:24 +0000] "GET /user/plugins/highlight/js/highlight.pack.js HTTP/1.1" 200 101421 "https://cyberlab.pacific.edu/resources/malware-samples-for-students" "Mozilla/5.0 (Windows NT 10.0; Win64; x64) AppleWebKit/537.36 (KHTML, like Gecko) Chrome/85.0.4183.121 Safari/537.36"
84.65.100.220 - - [22/Sep/2020:09:35:24 +0000] "GET /user/plugins/featherlight/js/featherlight.min.js HTTP/1.1" 200 8670 "https://cyberlab.pacific.edu/resources/malware-samples-for-students" "Mozilla/5.0 (Windows NT 10.0; Win64; x64) AppleWebKit/537.36 (KHTML, like Gecko) Chrome/85.0.4183.121 Safari/537.36"
84.65.100.220 - - [22/Sep/2020:09:35:24 +0000] "GET /user/plugins/gantry5/assets/js/main.js HTTP/1.1" 200 60610 "https://cyberlab.pacific.edu/resources/malware-samples-for-students" "Mozilla/5.0 (Windows NT 10.0; Win64; x64) AppleWebKit/537.36 (KHTML, like Gecko) Chrome/85.0.4183.121 Safari/537.36"
84.65.100.220 - - [22/Sep/2020:09:35:25 +0000] "GET /user/plugins/simplesearch/js/simplesearch.js HTTP/1.1" 200 1277 "https://cyberlab.pacific.edu/resources/malware-samples-for-students" "Mozilla/5.0 (Windows NT 10.0; Win64; x64) AppleWebKit/537.36 (KHTML, like Gecko) Chrome/85.0.4183.121 Safari/537.36"
84.65.100.220 - - [22/Sep/2020:09:35:25 +0000] "GET /user/themes/g5_helium/fonts/raleway/raleway-regular/raleway-regular-webfont.woff2?5f593174 HTTP/1.1" 200 25424 "https://cyberlab.pacific.edu/assets/f34339a9d26808defc965517fd93f714.css" "Mozilla/5.0 (Windows NT 10.0; Win64; x64) AppleWebKit/537.36 (KHTML, like Gecko) Chrome/85.0.4183.121 Safari/537.36"
84.65.100.220 - - [22/Sep/2020:09:35:25 +0000] "GET /user/themes/g5_helium/fonts/lato/lato-bold/lato-bold-webfont.woff2?5f593174 HTTP/1.1" 200 25608 "https://cyberlab.pacific.edu/assets/f34339a9d26808defc965517fd93f714.css" "Mozilla/5.0 (Windows NT 10.0; Win64; x64) AppleWebKit/537.36 (KHTML, like Gecko) Chrome/85.0.4183.121 Safari/537.36"
84.65.100.220 - - [22/Sep/2020:09:35:25 +0000] "GET /user/plugins/gantry5/assets/fonts/fontawesome-webfont.woff2?v=4.7.0 HTTP/1.1" 200 77160 "https://cyberlab.pacific.edu/assets/f34339a9d26808defc965517fd93f714.css" "Mozilla/5.0 (Windows NT 10.0; Win64; x64) AppleWebKit/537.36 (KHTML, like Gecko) Chrome/85.0.4183.121 Safari/537.36"
84.65.100.220 - - [22/Sep/2020:09:35:25 +0000] "GET /user/themes/g5_helium/fonts/raleway/raleway-bold/raleway-bold-webfont.woff2?5f593174 HTTP/1.1" 200 25368 "https://cyberlab.pacific.edu/assets/f34339a9d26808defc965517fd93f714.css" "Mozilla/5.0 (Windows NT 10.0; Win64; x64) AppleWebKit/537.36 (KHTML, like Gecko) Chrome/85.0.4183.121 Safari/537.36"
84.65.100.220 - - [22/Sep/2020:09:35:25 +0000] "GET /user/themes/g5_helium/fonts/lato/lato-regular/lato-regular-webfont.woff2?5f593174 HTTP/1.1" 200 25040 "https://cyberlab.pacific.edu/assets/f34339a9d26808defc965517fd93f714.css" "Mozilla/5.0 (Windows NT 10.0; Win64; x64) AppleWebKit/537.36 (KHTML, like Gecko) Chrome/85.0.4183.121 Safari/537.36"
84.65.100.220 - - [22/Sep/2020:09:35:25 +0000] "GET /user/themes/g5_helium/fonts/lato/lato-black/lato-black-webfont.woff2?5f593174 HTTP/1.1" 200 24632 "https://cyberlab.pacific.edu/assets/f34339a9d26808defc965517fd93f714.css" "Mozilla/5.0 (Windows NT 10.0; Win64; x64) AppleWebKit/537.36 (KHTML, like Gecko) Chrome/85.0.4183.121 Safari/537.36"
84.65.100.220 - - [22/Sep/2020:09:35:25 +0000] "GET /user/images/g5_helium/favicon.ico HTTP/1.1" 200 5430 "https://cyberlab.pacific.edu/resources/malware-samples-for-students" "Mozilla/5.0 (Windows NT 10.0; Win64; x64) AppleWebKit/537.36 (KHTML, like Gecko) Chrome/85.0.4183.121 Safari/537.36"
216.244.66.246 - - [22/Sep/2020:09:35:55 +0000] "GET /robots.txt HTTP/1.1" 301 194 "-" "Mozilla/5.0 (compatible; DotBot/1.1; http://www.opensiteexplorer.org/dotbot, help@moz.com)"
216.244.66.246 - - [22/Sep/2020:09:35:55 +0000] "GET /robots.txt HTTP/1.1" 200 197 "-" "Mozilla/5.0 (compatible; DotBot/1.1; http://www.opensiteexplorer.org/dotbot, help@moz.com)"
91.121.222.175 - - [22/Sep/2020:09:37:04 +0000] "HEAD / HTTP/1.1" 200 0 "-" "updown.io daemon 2.4"
2001:41d0:2:85af::1 - - [22/Sep/2020:09:37:04 +0000] "HEAD / HTTP/1.1" 200 0 "-" "updown.io daemon 2.4"
77.27.211.170 - - [22/Sep/2020:09:39:50 +0000] "GET /resources/malware-samples-for-students HTTP/1.1" 200 10209 "https://www.google.com/" "Mozilla/5.0 (Windows NT 6.1; Win64; x64) AppleWebKit/537.36 (KHTML, like Gecko) Chrome/85.0.4183.102 Safari/537.36"
77.27.211.170 - - [22/Sep/2020:09:39:50 +0000] "GET /system/assets/jquery/jquery-2.x.min.js HTTP/1.1" 200 85578 "https://cyberlab.pacific.edu/resources/malware-samples-for-students" "Mozilla/5.0 (Windows NT 6.1; Win64; x64) AppleWebKit/537.36 (KHTML, like Gecko) Chrome/85.0.4183.102 Safari/537.36"
77.27.211.170 - - [22/Sep/2020:09:39:50 +0000] "GET /assets/f34339a9d26808defc965517fd93f714.css HTTP/1.1" 200 155416 "https://cyberlab.pacific.edu/resources/malware-samples-for-students" "Mozilla/5.0 (Windows NT 6.1; Win64; x64) AppleWebKit/537.36 (KHTML, like Gecko) Chrome/85.0.4183.102 Safari/537.36"
77.27.211.170 - - [22/Sep/2020:09:39:50 +0000] "GET /user/plugins/lightslider/js/lightslider.min.js HTTP/1.1" 200 16018 "https://cyberlab.pacific.edu/resources/malware-samples-for-students" "Mozilla/5.0 (Windows NT 6.1; Win64; x64) AppleWebKit/537.36 (KHTML, like Gecko) Chrome/85.0.4183.102 Safari/537.36"
77.27.211.170 - - [22/Sep/2020:09:39:50 +0000] "GET /user/plugins/featherlight/js/featherlight.min.js HTTP/1.1" 200 8670 "https://cyberlab.pacific.edu/resources/malware-samples-for-students" "Mozilla/5.0 (Windows NT 6.1; Win64; x64) AppleWebKit/537.36 (KHTML, like Gecko) Chrome/85.0.4183.102 Safari/537.36"
77.27.211.170 - - [22/Sep/2020:09:39:50 +0000] "GET /user/plugins/highlight/js/highlight.pack.js HTTP/1.1" 200 101421 "https://cyberlab.pacific.edu/resources/malware-samples-for-students" "Mozilla/5.0 (Windows NT 6.1; Win64; x64) AppleWebKit/537.36 (KHTML, like Gecko) Chrome/85.0.4183.102 Safari/537.36"
77.27.211.170 - - [22/Sep/2020:09:39:50 +0000] "GET /user/plugins/gantry5/assets/js/main.js HTTP/1.1" 200 60610 "https://cyberlab.pacific.edu/resources/malware-samples-for-students" "Mozilla/5.0 (Windows NT 6.1; Win64; x64) AppleWebKit/537.36 (KHTML, like Gecko) Chrome/85.0.4183.102 Safari/537.36"
77.27.211.170 - - [22/Sep/2020:09:39:50 +0000] "GET /user/plugins/simplesearch/js/simplesearch.js HTTP/1.1" 200 1277 "https://cyberlab.pacific.edu/resources/malware-samples-for-students" "Mozilla/5.0 (Windows NT 6.1; Win64; x64) AppleWebKit/537.36 (KHTML, like Gecko) Chrome/85.0.4183.102 Safari/537.36"
77.27.211.170 - - [22/Sep/2020:09:39:51 +0000] "GET /user/themes/g5_helium/fonts/raleway/raleway-regular/raleway-regular-webfont.woff2?5f593174 HTTP/1.1" 200 25424 "https://cyberlab.pacific.edu/assets/f34339a9d26808defc965517fd93f714.css" "Mozilla/5.0 (Windows NT 6.1; Win64; x64) AppleWebKit/537.36 (KHTML, like Gecko) Chrome/85.0.4183.102 Safari/537.36"
77.27.211.170 - - [22/Sep/2020:09:39:51 +0000] "GET /user/themes/g5_helium/fonts/lato/lato-bold/lato-bold-webfont.woff2?5f593174 HTTP/1.1" 200 25608 "https://cyberlab.pacific.edu/assets/f34339a9d26808defc965517fd93f714.css" "Mozilla/5.0 (Windows NT 6.1; Win64; x64) AppleWebKit/537.36 (KHTML, like Gecko) Chrome/85.0.4183.102 Safari/537.36"
77.27.211.170 - - [22/Sep/2020:09:39:51 +0000] "GET /user/plugins/gantry5/assets/fonts/fontawesome-webfont.woff2?v=4.7.0 HTTP/1.1" 200 77160 "https://cyberlab.pacific.edu/assets/f34339a9d26808defc965517fd93f714.css" "Mozilla/5.0 (Windows NT 6.1; Win64; x64) AppleWebKit/537.36 (KHTML, like Gecko) Chrome/85.0.4183.102 Safari/537.36"
77.27.211.170 - - [22/Sep/2020:09:39:51 +0000] "GET /user/themes/g5_helium/fonts/raleway/raleway-bold/raleway-bold-webfont.woff2?5f593174 HTTP/1.1" 200 25368 "https://cyberlab.pacific.edu/assets/f34339a9d26808defc965517fd93f714.css" "Mozilla/5.0 (Windows NT 6.1; Win64; x64) AppleWebKit/537.36 (KHTML, like Gecko) Chrome/85.0.4183.102 Safari/537.36"
77.27.211.170 - - [22/Sep/2020:09:39:51 +0000] "GET /user/themes/g5_helium/fonts/lato/lato-black/lato-black-webfont.woff2?5f593174 HTTP/1.1" 200 24632 "https://cyberlab.pacific.edu/assets/f34339a9d26808defc965517fd93f714.css" "Mozilla/5.0 (Windows NT 6.1; Win64; x64) AppleWebKit/537.36 (KHTML, like Gecko) Chrome/85.0.4183.102 Safari/537.36"
77.27.211.170 - - [22/Sep/2020:09:39:51 +0000] "GET /user/themes/g5_helium/fonts/lato/lato-regular/lato-regular-webfont.woff2?5f593174 HTTP/1.1" 200 25040 "https://cyberlab.pacific.edu/assets/f34339a9d26808defc965517fd93f714.css" "Mozilla/5.0 (Windows NT 6.1; Win64; x64) AppleWebKit/537.36 (KHTML, like Gecko) Chrome/85.0.4183.102 Safari/537.36"
77.27.211.170 - - [22/Sep/2020:09:39:52 +0000] "GET /user/images/g5_helium/favicon.ico HTTP/1.1" 200 5430 "https://cyberlab.pacific.edu/resources/malware-samples-for-students" "Mozilla/5.0 (Windows NT 6.1; Win64; x64) AppleWebKit/537.36 (KHTML, like Gecko) Chrome/85.0.4183.102 Safari/537.36"
45.32.107.181 - - [22/Sep/2020:09:42:04 +0000] "HEAD / HTTP/1.1" 200 0 "-" "updown.io daemon 2.4"
2001:19f0:4400:402e::1 - - [22/Sep/2020:09:42:04 +0000] "HEAD / HTTP/1.1" 200 0 "-" "updown.io daemon 2.4"
216.244.66.246 - - [22/Sep/2020:09:42:27 +0000] "GET /courses/cybr220/labs/lab-9-anti-re-2 HTTP/1.1" 404 40397 "-" "Mozilla/5.0 (compatible; DotBot/1.1; http://www.opensiteexplorer.org/dotbot, help@moz.com)"
2001:41d0:2:85af::1 - - [22/Sep/2020:09:47:02 +0000] "HEAD / HTTP/1.1" 200 0 "-" "updown.io daemon 2.4"
91.121.222.175 - - [22/Sep/2020:09:47:02 +0000] "HEAD / HTTP/1.1" 200 0 "-" "updown.io daemon 2.4"
2001:19f0:6001:2c6::1 - - [22/Sep/2020:09:52:01 +0000] "HEAD / HTTP/1.1" 200 0 "-" "updown.io daemon 2.4"
45.32.74.41 - - [22/Sep/2020:09:52:01 +0000] "HEAD / HTTP/1.1" 200 0 "-" "updown.io daemon 2.4"
91.121.222.175 - - [22/Sep/2020:09:57:01 +0000] "HEAD / HTTP/1.1" 200 0 "-" "updown.io daemon 2.4"
2001:41d0:2:85af::1 - - [22/Sep/2020:09:57:01 +0000] "HEAD / HTTP/1.1" 200 0 "-" "updown.io daemon 2.4"
104.238.136.194 - - [22/Sep/2020:10:01:58 +0000] "HEAD / HTTP/1.1" 200 0 "-" "updown.io daemon 2.4"
2001:19f0:9002:11a::1 - - [22/Sep/2020:10:01:58 +0000] "HEAD / HTTP/1.1" 200 0 "-" "updown.io daemon 2.4"
162.142.125.49 - - [22/Sep/2020:10:02:34 +0000] "GET / HTTP/1.1" 404 178 "-" "-"
162.142.125.49 - - [22/Sep/2020:10:02:34 +0000] "GET / HTTP/1.1" 404 152 "-" "Mozilla/5.0 (compatible; CensysInspect/1.1; +https://about.censys.io/)"
66.249.68.30 - - [22/Sep/2020:10:04:22 +0000] "GET /images/0/7/1/1/c/0711cd8b3ee9d1afc27cac1ba3ebf5a369978460-07-rs47847campus-beauty-cherry-picker-11x.jpeg HTTP/1.1" 200 667061 "-" "Googlebot-Image/1.0"
2001:19f0:4400:402e::1 - - [22/Sep/2020:10:06:58 +0000] "HEAD / HTTP/1.1" 200 0 "-" "updown.io daemon 2.4"
45.32.107.181 - - [22/Sep/2020:10:06:58 +0000] "HEAD / HTTP/1.1" 200 0 "-" "updown.io daemon 2.4"
2405:201:21:a073:ed49:83:7dd2:8c4 - - [22/Sep/2020:10:07:13 +0000] "GET /courses/comp175 HTTP/1.1" 200 8811 "-" "Mozilla/5.0 (Macintosh; Intel Mac OS X 10_15_6) AppleWebKit/605.1.15 (KHTML, like Gecko) Version/14.0 Safari/605.1.15"
2405:201:21:a073:ed49:83:7dd2:8c4 - - [22/Sep/2020:10:07:15 +0000] "GET /images/3/0/8/a/4/308a496a5d357465de0e8d6758c01e47e99ae92e-shutterstock1384804721-cropped3x.png HTTP/1.1" 200 671396 "https://cyberlab.pacific.edu/courses/comp175" "Mozilla/5.0 (Macintosh; Intel Mac OS X 10_15_6) AppleWebKit/605.1.15 (KHTML, like Gecko) Version/14.0 Safari/605.1.15"
2405:201:21:a073:ed49:83:7dd2:8c4 - - [22/Sep/2020:10:07:16 +0000] "GET /courses/comp175/labs HTTP/1.1" 200 9308 "https://cyberlab.pacific.edu/courses/comp175" "Mozilla/5.0 (Macintosh; Intel Mac OS X 10_15_6) AppleWebKit/605.1.15 (KHTML, like Gecko) Version/14.0 Safari/605.1.15"
2405:201:21:a073:ed49:83:7dd2:8c4 - - [22/Sep/2020:10:07:19 +0000] "GET /courses/comp175/labs/lab-6-web-server-3 HTTP/1.1" 200 14212 "https://cyberlab.pacific.edu/courses/comp175/labs" "Mozilla/5.0 (Macintosh; Intel Mac OS X 10_15_6) AppleWebKit/605.1.15 (KHTML, like Gecko) Version/14.0 Safari/605.1.15"
49.36.24.51 - - [22/Sep/2020:10:08:32 +0000] "GET /courses/comp175/labs HTTP/1.1" 200 9308 "https://cyberlab.pacific.edu/courses/comp175/labs/lab-6-web-server-3" "Mozilla/5.0 (Macintosh; Intel Mac OS X 10_15_6) AppleWebKit/605.1.15 (KHTML, like Gecko) Version/14.0 Safari/605.1.15"
49.36.24.51 - - [22/Sep/2020:10:08:40 +0000] "GET /courses/comp175/labs/lab-5-web-server-2 HTTP/1.1" 200 15310 "https://cyberlab.pacific.edu/courses/comp175/labs" "Mozilla/5.0 (Macintosh; Intel Mac OS X 10_15_6) AppleWebKit/605.1.15 (KHTML, like Gecko) Version/14.0 Safari/605.1.15"
2405:201:21:a073:ed49:83:7dd2:8c4 - - [22/Sep/2020:10:10:15 +0000] "GET /courses/comp175/labs HTTP/1.1" 200 9301 "https://cyberlab.pacific.edu/courses/comp175/labs/lab-5-web-server-2" "Mozilla/5.0 (Macintosh; Intel Mac OS X 10_15_6) AppleWebKit/605.1.15 (KHTML, like Gecko) Version/14.0 Safari/605.1.15"
2405:201:21:a073:ed49:83:7dd2:8c4 - - [22/Sep/2020:10:10:18 +0000] "GET /courses/comp175/labs/lab-4-web-server HTTP/1.1" 200 14302 "https://cyberlab.pacific.edu/courses/comp175/labs" "Mozilla/5.0 (Macintosh; Intel Mac OS X 10_15_6) AppleWebKit/605.1.15 (KHTML, like Gecko) Version/14.0 Safari/605.1.15"
2405:201:21:a073:ed49:83:7dd2:8c4 - - [22/Sep/2020:10:10:34 +0000] "GET /courses/comp175/labs/lab-5-web-server-2 HTTP/1.1" 200 15310 "https://cyberlab.pacific.edu/courses/comp175/labs" "Mozilla/5.0 (Macintosh; Intel Mac OS X 10_15_6) AppleWebKit/605.1.15 (KHTML, like Gecko) Version/14.0 Safari/605.1.15"
45.76.104.117 - - [22/Sep/2020:10:11:55 +0000] "HEAD / HTTP/1.1" 200 0 "-" "updown.io daemon 2.4"
2001:19f0:7001:45a::1 - - [22/Sep/2020:10:11:55 +0000] "HEAD / HTTP/1.1" 200 0 "-" "updown.io daemon 2.4"
2405:201:21:a073:ed49:83:7dd2:8c4 - - [22/Sep/2020:10:14:55 +0000] "GET /courses/comp175/labs HTTP/1.1" 200 9308 "https://cyberlab.pacific.edu/courses/comp175/labs/lab-5-web-server-2" "Mozilla/5.0 (Macintosh; Intel Mac OS X 10_15_6) AppleWebKit/605.1.15 (KHTML, like Gecko) Version/14.0 Safari/605.1.15"
2405:201:21:a073:ed49:83:7dd2:8c4 - - [22/Sep/2020:10:14:58 +0000] "GET /courses/comp175/labs/lab-6-web-server-3 HTTP/1.1" 200 14226 "https://cyberlab.pacific.edu/courses/comp175/labs" "Mozilla/5.0 (Macintosh; Intel Mac OS X 10_15_6) AppleWebKit/605.1.15 (KHTML, like Gecko) Version/14.0 Safari/605.1.15"
45.63.29.207 - - [22/Sep/2020:10:16:55 +0000] "HEAD / HTTP/1.1" 200 0 "-" "updown.io daemon 2.4"
2001:19f0:5801:1d8::1 - - [22/Sep/2020:10:16:55 +0000] "HEAD / HTTP/1.1" 200 0 "-" "updown.io daemon 2.4"
78.128.125.2 - - [22/Sep/2020:10:21:37 +0000] "GET / HTTP/1.1" 404 580 "-" "Mozilla/5.0 (Windows NT 10.0; WOW64) AppleWebKit/537.36 (KHTML, like Gecko) Chrome/52.0.2743.116 Safari/537.36"
45.32.74.41 - - [22/Sep/2020:10:21:53 +0000] "HEAD / HTTP/1.1" 200 0 "-" "updown.io daemon 2.4"
2001:19f0:6001:2c6::1 - - [22/Sep/2020:10:21:53 +0000] "HEAD / HTTP/1.1" 200 0 "-" "updown.io daemon 2.4"
66.249.68.3 - - [22/Sep/2020:10:24:25 +0000] "GET /courses/comp178 HTTP/1.1" 200 8780 "-" "Mozilla/5.0 (Linux; Android 6.0.1; Nexus 5X Build/MMB29P) AppleWebKit/537.36 (KHTML, like Gecko) Chrome/85.0.4183.118 Mobile Safari/537.36 (compatible; Googlebot/2.1; +http://www.google.com/bot.html)"
2001:19f0:5801:1d8::1 - - [22/Sep/2020:10:26:53 +0000] "HEAD / HTTP/1.1" 200 0 "-" "updown.io daemon 2.4"
45.63.29.207 - - [22/Sep/2020:10:26:53 +0000] "HEAD / HTTP/1.1" 200 0 "-" "updown.io daemon 2.4"
66.249.68.3 - - [22/Sep/2020:10:29:58 +0000] "GET /courses/comp293a/resources/virtual-machine-configuration HTTP/1.1" 200 12231 "-" "Mozilla/5.0 (Linux; Android 6.0.1; Nexus 5X Build/MMB29P) AppleWebKit/537.36 (KHTML, like Gecko) Chrome/85.0.4183.118 Mobile Safari/537.36 (compatible; Googlebot/2.1; +http://www.google.com/bot.html)"
2001:19f0:6001:2c6::1 - - [22/Sep/2020:10:31:52 +0000] "HEAD / HTTP/1.1" 200 0 "-" "updown.io daemon 2.4"
45.32.74.41 - - [22/Sep/2020:10:31:52 +0000] "HEAD / HTTP/1.1" 200 0 "-" "updown.io daemon 2.4"
2001:19f0:4400:402e::1 - - [22/Sep/2020:10:36:52 +0000] "HEAD / HTTP/1.1" 200 0 "-" "updown.io daemon 2.4"
45.32.107.181 - - [22/Sep/2020:10:36:52 +0000] "HEAD / HTTP/1.1" 200 0 "-" "updown.io daemon 2.4"
66.249.68.3 - - [22/Sep/2020:10:37:27 +0000] "GET /courses/comp293a/labs/lab-2-static-analysis-tools HTTP/1.1" 200 12936 "-" "Mozilla/5.0 (compatible; Googlebot/2.1; +http://www.google.com/bot.html)"
66.249.68.3 - - [22/Sep/2020:10:38:30 +0000] "GET /courses/cybr230/resources/07-802.11.pdf HTTP/1.1" 304 0 "-" "Mozilla/5.0 (Linux; Android 6.0.1; Nexus 5X Build/MMB29P) AppleWebKit/537.36 (KHTML, like Gecko) Chrome/85.0.4183.118 Mobile Safari/537.36 (compatible; Googlebot/2.1; +http://www.google.com/bot.html)"
86.182.103.145 - - [22/Sep/2020:10:38:58 +0000] "GET /resources/malware-samples-for-students HTTP/1.1" 200 10209 "https://www.google.com/" "Mozilla/5.0 (Windows NT 6.1; Win64; x64) AppleWebKit/537.36 (KHTML, like Gecko) Chrome/85.0.4183.121 Safari/537.36"
86.182.103.145 - - [22/Sep/2020:10:38:59 +0000] "GET /assets/f34339a9d26808defc965517fd93f714.css HTTP/1.1" 200 155416 "https://cyberlab.pacific.edu/resources/malware-samples-for-students" "Mozilla/5.0 (Windows NT 6.1; Win64; x64) AppleWebKit/537.36 (KHTML, like Gecko) Chrome/85.0.4183.121 Safari/537.36"
86.182.103.145 - - [22/Sep/2020:10:39:00 +0000] "GET /system/assets/jquery/jquery-2.x.min.js HTTP/1.1" 200 85578 "https://cyberlab.pacific.edu/resources/malware-samples-for-students" "Mozilla/5.0 (Windows NT 6.1; Win64; x64) AppleWebKit/537.36 (KHTML, like Gecko) Chrome/85.0.4183.121 Safari/537.36"
86.182.103.145 - - [22/Sep/2020:10:39:00 +0000] "GET /user/plugins/lightslider/js/lightslider.min.js HTTP/1.1" 200 16018 "https://cyberlab.pacific.edu/resources/malware-samples-for-students" "Mozilla/5.0 (Windows NT 6.1; Win64; x64) AppleWebKit/537.36 (KHTML, like Gecko) Chrome/85.0.4183.121 Safari/537.36"
86.182.103.145 - - [22/Sep/2020:10:39:00 +0000] "GET /user/plugins/highlight/js/highlight.pack.js HTTP/1.1" 200 101421 "https://cyberlab.pacific.edu/resources/malware-samples-for-students" "Mozilla/5.0 (Windows NT 6.1; Win64; x64) AppleWebKit/537.36 (KHTML, like Gecko) Chrome/85.0.4183.121 Safari/537.36"
86.182.103.145 - - [22/Sep/2020:10:39:00 +0000] "GET /user/plugins/gantry5/assets/js/main.js HTTP/1.1" 200 60610 "https://cyberlab.pacific.edu/resources/malware-samples-for-students" "Mozilla/5.0 (Windows NT 6.1; Win64; x64) AppleWebKit/537.36 (KHTML, like Gecko) Chrome/85.0.4183.121 Safari/537.36"
86.182.103.145 - - [22/Sep/2020:10:39:00 +0000] "GET /user/plugins/featherlight/js/featherlight.min.js HTTP/1.1" 200 8670 "https://cyberlab.pacific.edu/resources/malware-samples-for-students" "Mozilla/5.0 (Windows NT 6.1; Win64; x64) AppleWebKit/537.36 (KHTML, like Gecko) Chrome/85.0.4183.121 Safari/537.36"
86.182.103.145 - - [22/Sep/2020:10:39:00 +0000] "GET /user/plugins/simplesearch/js/simplesearch.js HTTP/1.1" 200 1277 "https://cyberlab.pacific.edu/resources/malware-samples-for-students" "Mozilla/5.0 (Windows NT 6.1; Win64; x64) AppleWebKit/537.36 (KHTML, like Gecko) Chrome/85.0.4183.121 Safari/537.36"
86.182.103.145 - - [22/Sep/2020:10:39:00 +0000] "GET /user/themes/g5_helium/fonts/raleway/raleway-regular/raleway-regular-webfont.woff2?5f593174 HTTP/1.1" 200 25424 "https://cyberlab.pacific.edu/assets/f34339a9d26808defc965517fd93f714.css" "Mozilla/5.0 (Windows NT 6.1; Win64; x64) AppleWebKit/537.36 (KHTML, like Gecko) Chrome/85.0.4183.121 Safari/537.36"
86.182.103.145 - - [22/Sep/2020:10:39:00 +0000] "GET /user/plugins/gantry5/assets/fonts/fontawesome-webfont.woff2?v=4.7.0 HTTP/1.1" 200 77160 "https://cyberlab.pacific.edu/assets/f34339a9d26808defc965517fd93f714.css" "Mozilla/5.0 (Windows NT 6.1; Win64; x64) AppleWebKit/537.36 (KHTML, like Gecko) Chrome/85.0.4183.121 Safari/537.36"
86.182.103.145 - - [22/Sep/2020:10:39:00 +0000] "GET /user/themes/g5_helium/fonts/lato/lato-bold/lato-bold-webfont.woff2?5f593174 HTTP/1.1" 200 25608 "https://cyberlab.pacific.edu/assets/f34339a9d26808defc965517fd93f714.css" "Mozilla/5.0 (Windows NT 6.1; Win64; x64) AppleWebKit/537.36 (KHTML, like Gecko) Chrome/85.0.4183.121 Safari/537.36"
86.182.103.145 - - [22/Sep/2020:10:39:00 +0000] "GET /user/themes/g5_helium/fonts/raleway/raleway-bold/raleway-bold-webfont.woff2?5f593174 HTTP/1.1" 200 25368 "https://cyberlab.pacific.edu/assets/f34339a9d26808defc965517fd93f714.css" "Mozilla/5.0 (Windows NT 6.1; Win64; x64) AppleWebKit/537.36 (KHTML, like Gecko) Chrome/85.0.4183.121 Safari/537.36"
86.182.103.145 - - [22/Sep/2020:10:39:00 +0000] "GET /user/themes/g5_helium/fonts/lato/lato-regular/lato-regular-webfont.woff2?5f593174 HTTP/1.1" 200 25040 "https://cyberlab.pacific.edu/assets/f34339a9d26808defc965517fd93f714.css" "Mozilla/5.0 (Windows NT 6.1; Win64; x64) AppleWebKit/537.36 (KHTML, like Gecko) Chrome/85.0.4183.121 Safari/537.36"
86.182.103.145 - - [22/Sep/2020:10:39:00 +0000] "GET /user/themes/g5_helium/fonts/lato/lato-black/lato-black-webfont.woff2?5f593174 HTTP/1.1" 200 24632 "https://cyberlab.pacific.edu/assets/f34339a9d26808defc965517fd93f714.css" "Mozilla/5.0 (Windows NT 6.1; Win64; x64) AppleWebKit/537.36 (KHTML, like Gecko) Chrome/85.0.4183.121 Safari/537.36"
86.182.103.145 - - [22/Sep/2020:10:39:01 +0000] "GET /user/images/g5_helium/favicon.ico HTTP/1.1" 200 5430 "https://cyberlab.pacific.edu/resources/malware-samples-for-students" "Mozilla/5.0 (Windows NT 6.1; Win64; x64) AppleWebKit/537.36 (KHTML, like Gecko) Chrome/85.0.4183.121 Safari/537.36"
45.32.74.41 - - [22/Sep/2020:10:41:51 +0000] "HEAD / HTTP/1.1" 200 0 "-" "updown.io daemon 2.4"
2001:19f0:6001:2c6::1 - - [22/Sep/2020:10:41:51 +0000] "HEAD / HTTP/1.1" 200 0 "-" "updown.io daemon 2.4"
91.121.222.175 - - [22/Sep/2020:10:46:49 +0000] "HEAD / HTTP/1.1" 200 0 "-" "updown.io daemon 2.4"
2001:41d0:2:85af::1 - - [22/Sep/2020:10:46:49 +0000] "HEAD / HTTP/1.1" 200 0 "-" "updown.io daemon 2.4"
66.249.68.3 - - [22/Sep/2020:10:51:09 +0000] "GET /courses/cybr200/resources/10.02-authentication-passwords.pdf HTTP/1.1" 304 0 "-" "Mozilla/5.0 (Linux; Android 6.0.1; Nexus 5X Build/MMB29P) AppleWebKit/537.36 (KHTML, like Gecko) Chrome/85.0.4183.118 Mobile Safari/537.36 (compatible; Googlebot/2.1; +http://www.google.com/bot.html)"
45.63.29.207 - - [22/Sep/2020:10:51:49 +0000] "HEAD / HTTP/1.1" 200 0 "-" "updown.io daemon 2.4"
2001:19f0:5801:1d8::1 - - [22/Sep/2020:10:51:49 +0000] "HEAD / HTTP/1.1" 200 0 "-" "updown.io daemon 2.4"
221.168.23.208 - - [22/Sep/2020:10:52:16 +0000] "GET /resources/malware-samples-for-students HTTP/1.1" 200 10202 "https://www.google.com/" "Mozilla/5.0 (Windows NT 10.0; Win64; x64) AppleWebKit/537.36 (KHTML, like Gecko) Chrome/85.0.4183.121 Safari/537.36"
221.168.23.208 - - [22/Sep/2020:10:52:16 +0000] "GET /system/assets/jquery/jquery-2.x.min.js HTTP/1.1" 200 85578 "https://cyberlab.pacific.edu/resources/malware-samples-for-students" "Mozilla/5.0 (Windows NT 10.0; Win64; x64) AppleWebKit/537.36 (KHTML, like Gecko) Chrome/85.0.4183.121 Safari/537.36"
221.168.23.208 - - [22/Sep/2020:10:52:16 +0000] "GET /assets/f34339a9d26808defc965517fd93f714.css HTTP/1.1" 200 155416 "https://cyberlab.pacific.edu/resources/malware-samples-for-students" "Mozilla/5.0 (Windows NT 10.0; Win64; x64) AppleWebKit/537.36 (KHTML, like Gecko) Chrome/85.0.4183.121 Safari/537.36"
221.168.23.208 - - [22/Sep/2020:10:52:17 +0000] "GET /user/plugins/lightslider/js/lightslider.min.js HTTP/1.1" 200 16018 "https://cyberlab.pacific.edu/resources/malware-samples-for-students" "Mozilla/5.0 (Windows NT 10.0; Win64; x64) AppleWebKit/537.36 (KHTML, like Gecko) Chrome/85.0.4183.121 Safari/537.36"
