69.62.144.197 - - [23/Sep/2020:17:44:32 +0000] "GET /user/themes/g5_helium/fonts/raleway/raleway-bold/raleway-bold-webfont.woff2?5f593174 HTTP/1.1" 200 25368 "https://cyberlab.pacific.edu/assets/f34339a9d26808defc965517fd93f714.css" "Mozilla/5.0 (Windows NT 10.0; Win64; x64; rv:80.0) Gecko/20100101 Firefox/80.0"
69.62.144.197 - - [23/Sep/2020:17:44:32 +0000] "GET /user/themes/g5_helium/fonts/lato/lato-regular/lato-regular-webfont.woff2?5f593174 HTTP/1.1" 200 25040 "https://cyberlab.pacific.edu/assets/f34339a9d26808defc965517fd93f714.css" "Mozilla/5.0 (Windows NT 10.0; Win64; x64; rv:80.0) Gecko/20100101 Firefox/80.0"
100.15.152.227 - - [23/Sep/2020:17:48:40 +0000] "GET /resources/malware-samples-for-students HTTP/1.1" 200 10202 "https://www.google.com/" "Mozilla/5.0 (Windows NT 10.0; Win64; x64) AppleWebKit/537.36 (KHTML, like Gecko) Chrome/85.0.4183.102 Safari/537.36"
100.15.152.227 - - [23/Sep/2020:17:48:40 +0000] "GET /assets/f34339a9d26808defc965517fd93f714.css HTTP/1.1" 200 155416 "https://cyberlab.pacific.edu/resources/malware-samples-for-students" "Mozilla/5.0 (Windows NT 10.0; Win64; x64) AppleWebKit/537.36 (KHTML, like Gecko) Chrome/85.0.4183.102 Safari/537.36"
100.15.152.227 - - [23/Sep/2020:17:48:40 +0000] "GET /user/plugins/lightslider/js/lightslider.min.js HTTP/1.1" 200 16018 "https://cyberlab.pacific.edu/resources/malware-samples-for-students" "Mozilla/5.0 (Windows NT 10.0; Win64; x64) AppleWebKit/537.36 (KHTML, like Gecko) Chrome/85.0.4183.102 Safari/537.36"
100.15.152.227 - - [23/Sep/2020:17:48:40 +0000] "GET /system/assets/jquery/jquery-2.x.min.js HTTP/1.1" 200 85578 "https://cyberlab.pacific.edu/resources/malware-samples-for-students" "Mozilla/5.0 (Windows NT 10.0; Win64; x64) AppleWebKit/537.36 (KHTML, like Gecko) Chrome/85.0.4183.102 Safari/537.36"
100.15.152.227 - - [23/Sep/2020:17:48:40 +0000] "GET /user/plugins/featherlight/js/featherlight.min.js HTTP/1.1" 200 8670 "https://cyberlab.pacific.edu/resources/malware-samples-for-students" "Mozilla/5.0 (Windows NT 10.0; Win64; x64) AppleWebKit/537.36 (KHTML, like Gecko) Chrome/85.0.4183.102 Safari/537.36"
100.15.152.227 - - [23/Sep/2020:17:48:40 +0000] "GET /user/plugins/gantry5/assets/js/main.js HTTP/1.1" 200 60610 "https://cyberlab.pacific.edu/resources/malware-samples-for-students" "Mozilla/5.0 (Windows NT 10.0; Win64; x64) AppleWebKit/537.36 (KHTML, like Gecko) Chrome/85.0.4183.102 Safari/537.36"
100.15.152.227 - - [23/Sep/2020:17:48:40 +0000] "GET /user/plugins/simplesearch/js/simplesearch.js HTTP/1.1" 200 1277 "https://cyberlab.pacific.edu/resources/malware-samples-for-students" "Mozilla/5.0 (Windows NT 10.0; Win64; x64) AppleWebKit/537.36 (KHTML, like Gecko) Chrome/85.0.4183.102 Safari/537.36"
100.15.152.227 - - [23/Sep/2020:17:48:40 +0000] "GET /user/plugins/highlight/js/highlight.pack.js HTTP/1.1" 200 101421 "https://cyberlab.pacific.edu/resources/malware-samples-for-students" "Mozilla/5.0 (Windows NT 10.0; Win64; x64) AppleWebKit/537.36 (KHTML, like Gecko) Chrome/85.0.4183.102 Safari/537.36"
100.15.152.227 - - [23/Sep/2020:17:48:40 +0000] "GET /user/plugins/gantry5/assets/fonts/fontawesome-webfont.woff2?v=4.7.0 HTTP/1.1" 200 77160 "https://cyberlab.pacific.edu/assets/f34339a9d26808defc965517fd93f714.css" "Mozilla/5.0 (Windows NT 10.0; Win64; x64) AppleWebKit/537.36 (KHTML, like Gecko) Chrome/85.0.4183.102 Safari/537.36"
100.15.152.227 - - [23/Sep/2020:17:48:40 +0000] "GET /user/themes/g5_helium/fonts/lato/lato-black/lato-black-webfont.woff2?5f593174 HTTP/1.1" 200 24632 "https://cyberlab.pacific.edu/assets/f34339a9d26808defc965517fd93f714.css" "Mozilla/5.0 (Windows NT 10.0; Win64; x64) AppleWebKit/537.36 (KHTML, like Gecko) Chrome/85.0.4183.102 Safari/537.36"
100.15.152.227 - - [23/Sep/2020:17:48:40 +0000] "GET /user/themes/g5_helium/fonts/raleway/raleway-regular/raleway-regular-webfont.woff2?5f593174 HTTP/1.1" 200 25424 "https://cyberlab.pacific.edu/assets/f34339a9d26808defc965517fd93f714.css" "Mozilla/5.0 (Windows NT 10.0; Win64; x64) AppleWebKit/537.36 (KHTML, like Gecko) Chrome/85.0.4183.102 Safari/537.36"
100.15.152.227 - - [23/Sep/2020:17:48:40 +0000] "GET /user/themes/g5_helium/fonts/lato/lato-bold/lato-bold-webfont.woff2?5f593174 HTTP/1.1" 200 25608 "https://cyberlab.pacific.edu/assets/f34339a9d26808defc965517fd93f714.css" "Mozilla/5.0 (Windows NT 10.0; Win64; x64) AppleWebKit/537.36 (KHTML, like Gecko) Chrome/85.0.4183.102 Safari/537.36"
100.15.152.227 - - [23/Sep/2020:17:48:40 +0000] "GET /user/themes/g5_helium/fonts/raleway/raleway-bold/raleway-bold-webfont.woff2?5f593174 HTTP/1.1" 200 25368 "https://cyberlab.pacific.edu/assets/f34339a9d26808defc965517fd93f714.css" "Mozilla/5.0 (Windows NT 10.0; Win64; x64) AppleWebKit/537.36 (KHTML, like Gecko) Chrome/85.0.4183.102 Safari/537.36"
100.15.152.227 - - [23/Sep/2020:17:48:40 +0000] "GET /user/themes/g5_helium/fonts/lato/lato-regular/lato-regular-webfont.woff2?5f593174 HTTP/1.1" 200 25040 "https://cyberlab.pacific.edu/assets/f34339a9d26808defc965517fd93f714.css" "Mozilla/5.0 (Windows NT 10.0; Win64; x64) AppleWebKit/537.36 (KHTML, like Gecko) Chrome/85.0.4183.102 Safari/537.36"
100.15.152.227 - - [23/Sep/2020:17:48:41 +0000] "GET /user/images/g5_helium/favicon.ico HTTP/1.1" 200 5430 "https://cyberlab.pacific.edu/resources/malware-samples-for-students" "Mozilla/5.0 (Windows NT 10.0; Win64; x64) AppleWebKit/537.36 (KHTML, like Gecko) Chrome/85.0.4183.102 Safari/537.36"
45.63.29.207 - - [23/Sep/2020:17:48:58 +0000] "HEAD / HTTP/1.1" 200 0 "-" "updown.io daemon 2.4"
2001:19f0:5801:1d8::1 - - [23/Sep/2020:17:48:58 +0000] "HEAD / HTTP/1.1" 200 0 "-" "updown.io daemon 2.4"
50.197.24.118 - - [23/Sep/2020:17:49:10 +0000] "GET /resources/malware-samples-for-students HTTP/1.1" 200 10202 "-" "Mozilla/5.0 (Windows NT 10.0; Win64; x64; rv:79.0) Gecko/20100101 Firefox/79.0"
50.197.24.118 - - [23/Sep/2020:17:49:10 +0000] "GET /assets/f34339a9d26808defc965517fd93f714.css HTTP/1.1" 200 155416 "https://cyberlab.pacific.edu/resources/malware-samples-for-students" "Mozilla/5.0 (Windows NT 10.0; Win64; x64; rv:79.0) Gecko/20100101 Firefox/79.0"
50.197.24.118 - - [23/Sep/2020:17:49:10 +0000] "GET /system/assets/jquery/jquery-2.x.min.js HTTP/1.1" 200 85578 "https://cyberlab.pacific.edu/resources/malware-samples-for-students" "Mozilla/5.0 (Windows NT 10.0; Win64; x64; rv:79.0) Gecko/20100101 Firefox/79.0"
50.197.24.118 - - [23/Sep/2020:17:49:10 +0000] "GET /user/plugins/highlight/js/highlight.pack.js HTTP/1.1" 200 101421 "https://cyberlab.pacific.edu/resources/malware-samples-for-students" "Mozilla/5.0 (Windows NT 10.0; Win64; x64; rv:79.0) Gecko/20100101 Firefox/79.0"
50.197.24.118 - - [23/Sep/2020:17:49:10 +0000] "GET /user/plugins/gantry5/assets/js/main.js HTTP/1.1" 200 60610 "https://cyberlab.pacific.edu/resources/malware-samples-for-students" "Mozilla/5.0 (Windows NT 10.0; Win64; x64; rv:79.0) Gecko/20100101 Firefox/79.0"
50.197.24.118 - - [23/Sep/2020:17:49:10 +0000] "GET /user/plugins/lightslider/js/lightslider.min.js HTTP/1.1" 200 16018 "https://cyberlab.pacific.edu/resources/malware-samples-for-students" "Mozilla/5.0 (Windows NT 10.0; Win64; x64; rv:79.0) Gecko/20100101 Firefox/79.0"
50.197.24.118 - - [23/Sep/2020:17:49:10 +0000] "GET /user/plugins/featherlight/js/featherlight.min.js HTTP/1.1" 200 8670 "https://cyberlab.pacific.edu/resources/malware-samples-for-students" "Mozilla/5.0 (Windows NT 10.0; Win64; x64; rv:79.0) Gecko/20100101 Firefox/79.0"
50.197.24.118 - - [23/Sep/2020:17:49:10 +0000] "GET /user/plugins/simplesearch/js/simplesearch.js HTTP/1.1" 200 1277 "https://cyberlab.pacific.edu/resources/malware-samples-for-students" "Mozilla/5.0 (Windows NT 10.0; Win64; x64; rv:79.0) Gecko/20100101 Firefox/79.0"
50.197.24.118 - - [23/Sep/2020:17:49:11 +0000] "GET /user/themes/g5_helium/fonts/raleway/raleway-regular/raleway-regular-webfont.woff2?5f593174 HTTP/1.1" 200 25424 "https://cyberlab.pacific.edu/assets/f34339a9d26808defc965517fd93f714.css" "Mozilla/5.0 (Windows NT 10.0; Win64; x64; rv:79.0) Gecko/20100101 Firefox/79.0"
50.197.24.118 - - [23/Sep/2020:17:49:11 +0000] "GET /user/themes/g5_helium/fonts/lato/lato-black/lato-black-webfont.woff2?5f593174 HTTP/1.1" 200 24632 "https://cyberlab.pacific.edu/assets/f34339a9d26808defc965517fd93f714.css" "Mozilla/5.0 (Windows NT 10.0; Win64; x64; rv:79.0) Gecko/20100101 Firefox/79.0"
50.197.24.118 - - [23/Sep/2020:17:49:11 +0000] "GET /user/themes/g5_helium/fonts/lato/lato-bold/lato-bold-webfont.woff2?5f593174 HTTP/1.1" 200 25608 "https://cyberlab.pacific.edu/assets/f34339a9d26808defc965517fd93f714.css" "Mozilla/5.0 (Windows NT 10.0; Win64; x64; rv:79.0) Gecko/20100101 Firefox/79.0"
50.197.24.118 - - [23/Sep/2020:17:49:11 +0000] "GET /user/plugins/gantry5/assets/fonts/fontawesome-webfont.woff2?v=4.7.0 HTTP/1.1" 200 77160 "https://cyberlab.pacific.edu/assets/f34339a9d26808defc965517fd93f714.css" "Mozilla/5.0 (Windows NT 10.0; Win64; x64; rv:79.0) Gecko/20100101 Firefox/79.0"
50.197.24.118 - - [23/Sep/2020:17:49:11 +0000] "GET /user/themes/g5_helium/fonts/raleway/raleway-bold/raleway-bold-webfont.woff2?5f593174 HTTP/1.1" 200 25368 "https://cyberlab.pacific.edu/assets/f34339a9d26808defc965517fd93f714.css" "Mozilla/5.0 (Windows NT 10.0; Win64; x64; rv:79.0) Gecko/20100101 Firefox/79.0"
50.197.24.118 - - [23/Sep/2020:17:49:11 +0000] "GET /user/themes/g5_helium/fonts/lato/lato-regular/lato-regular-webfont.woff2?5f593174 HTTP/1.1" 200 25040 "https://cyberlab.pacific.edu/assets/f34339a9d26808defc965517fd93f714.css" "Mozilla/5.0 (Windows NT 10.0; Win64; x64; rv:79.0) Gecko/20100101 Firefox/79.0"
50.197.24.118 - - [23/Sep/2020:17:49:11 +0000] "GET /user/images/g5_helium/favicon.ico HTTP/1.1" 200 5430 "-" "Mozilla/5.0 (Windows NT 10.0; Win64; x64; rv:79.0) Gecko/20100101 Firefox/79.0"
66.249.79.247 - - [23/Sep/2020:17:49:39 +0000] "GET /instructor/grav HTTP/1.1" 200 9155 "-" "Mozilla/5.0 (compatible; Googlebot/2.1; +http://www.google.com/bot.html)"
2600:1700:b810:b989:8084:327e:6246:24ce - - [23/Sep/2020:17:51:11 +0000] "POST /admin/task:keepAlive HTTP/1.1" 200 31 "https://cyberlab.pacific.edu/admin/pages/courses/comp177/resources" "Mozilla/5.0 (Macintosh; Intel Mac OS X 10_14_6) AppleWebKit/537.36 (KHTML, like Gecko) Chrome/85.0.4183.102 Safari/537.36"
192.99.37.47 - - [23/Sep/2020:17:53:56 +0000] "HEAD / HTTP/1.1" 200 0 "-" "updown.io daemon 2.4"
2607:5300:60:4c2f::1 - - [23/Sep/2020:17:53:56 +0000] "HEAD / HTTP/1.1" 200 0 "-" "updown.io daemon 2.4"
76.105.22.68 - - [23/Sep/2020:17:54:40 +0000] "GET /courses/comp175/labs HTTP/1.1" 200 9301 "https://cyberlab.pacific.edu/courses/comp175/labs/lab-5-web-server-2" "Mozilla/5.0 (Windows NT 10.0; Win64; x64; rv:80.0) Gecko/20100101 Firefox/80.0"
76.105.22.68 - - [23/Sep/2020:17:54:44 +0000] "GET /courses/comp175/labs/lab-4-web-server HTTP/1.1" 200 14302 "https://cyberlab.pacific.edu/courses/comp175/labs" "Mozilla/5.0 (Windows NT 10.0; Win64; x64; rv:80.0) Gecko/20100101 Firefox/80.0"
76.105.22.68 - - [23/Sep/2020:17:54:44 +0000] "GET /images/0/0/6/a/3/006a3cc9dddf78fe28af08ee0ad0720f51952811-lab-04-diagram.png HTTP/1.1" 200 100970 "https://cyberlab.pacific.edu/courses/comp175/labs/lab-4-web-server" "Mozilla/5.0 (Windows NT 10.0; Win64; x64; rv:80.0) Gecko/20100101 Firefox/80.0"
104.238.159.87 - - [23/Sep/2020:17:58:54 +0000] "HEAD / HTTP/1.1" 200 0 "-" "updown.io daemon 2.4"
2001:19f0:6c01:145::1 - - [23/Sep/2020:17:58:54 +0000] "HEAD / HTTP/1.1" 200 0 "-" "updown.io daemon 2.4"
2600:1700:b810:b989:8084:327e:6246:24ce - - [23/Sep/2020:18:01:40 +0000] "POST /admin/task:keepAlive HTTP/1.1" 200 31 "https://cyberlab.pacific.edu/admin/pages" "Mozilla/5.0 (Macintosh; Intel Mac OS X 10_14_6) AppleWebKit/537.36 (KHTML, like Gecko) Chrome/85.0.4183.102 Safari/537.36"
77.88.5.7 - - [23/Sep/2020:18:01:40 +0000] "GET /courses/comp178/resources/05-penetration-testing-vulnerability-scanning.pdf HTTP/1.1" 200 11511249 "-" "Mozilla/5.0 (compatible; YandexBot/3.0; +http://yandex.com/bots)"
76.105.22.68 - - [23/Sep/2020:18:03:44 +0000] "GET /favicon.ico HTTP/1.1" 404 8699 "-" "Mozilla/5.0 (Windows NT 10.0; Win64; x64; rv:80.0) Gecko/20100101 Firefox/80.0"
45.76.104.117 - - [23/Sep/2020:18:03:52 +0000] "HEAD / HTTP/1.1" 200 0 "-" "updown.io daemon 2.4"
2001:19f0:7001:45a::1 - - [23/Sep/2020:18:03:52 +0000] "HEAD / HTTP/1.1" 200 0 "-" "updown.io daemon 2.4"
176.113.115.214 - - [23/Sep/2020:18:04:19 +0000] "POST /vendor/phpunit/phpunit/src/Util/PHP/eval-stdin.php HTTP/1.1" 404 209 "-" "Mozilla/5.0 (Windows NT 10.0; Win64; x64) AppleWebKit/537.36 (KHTML, like Gecko) Chrome/78.0.3904.108 Safari/537.36"
83.97.20.252 - - [23/Sep/2020:18:04:34 +0000] "GET / HTTP/1.1" 404 152 "-" "Linux Gnu (cow)"
2001:19f0:6c01:145::1 - - [23/Sep/2020:18:08:51 +0000] "HEAD / HTTP/1.1" 200 0 "-" "updown.io daemon 2.4"
104.238.159.87 - - [23/Sep/2020:18:08:51 +0000] "HEAD / HTTP/1.1" 200 0 "-" "updown.io daemon 2.4"
2600:1700:b810:b989:8084:327e:6246:24ce - - [23/Sep/2020:18:11:11 +0000] "POST /admin/task:keepAlive HTTP/1.1" 200 31 "https://cyberlab.pacific.edu/admin/pages/courses/comp177/resources" "Mozilla/5.0 (Macintosh; Intel Mac OS X 10_14_6) AppleWebKit/537.36 (KHTML, like Gecko) Chrome/85.0.4183.102 Safari/537.36"
2001:19f0:4400:402e::1 - - [23/Sep/2020:18:13:48 +0000] "HEAD / HTTP/1.1" 200 0 "-" "updown.io daemon 2.4"
45.32.107.181 - - [23/Sep/2020:18:13:49 +0000] "HEAD / HTTP/1.1" 200 0 "-" "updown.io daemon 2.4"
185.191.171.22 - - [23/Sep/2020:18:15:50 +0000] "GET /robots.txt HTTP/1.1" 200 197 "-" "Mozilla/5.0 (compatible; SemrushBot/6~bl; +http://www.semrush.com/bot.html)"
185.191.171.26 - - [23/Sep/2020:18:15:52 +0000] "GET /courses/comp177/resources/routeros-overview HTTP/1.1" 200 12095 "-" "Mozilla/5.0 (compatible; SemrushBot/6~bl; +http://www.semrush.com/bot.html)"
2001:19f0:5801:1d8::1 - - [23/Sep/2020:18:18:48 +0000] "HEAD / HTTP/1.1" 200 0 "-" "updown.io daemon 2.4"
45.63.29.207 - - [23/Sep/2020:18:18:48 +0000] "HEAD / HTTP/1.1" 200 0 "-" "updown.io daemon 2.4"
2600:1700:b810:b989:8084:327e:6246:24ce - - [23/Sep/2020:18:21:40 +0000] "POST /admin/task:keepAlive HTTP/1.1" 200 31 "https://cyberlab.pacific.edu/admin/pages" "Mozilla/5.0 (Macintosh; Intel Mac OS X 10_14_6) AppleWebKit/537.36 (KHTML, like Gecko) Chrome/85.0.4183.102 Safari/537.36"
77.88.5.7 - - [23/Sep/2020:18:22:14 +0000] "GET /courses HTTP/1.1" 200 9707 "-" "Mozilla/5.0 (compatible; YandexBot/3.0; +http://yandex.com/bots)"
66.249.79.243 - - [23/Sep/2020:18:23:20 +0000] "GET /courses/cybr230/archive_2017_fall/resources/04-project2.pdf HTTP/1.1" 304 0 "-" "Mozilla/5.0 (Linux; Android 6.0.1; Nexus 5X Build/MMB29P) AppleWebKit/537.36 (KHTML, like Gecko) Chrome/85.0.4183.118 Mobile Safari/537.36 (compatible; Googlebot/2.1; +http://www.google.com/bot.html)"
2001:19f0:9002:11a::1 - - [23/Sep/2020:18:23:46 +0000] "HEAD / HTTP/1.1" 200 0 "-" "updown.io daemon 2.4"
104.238.136.194 - - [23/Sep/2020:18:23:46 +0000] "HEAD / HTTP/1.1" 200 0 "-" "updown.io daemon 2.4"
66.249.79.245 - - [23/Sep/2020:18:24:42 +0000] "GET /resources/lab-network-wireless-sniffing HTTP/1.1" 200 14050 "-" "Mozilla/5.0 (compatible; Googlebot/2.1; +http://www.google.com/bot.html)"
66.249.79.247 - - [23/Sep/2020:18:25:10 +0000] "GET /resources/lab-network-quarantine HTTP/1.1" 200 11334 "-" "Mozilla/5.0 (Linux; Android 6.0.1; Nexus 5X Build/MMB29P) AppleWebKit/537.36 (KHTML, like Gecko) Chrome/85.0.4183.118 Mobile Safari/537.36 (compatible; Googlebot/2.1; +http://www.google.com/bot.html)"
66.249.79.243 - - [23/Sep/2020:18:25:56 +0000] "GET /favicon.ico HTTP/1.1" 404 8692 "-" "Googlebot-Image/1.0"
114.119.155.252 - - [23/Sep/2020:18:26:45 +0000] "GET /robots.txt HTTP/1.1" 301 194 "-" "(compatible;PetalBot;+https://aspiegel.com/petalbot)"
114.119.155.252 - - [23/Sep/2020:18:26:46 +0000] "GET /robots.txt HTTP/1.1" 200 197 "-" "(compatible;PetalBot;+https://aspiegel.com/petalbot)"
94.102.51.119 - - [23/Sep/2020:18:27:20 +0000] "GET / HTTP/1.1" 404 152 "-" "Linux Gnu (cow)"
66.249.79.247 - - [23/Sep/2020:18:27:22 +0000] "GET /courses/cybr230/archive_2017_fall/resources/04-project2.pdf HTTP/1.1" 304 0 "-" "Mozilla/5.0 (compatible; Googlebot/2.1; +http://www.google.com/bot.html)"
66.249.79.245 - - [23/Sep/2020:18:28:44 +0000] "GET /courses/cybr200/resources/08.11-cryptography-libraries.pdf HTTP/1.1" 304 0 "-" "Mozilla/5.0 (compatible; Googlebot/2.1; +http://www.google.com/bot.html)"
2001:19f0:6c01:145::1 - - [23/Sep/2020:18:28:45 +0000] "HEAD / HTTP/1.1" 200 0 "-" "updown.io daemon 2.4"
104.238.159.87 - - [23/Sep/2020:18:28:45 +0000] "HEAD / HTTP/1.1" 200 0 "-" "updown.io daemon 2.4"
219.111.16.78 - - [23/Sep/2020:18:30:27 +0000] "GET /resources/malware-samples-for-students HTTP/1.1" 200 10209 "-" "Mozilla/5.0 (Macintosh; Intel Mac OS X 10_15_6) AppleWebKit/537.36 (KHTML, like Gecko) Chrome/85.0.4183.121 Safari/537.36"
219.111.16.78 - - [23/Sep/2020:18:30:27 +0000] "GET /system/assets/jquery/jquery-2.x.min.js HTTP/1.1" 200 85578 "https://cyberlab.pacific.edu/resources/malware-samples-for-students" "Mozilla/5.0 (Macintosh; Intel Mac OS X 10_15_6) AppleWebKit/537.36 (KHTML, like Gecko) Chrome/85.0.4183.121 Safari/537.36"
219.111.16.78 - - [23/Sep/2020:18:30:27 +0000] "GET /assets/f34339a9d26808defc965517fd93f714.css HTTP/1.1" 200 155416 "https://cyberlab.pacific.edu/resources/malware-samples-for-students" "Mozilla/5.0 (Macintosh; Intel Mac OS X 10_15_6) AppleWebKit/537.36 (KHTML, like Gecko) Chrome/85.0.4183.121 Safari/537.36"
219.111.16.78 - - [23/Sep/2020:18:30:27 +0000] "GET /user/plugins/lightslider/js/lightslider.min.js HTTP/1.1" 200 16018 "https://cyberlab.pacific.edu/resources/malware-samples-for-students" "Mozilla/5.0 (Macintosh; Intel Mac OS X 10_15_6) AppleWebKit/537.36 (KHTML, like Gecko) Chrome/85.0.4183.121 Safari/537.36"
219.111.16.78 - - [23/Sep/2020:18:30:27 +0000] "GET /user/plugins/featherlight/js/featherlight.min.js HTTP/1.1" 200 8670 "https://cyberlab.pacific.edu/resources/malware-samples-for-students" "Mozilla/5.0 (Macintosh; Intel Mac OS X 10_15_6) AppleWebKit/537.36 (KHTML, like Gecko) Chrome/85.0.4183.121 Safari/537.36"
219.111.16.78 - - [23/Sep/2020:18:30:27 +0000] "GET /user/plugins/gantry5/assets/js/main.js HTTP/1.1" 200 60610 "https://cyberlab.pacific.edu/resources/malware-samples-for-students" "Mozilla/5.0 (Macintosh; Intel Mac OS X 10_15_6) AppleWebKit/537.36 (KHTML, like Gecko) Chrome/85.0.4183.121 Safari/537.36"
219.111.16.78 - - [23/Sep/2020:18:30:27 +0000] "GET /user/plugins/simplesearch/js/simplesearch.js HTTP/1.1" 200 1277 "https://cyberlab.pacific.edu/resources/malware-samples-for-students" "Mozilla/5.0 (Macintosh; Intel Mac OS X 10_15_6) AppleWebKit/537.36 (KHTML, like Gecko) Chrome/85.0.4183.121 Safari/537.36"
219.111.16.78 - - [23/Sep/2020:18:30:27 +0000] "GET /user/plugins/highlight/js/highlight.pack.js HTTP/1.1" 200 101421 "https://cyberlab.pacific.edu/resources/malware-samples-for-students" "Mozilla/5.0 (Macintosh; Intel Mac OS X 10_15_6) AppleWebKit/537.36 (KHTML, like Gecko) Chrome/85.0.4183.121 Safari/537.36"
219.111.16.78 - - [23/Sep/2020:18:30:28 +0000] "GET /user/themes/g5_helium/fonts/raleway/raleway-regular/raleway-regular-webfont.woff2?5f593174 HTTP/1.1" 200 25424 "https://cyberlab.pacific.edu/assets/f34339a9d26808defc965517fd93f714.css" "Mozilla/5.0 (Macintosh; Intel Mac OS X 10_15_6) AppleWebKit/537.36 (KHTML, like Gecko) Chrome/85.0.4183.121 Safari/537.36"
219.111.16.78 - - [23/Sep/2020:18:30:28 +0000] "GET /user/themes/g5_helium/fonts/lato/lato-bold/lato-bold-webfont.woff2?5f593174 HTTP/1.1" 200 25608 "https://cyberlab.pacific.edu/assets/f34339a9d26808defc965517fd93f714.css" "Mozilla/5.0 (Macintosh; Intel Mac OS X 10_15_6) AppleWebKit/537.36 (KHTML, like Gecko) Chrome/85.0.4183.121 Safari/537.36"
219.111.16.78 - - [23/Sep/2020:18:30:28 +0000] "GET /user/plugins/gantry5/assets/fonts/fontawesome-webfont.woff2?v=4.7.0 HTTP/1.1" 200 77160 "https://cyberlab.pacific.edu/assets/f34339a9d26808defc965517fd93f714.css" "Mozilla/5.0 (Macintosh; Intel Mac OS X 10_15_6) AppleWebKit/537.36 (KHTML, like Gecko) Chrome/85.0.4183.121 Safari/537.36"
219.111.16.78 - - [23/Sep/2020:18:30:28 +0000] "GET /user/themes/g5_helium/fonts/lato/lato-regular/lato-regular-webfont.woff2?5f593174 HTTP/1.1" 200 25040 "https://cyberlab.pacific.edu/assets/f34339a9d26808defc965517fd93f714.css" "Mozilla/5.0 (Macintosh; Intel Mac OS X 10_15_6) AppleWebKit/537.36 (KHTML, like Gecko) Chrome/85.0.4183.121 Safari/537.36"
219.111.16.78 - - [23/Sep/2020:18:30:28 +0000] "GET /user/themes/g5_helium/fonts/raleway/raleway-bold/raleway-bold-webfont.woff2?5f593174 HTTP/1.1" 200 25368 "https://cyberlab.pacific.edu/assets/f34339a9d26808defc965517fd93f714.css" "Mozilla/5.0 (Macintosh; Intel Mac OS X 10_15_6) AppleWebKit/537.36 (KHTML, like Gecko) Chrome/85.0.4183.121 Safari/537.36"
219.111.16.78 - - [23/Sep/2020:18:30:28 +0000] "GET /user/themes/g5_helium/fonts/lato/lato-black/lato-black-webfont.woff2?5f593174 HTTP/1.1" 200 24632 "https://cyberlab.pacific.edu/assets/f34339a9d26808defc965517fd93f714.css" "Mozilla/5.0 (Macintosh; Intel Mac OS X 10_15_6) AppleWebKit/537.36 (KHTML, like Gecko) Chrome/85.0.4183.121 Safari/537.36"
219.111.16.78 - - [23/Sep/2020:18:30:28 +0000] "GET /user/images/g5_helium/favicon.ico HTTP/1.1" 200 5430 "https://cyberlab.pacific.edu/resources/malware-samples-for-students" "Mozilla/5.0 (Macintosh; Intel Mac OS X 10_15_6) AppleWebKit/537.36 (KHTML, like Gecko) Chrome/85.0.4183.121 Safari/537.36"
66.249.79.243 - - [23/Sep/2020:18:30:56 +0000] "GET /courses/comp293a/resources/09-disassemblers.pdf HTTP/1.1" 304 0 "-" "Mozilla/5.0 (Linux; Android 6.0.1; Nexus 5X Build/MMB29P) AppleWebKit/537.36 (KHTML, like Gecko) Chrome/85.0.4183.118 Mobile Safari/537.36 (compatible; Googlebot/2.1; +http://www.google.com/bot.html)"
66.249.79.243 - - [23/Sep/2020:18:32:34 +0000] "GET /courses/cybr200/resources/08.11-cryptography-libraries.pdf HTTP/1.1" 304 0 "-" "Mozilla/5.0 (Linux; Android 6.0.1; Nexus 5X Build/MMB29P) AppleWebKit/537.36 (KHTML, like Gecko) Chrome/85.0.4183.118 Mobile Safari/537.36 (compatible; Googlebot/2.1; +http://www.google.com/bot.html)"
2600:1700:b810:b989:b42b:da29:4eff:296f - - [23/Sep/2020:18:32:52 +0000] "POST /admin/task:keepAlive HTTP/1.1" 200 31 "https://cyberlab.pacific.edu/admin/pages/courses/comp177/resources" "Mozilla/5.0 (Macintosh; Intel Mac OS X 10_14_6) AppleWebKit/537.36 (KHTML, like Gecko) Chrome/85.0.4183.102 Safari/537.36"
91.121.222.175 - - [23/Sep/2020:18:33:43 +0000] "HEAD / HTTP/1.1" 200 0 "-" "updown.io daemon 2.4"
2001:41d0:2:85af::1 - - [23/Sep/2020:18:33:43 +0000] "HEAD / HTTP/1.1" 200 0 "-" "updown.io daemon 2.4"
66.249.79.245 - - [23/Sep/2020:18:34:56 +0000] "GET /courses/cybr240/syllabus HTTP/1.1" 200 12499 "-" "Mozilla/5.0 (Linux; Android 6.0.1; Nexus 5X Build/MMB29P) AppleWebKit/537.36 (KHTML, like Gecko) Chrome/85.0.4183.118 Mobile Safari/537.36 (compatible; Googlebot/2.1; +http://www.google.com/bot.html)"
66.249.79.243 - - [23/Sep/2020:18:35:23 +0000] "GET /courses/comp178/resources/07-penetration-testing-post-exploitation.pdf HTTP/1.1" 304 0 "-" "Mozilla/5.0 (Linux; Android 6.0.1; Nexus 5X Build/MMB29P) AppleWebKit/537.36 (KHTML, like Gecko) Chrome/85.0.4183.118 Mobile Safari/537.36 (compatible; Googlebot/2.1; +http://www.google.com/bot.html)"
66.249.79.247 - - [23/Sep/2020:18:37:33 +0000] "GET /resources/lab-network-quarantine HTTP/1.1" 200 11327 "-" "Mozilla/5.0 (compatible; Googlebot/2.1; +http://www.google.com/bot.html)"
2001:19f0:7001:45a::1 - - [23/Sep/2020:18:38:42 +0000] "HEAD / HTTP/1.1" 200 0 "-" "updown.io daemon 2.4"
45.76.104.117 - - [23/Sep/2020:18:38:42 +0000] "HEAD / HTTP/1.1" 200 0 "-" "updown.io daemon 2.4"
66.249.79.247 - - [23/Sep/2020:18:38:59 +0000] "GET /about/lab HTTP/1.1" 200 9943 "-" "Mozilla/5.0 (compatible; Googlebot/2.1; +http://www.google.com/bot.html)"
90.89.241.110 - - [23/Sep/2020:18:39:27 +0000] "GET /resources/malware-samples-for-students HTTP/1.1" 200 10209 "-" "Mozilla/5.0 (Windows NT 10.0; Win64; x64; rv:80.0) Gecko/20100101 Firefox/80.0"
90.89.241.110 - - [23/Sep/2020:18:39:27 +0000] "GET /assets/f34339a9d26808defc965517fd93f714.css HTTP/1.1" 200 155416 "https://cyberlab.pacific.edu/resources/malware-samples-for-students" "Mozilla/5.0 (Windows NT 10.0; Win64; x64; rv:80.0) Gecko/20100101 Firefox/80.0"
90.89.241.110 - - [23/Sep/2020:18:39:28 +0000] "GET /user/plugins/lightslider/js/lightslider.min.js HTTP/1.1" 200 16018 "https://cyberlab.pacific.edu/resources/malware-samples-for-students" "Mozilla/5.0 (Windows NT 10.0; Win64; x64; rv:80.0) Gecko/20100101 Firefox/80.0"
90.89.241.110 - - [23/Sep/2020:18:39:28 +0000] "GET /user/plugins/featherlight/js/featherlight.min.js HTTP/1.1" 200 8670 "https://cyberlab.pacific.edu/resources/malware-samples-for-students" "Mozilla/5.0 (Windows NT 10.0; Win64; x64; rv:80.0) Gecko/20100101 Firefox/80.0"
90.89.241.110 - - [23/Sep/2020:18:39:28 +0000] "GET /user/plugins/gantry5/assets/js/main.js HTTP/1.1" 200 60610 "https://cyberlab.pacific.edu/resources/malware-samples-for-students" "Mozilla/5.0 (Windows NT 10.0; Win64; x64; rv:80.0) Gecko/20100101 Firefox/80.0"
90.89.241.110 - - [23/Sep/2020:18:39:28 +0000] "GET /system/assets/jquery/jquery-2.x.min.js HTTP/1.1" 200 85578 "https://cyberlab.pacific.edu/resources/malware-samples-for-students" "Mozilla/5.0 (Windows NT 10.0; Win64; x64; rv:80.0) Gecko/20100101 Firefox/80.0"
90.89.241.110 - - [23/Sep/2020:18:39:28 +0000] "GET /user/plugins/highlight/js/highlight.pack.js HTTP/1.1" 200 101421 "https://cyberlab.pacific.edu/resources/malware-samples-for-students" "Mozilla/5.0 (Windows NT 10.0; Win64; x64; rv:80.0) Gecko/20100101 Firefox/80.0"
90.89.241.110 - - [23/Sep/2020:18:39:28 +0000] "GET /user/plugins/simplesearch/js/simplesearch.js HTTP/1.1" 200 1277 "https://cyberlab.pacific.edu/resources/malware-samples-for-students" "Mozilla/5.0 (Windows NT 10.0; Win64; x64; rv:80.0) Gecko/20100101 Firefox/80.0"
90.89.241.110 - - [23/Sep/2020:18:39:28 +0000] "GET /user/themes/g5_helium/fonts/raleway/raleway-regular/raleway-regular-webfont.woff2?5f593174 HTTP/1.1" 200 25424 "https://cyberlab.pacific.edu/assets/f34339a9d26808defc965517fd93f714.css" "Mozilla/5.0 (Windows NT 10.0; Win64; x64; rv:80.0) Gecko/20100101 Firefox/80.0"
90.89.241.110 - - [23/Sep/2020:18:39:28 +0000] "GET /user/themes/g5_helium/fonts/lato/lato-black/lato-black-webfont.woff2?5f593174 HTTP/1.1" 200 24632 "https://cyberlab.pacific.edu/assets/f34339a9d26808defc965517fd93f714.css" "Mozilla/5.0 (Windows NT 10.0; Win64; x64; rv:80.0) Gecko/20100101 Firefox/80.0"
90.89.241.110 - - [23/Sep/2020:18:39:28 +0000] "GET /user/themes/g5_helium/fonts/lato/lato-bold/lato-bold-webfont.woff2?5f593174 HTTP/1.1" 200 25608 "https://cyberlab.pacific.edu/assets/f34339a9d26808defc965517fd93f714.css" "Mozilla/5.0 (Windows NT 10.0; Win64; x64; rv:80.0) Gecko/20100101 Firefox/80.0"
90.89.241.110 - - [23/Sep/2020:18:39:28 +0000] "GET /user/themes/g5_helium/fonts/raleway/raleway-bold/raleway-bold-webfont.woff2?5f593174 HTTP/1.1" 200 25368 "https://cyberlab.pacific.edu/assets/f34339a9d26808defc965517fd93f714.css" "Mozilla/5.0 (Windows NT 10.0; Win64; x64; rv:80.0) Gecko/20100101 Firefox/80.0"
90.89.241.110 - - [23/Sep/2020:18:39:28 +0000] "GET /user/plugins/gantry5/assets/fonts/fontawesome-webfont.woff2?v=4.7.0 HTTP/1.1" 200 77160 "https://cyberlab.pacific.edu/assets/f34339a9d26808defc965517fd93f714.css" "Mozilla/5.0 (Windows NT 10.0; Win64; x64; rv:80.0) Gecko/20100101 Firefox/80.0"
90.89.241.110 - - [23/Sep/2020:18:39:28 +0000] "GET /user/themes/g5_helium/fonts/lato/lato-regular/lato-regular-webfont.woff2?5f593174 HTTP/1.1" 200 25040 "https://cyberlab.pacific.edu/assets/f34339a9d26808defc965517fd93f714.css" "Mozilla/5.0 (Windows NT 10.0; Win64; x64; rv:80.0) Gecko/20100101 Firefox/80.0"
90.89.241.110 - - [23/Sep/2020:18:39:28 +0000] "GET /user/images/g5_helium/favicon.ico HTTP/1.1" 200 5430 "https://cyberlab.pacific.edu/resources/malware-samples-for-students" "Mozilla/5.0 (Windows NT 10.0; Win64; x64; rv:80.0) Gecko/20100101 Firefox/80.0"
2600:1700:b810:b989:b42b:da29:4eff:296f - - [23/Sep/2020:18:40:30 +0000] "GET /about HTTP/1.1" 200 9302 "https://cyberlab.pacific.edu/courses/comp175/labs/lab-7-vpn" "Mozilla/5.0 (Macintosh; Intel Mac OS X 10_14_6) AppleWebKit/537.36 (KHTML, like Gecko) Chrome/85.0.4183.102 Safari/537.36"
2600:1700:b810:b989:b42b:da29:4eff:296f - - [23/Sep/2020:18:40:31 +0000] "GET /assets/f34339a9d26808defc965517fd93f714.css HTTP/1.1" 200 155416 "https://cyberlab.pacific.edu/about" "Mozilla/5.0 (Macintosh; Intel Mac OS X 10_14_6) AppleWebKit/537.36 (KHTML, like Gecko) Chrome/85.0.4183.102 Safari/537.36"
2600:1700:b810:b989:b42b:da29:4eff:296f - - [23/Sep/2020:18:40:31 +0000] "GET /images/3/a/7/1/0/3a71085c9240acb4e8276ca783d7358841d6d29b-campus-students2x.jpeg HTTP/1.1" 200 1433800 "https://cyberlab.pacific.edu/about" "Mozilla/5.0 (Macintosh; Intel Mac OS X 10_14_6) AppleWebKit/537.36 (KHTML, like Gecko) Chrome/85.0.4183.102 Safari/537.36"
2600:1700:b810:b989:b42b:da29:4eff:296f - - [23/Sep/2020:18:40:34 +0000] "GET / HTTP/1.1" 200 9874 "https://cyberlab.pacific.edu/about" "Mozilla/5.0 (Macintosh; Intel Mac OS X 10_14_6) AppleWebKit/537.36 (KHTML, like Gecko) Chrome/85.0.4183.102 Safari/537.36"
2600:1700:b810:b989:b42b:da29:4eff:296f - - [23/Sep/2020:18:40:34 +0000] "GET /images/8/7/2/5/6/872567f80a15532778f257eb67d1cd485f88289d-shutterstock463797389-cropped2x.jpeg HTTP/1.1" 200 76230 "https://cyberlab.pacific.edu/" "Mozilla/5.0 (Macintosh; Intel Mac OS X 10_14_6) AppleWebKit/537.36 (KHTML, like Gecko) Chrome/85.0.4183.102 Safari/537.36"
2600:1700:b810:b989:b42b:da29:4eff:296f - - [23/Sep/2020:18:40:34 +0000] "GET /images/e/6/7/8/c/e678c69dafda618831e29d743c1d3aa5d6c3baf7-shutterstock669786472-cropped2x.jpeg HTTP/1.1" 200 65588 "https://cyberlab.pacific.edu/" "Mozilla/5.0 (Macintosh; Intel Mac OS X 10_14_6) AppleWebKit/537.36 (KHTML, like Gecko) Chrome/85.0.4183.102 Safari/537.36"
2600:1700:b810:b989:b42b:da29:4eff:296f - - [23/Sep/2020:18:40:34 +0000] "GET /images/5/f/f/f/d/5fffd451ca95a111a47c42ad1c95561569a0a70b-shutterstock582433453-cropped2x.jpeg HTTP/1.1" 200 85746 "https://cyberlab.pacific.edu/" "Mozilla/5.0 (Macintosh; Intel Mac OS X 10_14_6) AppleWebKit/537.36 (KHTML, like Gecko) Chrome/85.0.4183.102 Safari/537.36"
2600:1700:b810:b989:b42b:da29:4eff:296f - - [23/Sep/2020:18:40:34 +0000] "GET /images/4/d/6/9/0/4d690e0154faf88460e943686b951b85e047ca67-shutterstock255260497-cropped2x.jpeg HTTP/1.1" 200 89588 "https://cyberlab.pacific.edu/" "Mozilla/5.0 (Macintosh; Intel Mac OS X 10_14_6) AppleWebKit/537.36 (KHTML, like Gecko) Chrome/85.0.4183.102 Safari/537.36"
2600:1700:b810:b989:b42b:da29:4eff:296f - - [23/Sep/2020:18:40:40 +0000] "GET /contact HTTP/1.1" 200 9004 "https://cyberlab.pacific.edu/" "Mozilla/5.0 (Macintosh; Intel Mac OS X 10_14_6) AppleWebKit/537.36 (KHTML, like Gecko) Chrome/85.0.4183.102 Safari/537.36"
2600:1700:b810:b989:b42b:da29:4eff:296f - - [23/Sep/2020:18:40:40 +0000] "GET /images/2/6/9/4/d/2694dcc9b7aa53056ffb1cbf1bc8979b6642d62e-tower2x.jpeg HTTP/1.1" 200 546773 "https://cyberlab.pacific.edu/contact" "Mozilla/5.0 (Macintosh; Intel Mac OS X 10_14_6) AppleWebKit/537.36 (KHTML, like Gecko) Chrome/85.0.4183.102 Safari/537.36"
2600:1700:b810:b989:b42b:da29:4eff:296f - - [23/Sep/2020:18:40:42 +0000] "GET / HTTP/1.1" 200 9874 "https://cyberlab.pacific.edu/contact" "Mozilla/5.0 (Macintosh; Intel Mac OS X 10_14_6) AppleWebKit/537.36 (KHTML, like Gecko) Chrome/85.0.4183.102 Safari/537.36"
2600:1700:b810:b989:b42b:da29:4eff:296f - - [23/Sep/2020:18:43:21 +0000] "POST /admin/task:keepAlive HTTP/1.1" 200 31 "https://cyberlab.pacific.edu/admin/pages" "Mozilla/5.0 (Macintosh; Intel Mac OS X 10_14_6) AppleWebKit/537.36 (KHTML, like Gecko) Chrome/85.0.4183.102 Safari/537.36"
104.238.159.87 - - [23/Sep/2020:18:43:42 +0000] "HEAD / HTTP/1.1" 200 0 "-" "updown.io daemon 2.4"
2001:19f0:6c01:145::1 - - [23/Sep/2020:18:43:42 +0000] "HEAD / HTTP/1.1" 200 0 "-" "updown.io daemon 2.4"
185.181.51.74 - - [23/Sep/2020:18:44:37 +0000] "GET / HTTP/1.1" 404 580 "-" "Mozilla/5.0 (Windows NT 10.0; WOW64) AppleWebKit/537.36 (KHTML, like Gecko) Chrome/52.0.2743.116 Safari/537.36"
91.121.222.175 - - [23/Sep/2020:18:48:39 +0000] "HEAD / HTTP/1.1" 200 0 "-" "updown.io daemon 2.4"
2001:41d0:2:85af::1 - - [23/Sep/2020:18:48:39 +0000] "HEAD / HTTP/1.1" 200 0 "-" "updown.io daemon 2.4"
103.131.71.93 - - [23/Sep/2020:18:50:20 +0000] "GET /robots.txt HTTP/1.1" 301 194 "-" "Mozilla/5.0 (compatible; coccocbot-web/1.0; +http://help.coccoc.com/searchengine)"
103.131.71.93 - - [23/Sep/2020:18:50:22 +0000] "GET /robots.txt HTTP/1.1" 200 197 "-" "Mozilla/5.0 (compatible; coccocbot-web/1.0; +http://help.coccoc.com/searchengine)"
103.131.71.97 - - [23/Sep/2020:18:50:24 +0000] "GET /resources/lab-network-design HTTP/1.1" 200 10882 "-" "Mozilla/5.0 (compatible; coccocbot-web/1.0; +http://help.coccoc.com/searchengine)"
2600:1700:b810:b989:b42b:da29:4eff:296f - - [23/Sep/2020:18:51:06 +0000] "GET /courses/comp175 HTTP/1.1" 200 8811 "https://cyberlab.pacific.edu/" "Mozilla/5.0 (Macintosh; Intel Mac OS X 10_14_6) AppleWebKit/537.36 (KHTML, like Gecko) Chrome/85.0.4183.102 Safari/537.36"
2600:1700:b810:b989:b42b:da29:4eff:296f - - [23/Sep/2020:18:51:07 +0000] "GET /images/c/6/d/e/5/c6de5617785ad88c03335641b361188f5dc906be-shutterstock1384804721-cropped2x.png HTTP/1.1" 200 2662818 "https://cyberlab.pacific.edu/courses/comp175" "Mozilla/5.0 (Macintosh; Intel Mac OS X 10_14_6) AppleWebKit/537.36 (KHTML, like Gecko) Chrome/85.0.4183.102 Safari/537.36"
2600:1700:b810:b989:b42b:da29:4eff:296f - - [23/Sep/2020:18:51:08 +0000] "GET /courses/comp175/labs HTTP/1.1" 200 9308 "https://cyberlab.pacific.edu/courses/comp175" "Mozilla/5.0 (Macintosh; Intel Mac OS X 10_14_6) AppleWebKit/537.36 (KHTML, like Gecko) Chrome/85.0.4183.102 Safari/537.36"
2600:1700:b810:b989:b42b:da29:4eff:296f - - [23/Sep/2020:18:51:10 +0000] "GET /courses/comp175/labs/lab-5-web-server-2 HTTP/1.1" 200 15310 "https://cyberlab.pacific.edu/courses/comp175/labs" "Mozilla/5.0 (Macintosh; Intel Mac OS X 10_14_6) AppleWebKit/537.36 (KHTML, like Gecko) Chrome/85.0.4183.102 Safari/537.36"
2600:1700:b810:b989:b42b:da29:4eff:296f - - [23/Sep/2020:18:51:10 +0000] "GET /images/e/f/c/f/a/efcfa508380e0673fb54e40b82a0daa8af4cbda0-lab-05-diagram.png HTTP/1.1" 200 144450 "https://cyberlab.pacific.edu/courses/comp175/labs/lab-5-web-server-2" "Mozilla/5.0 (Macintosh; Intel Mac OS X 10_14_6) AppleWebKit/537.36 (KHTML, like Gecko) Chrome/85.0.4183.102 Safari/537.36"
66.249.79.247 - - [23/Sep/2020:18:51:15 +0000] "GET /resources/reverse-engineering-cheat-sheets HTTP/1.1" 200 9037 "-" "Mozilla/5.0 (Linux; Android 6.0.1; Nexus 5X Build/MMB29P) AppleWebKit/537.36 (KHTML, like Gecko) Chrome/85.0.4183.118 Mobile Safari/537.36 (compatible; Googlebot/2.1; +http://www.google.com/bot.html)"
66.249.79.243 - - [23/Sep/2020:18:52:48 +0000] "GET /courses/cybr200/resources/08.09-cryptography-rng-entropy.pdf HTTP/1.1" 304 0 "-" "Mozilla/5.0 (Linux; Android 6.0.1; Nexus 5X Build/MMB29P) AppleWebKit/537.36 (KHTML, like Gecko) Chrome/85.0.4183.118 Mobile Safari/537.36 (compatible; Googlebot/2.1; +http://www.google.com/bot.html)"
2600:1700:b810:b989:b42b:da29:4eff:296f - - [23/Sep/2020:18:52:53 +0000] "POST /admin/task:keepAlive HTTP/1.1" 200 31 "https://cyberlab.pacific.edu/admin/pages/courses/comp177/resources" "Mozilla/5.0 (Macintosh; Intel Mac OS X 10_14_6) AppleWebKit/537.36 (KHTML, like Gecko) Chrome/85.0.4183.102 Safari/537.36"
45.32.107.181 - - [23/Sep/2020:18:53:38 +0000] "HEAD / HTTP/1.1" 200 0 "-" "updown.io daemon 2.4"
2001:19f0:4400:402e::1 - - [23/Sep/2020:18:53:38 +0000] "HEAD / HTTP/1.1" 200 0 "-" "updown.io daemon 2.4"
114.119.154.128 - - [23/Sep/2020:18:53:49 +0000] "GET /images/e/9/7/2/a/e972ac083eeb0eb5275949662728e05966fa0630-networklogical1x.png HTTP/1.1" 404 152 "-" "Mozilla/5.0 (Linux; Android 7.0;) AppleWebKit/537.36 (KHTML, like Gecko) Mobile Safari/537.36 (compatible; PetalBot;+https://aspiegel.com/petalbot)"
66.249.79.243 - - [23/Sep/2020:18:55:24 +0000] "GET /resources/lab-network-hardware HTTP/1.1" 200 10594 "-" "Mozilla/5.0 (Linux; Android 6.0.1; Nexus 5X Build/MMB29P) AppleWebKit/537.36 (KHTML, like Gecko) Chrome/85.0.4183.118 Mobile Safari/537.36 (compatible; Googlebot/2.1; +http://www.google.com/bot.html)"
66.249.79.247 - - [23/Sep/2020:18:57:10 +0000] "GET /courses/cybr200/resources/08.12-cryptography-developer-mistakes.pdf HTTP/1.1" 304 0 "-" "Mozilla/5.0 (Linux; Android 6.0.1; Nexus 5X Build/MMB29P) AppleWebKit/537.36 (KHTML, like Gecko) Chrome/85.0.4183.118 Mobile Safari/537.36 (compatible; Googlebot/2.1; +http://www.google.com/bot.html)"
2607:5300:60:4c2f::1 - - [23/Sep/2020:18:58:35 +0000] "HEAD / HTTP/1.1" 200 0 "-" "updown.io daemon 2.4"
192.99.37.47 - - [23/Sep/2020:18:58:35 +0000] "HEAD / HTTP/1.1" 200 0 "-" "updown.io daemon 2.4"
