2600:1700:b810:b989:c5b3:7058:191e:cff2 - - [22/Sep/2020:18:59:25 +0000] "POST /admin/task:getNotifications HTTP/1.1" 200 50 "https://cyberlab.pacific.edu/admin/pages/courses/comp175/projects/project-1" "Mozilla/5.0 (Macintosh; Intel Mac OS X 10_14_6) AppleWebKit/537.36 (KHTML, like Gecko) Chrome/85.0.4183.102 Safari/537.36"
2600:1700:b810:b989:c5b3:7058:191e:cff2 - - [22/Sep/2020:18:59:25 +0000] "POST /admin/update.json/task:getUpdates HTTP/1.1" 200 337 "https://cyberlab.pacific.edu/admin/pages/courses/comp175/projects/project-1" "Mozilla/5.0 (Macintosh; Intel Mac OS X 10_14_6) AppleWebKit/537.36 (KHTML, like Gecko) Chrome/85.0.4183.102 Safari/537.36"
2600:1700:b810:b989:c5b3:7058:191e:cff2 - - [22/Sep/2020:18:59:25 +0000] "POST /admin/media/courses/comp175/projects/project-1.json/task:listmedia HTTP/1.1" 200 64 "https://cyberlab.pacific.edu/admin/pages/courses/comp175/projects/project-1" "Mozilla/5.0 (Macintosh; Intel Mac OS X 10_14_6) AppleWebKit/537.36 (KHTML, like Gecko) Chrome/85.0.4183.102 Safari/537.36"
2600:1700:b810:b989:c5b3:7058:191e:cff2 - - [22/Sep/2020:18:59:27 +0000] "GET /courses/comp175/projects/project-1 HTTP/1.1" 200 10883 "https://cyberlab.pacific.edu/courses/comp175/projects" "Mozilla/5.0 (Macintosh; Intel Mac OS X 10_14_6) AppleWebKit/537.36 (KHTML, like Gecko) Chrome/85.0.4183.102 Safari/537.36"
2600:1700:b810:b989:c5b3:7058:191e:cff2 - - [22/Sep/2020:18:59:27 +0000] "GET /user/images/g5_helium/favicon.ico HTTP/1.1" 200 5430 "https://cyberlab.pacific.edu/courses/comp175/projects/project-1" "Mozilla/5.0 (Macintosh; Intel Mac OS X 10_14_6) AppleWebKit/537.36 (KHTML, like Gecko) Chrome/85.0.4183.102 Safari/537.36"
45.32.74.41 - - [22/Sep/2020:18:59:32 +0000] "HEAD / HTTP/1.1" 200 0 "-" "updown.io daemon 2.4"
2001:19f0:6001:2c6::1 - - [22/Sep/2020:18:59:32 +0000] "HEAD / HTTP/1.1" 200 0 "-" "updown.io daemon 2.4"
2600:1700:b810:b989:c5b3:7058:191e:cff2 - - [22/Sep/2020:18:59:37 +0000] "POST /admin/pages/courses/comp175/projects/project-1 HTTP/1.1" 303 31 "https://cyberlab.pacific.edu/admin/pages/courses/comp175/projects/project-1" "Mozilla/5.0 (Macintosh; Intel Mac OS X 10_14_6) AppleWebKit/537.36 (KHTML, like Gecko) Chrome/85.0.4183.102 Safari/537.36"
2600:1700:b810:b989:c5b3:7058:191e:cff2 - - [22/Sep/2020:18:59:37 +0000] "GET /admin/pages/courses/comp175/projects/project-1 HTTP/1.1" 200 22877 "https://cyberlab.pacific.edu/admin/pages/courses/comp175/projects/project-1" "Mozilla/5.0 (Macintosh; Intel Mac OS X 10_14_6) AppleWebKit/537.36 (KHTML, like Gecko) Chrome/85.0.4183.102 Safari/537.36"
2600:1700:b810:b989:c5b3:7058:191e:cff2 - - [22/Sep/2020:18:59:38 +0000] "POST /admin/task:getNotifications HTTP/1.1" 200 50 "https://cyberlab.pacific.edu/admin/pages/courses/comp175/projects/project-1" "Mozilla/5.0 (Macintosh; Intel Mac OS X 10_14_6) AppleWebKit/537.36 (KHTML, like Gecko) Chrome/85.0.4183.102 Safari/537.36"
2600:1700:b810:b989:c5b3:7058:191e:cff2 - - [22/Sep/2020:18:59:38 +0000] "POST /admin/update.json/task:getUpdates HTTP/1.1" 200 337 "https://cyberlab.pacific.edu/admin/pages/courses/comp175/projects/project-1" "Mozilla/5.0 (Macintosh; Intel Mac OS X 10_14_6) AppleWebKit/537.36 (KHTML, like Gecko) Chrome/85.0.4183.102 Safari/537.36"
2600:1700:b810:b989:c5b3:7058:191e:cff2 - - [22/Sep/2020:18:59:38 +0000] "POST /admin/media/courses/comp175/projects/project-1.json/task:listmedia HTTP/1.1" 200 64 "https://cyberlab.pacific.edu/admin/pages/courses/comp175/projects/project-1" "Mozilla/5.0 (Macintosh; Intel Mac OS X 10_14_6) AppleWebKit/537.36 (KHTML, like Gecko) Chrome/85.0.4183.102 Safari/537.36"
2600:1700:b810:b989:c5b3:7058:191e:cff2 - - [22/Sep/2020:18:59:39 +0000] "GET /courses/comp175/projects/project-1 HTTP/1.1" 200 10876 "https://cyberlab.pacific.edu/courses/comp175/projects" "Mozilla/5.0 (Macintosh; Intel Mac OS X 10_14_6) AppleWebKit/537.36 (KHTML, like Gecko) Chrome/85.0.4183.102 Safari/537.36"
2600:1700:b810:b989:c5b3:7058:191e:cff2 - - [22/Sep/2020:18:59:39 +0000] "GET /user/images/g5_helium/favicon.ico HTTP/1.1" 200 5430 "https://cyberlab.pacific.edu/courses/comp175/projects/project-1" "Mozilla/5.0 (Macintosh; Intel Mac OS X 10_14_6) AppleWebKit/537.36 (KHTML, like Gecko) Chrome/85.0.4183.102 Safari/537.36"
2600:1700:b810:b989:c5b3:7058:191e:cff2 - - [22/Sep/2020:18:59:44 +0000] "GET /courses/comp175/projects HTTP/1.1" 200 8864 "https://cyberlab.pacific.edu/courses/comp175/projects/project-1" "Mozilla/5.0 (Macintosh; Intel Mac OS X 10_14_6) AppleWebKit/537.36 (KHTML, like Gecko) Chrome/85.0.4183.102 Safari/537.36"
2600:1700:b810:b989:c5b3:7058:191e:cff2 - - [22/Sep/2020:18:59:45 +0000] "GET /courses/comp175 HTTP/1.1" 200 8811 "https://cyberlab.pacific.edu/courses/comp175/projects" "Mozilla/5.0 (Macintosh; Intel Mac OS X 10_14_6) AppleWebKit/537.36 (KHTML, like Gecko) Chrome/85.0.4183.102 Safari/537.36"
2600:1700:b810:b989:c5b3:7058:191e:cff2 - - [22/Sep/2020:18:59:47 +0000] "GET /courses/comp175/syllabus HTTP/1.1" 200 12020 "https://cyberlab.pacific.edu/courses/comp175" "Mozilla/5.0 (Macintosh; Intel Mac OS X 10_14_6) AppleWebKit/537.36 (KHTML, like Gecko) Chrome/85.0.4183.102 Safari/537.36"
2600:1700:b810:b989:c5b3:7058:191e:cff2 - - [22/Sep/2020:18:59:57 +0000] "GET /courses/comp175/projects HTTP/1.1" 200 8864 "https://cyberlab.pacific.edu/courses/comp175" "Mozilla/5.0 (Macintosh; Intel Mac OS X 10_14_6) AppleWebKit/537.36 (KHTML, like Gecko) Chrome/85.0.4183.102 Safari/537.36"
2600:1700:b810:b989:c5b3:7058:191e:cff2 - - [22/Sep/2020:18:59:59 +0000] "GET /courses/comp175/projects/project-1 HTTP/1.1" 200 10876 "https://cyberlab.pacific.edu/courses/comp175/projects" "Mozilla/5.0 (Macintosh; Intel Mac OS X 10_14_6) AppleWebKit/537.36 (KHTML, like Gecko) Chrome/85.0.4183.102 Safari/537.36"
2600:1700:b810:b989:c5b3:7058:191e:cff2 - - [22/Sep/2020:19:00:13 +0000] "POST /admin/pages/courses/comp175/projects/project-1 HTTP/1.1" 303 31 "https://cyberlab.pacific.edu/admin/pages/courses/comp175/projects/project-1" "Mozilla/5.0 (Macintosh; Intel Mac OS X 10_14_6) AppleWebKit/537.36 (KHTML, like Gecko) Chrome/85.0.4183.102 Safari/537.36"
2600:1700:b810:b989:c5b3:7058:191e:cff2 - - [22/Sep/2020:19:00:13 +0000] "GET /admin/pages/courses/comp175/projects/project-1 HTTP/1.1" 200 22871 "https://cyberlab.pacific.edu/admin/pages/courses/comp175/projects/project-1" "Mozilla/5.0 (Macintosh; Intel Mac OS X 10_14_6) AppleWebKit/537.36 (KHTML, like Gecko) Chrome/85.0.4183.102 Safari/537.36"
2600:1700:b810:b989:c5b3:7058:191e:cff2 - - [22/Sep/2020:19:00:13 +0000] "POST /admin/task:getNotifications HTTP/1.1" 200 50 "https://cyberlab.pacific.edu/admin/pages/courses/comp175/projects/project-1" "Mozilla/5.0 (Macintosh; Intel Mac OS X 10_14_6) AppleWebKit/537.36 (KHTML, like Gecko) Chrome/85.0.4183.102 Safari/537.36"
2600:1700:b810:b989:c5b3:7058:191e:cff2 - - [22/Sep/2020:19:00:13 +0000] "POST /admin/update.json/task:getUpdates HTTP/1.1" 200 337 "https://cyberlab.pacific.edu/admin/pages/courses/comp175/projects/project-1" "Mozilla/5.0 (Macintosh; Intel Mac OS X 10_14_6) AppleWebKit/537.36 (KHTML, like Gecko) Chrome/85.0.4183.102 Safari/537.36"
2600:1700:b810:b989:c5b3:7058:191e:cff2 - - [22/Sep/2020:19:00:13 +0000] "POST /admin/media/courses/comp175/projects/project-1.json/task:listmedia HTTP/1.1" 200 64 "https://cyberlab.pacific.edu/admin/pages/courses/comp175/projects/project-1" "Mozilla/5.0 (Macintosh; Intel Mac OS X 10_14_6) AppleWebKit/537.36 (KHTML, like Gecko) Chrome/85.0.4183.102 Safari/537.36"
2600:1700:b810:b989:c5b3:7058:191e:cff2 - - [22/Sep/2020:19:00:16 +0000] "GET /courses/comp175/projects/project-1 HTTP/1.1" 200 10847 "https://cyberlab.pacific.edu/courses/comp175/projects" "Mozilla/5.0 (Macintosh; Intel Mac OS X 10_14_6) AppleWebKit/537.36 (KHTML, like Gecko) Chrome/85.0.4183.102 Safari/537.36"
2600:1700:b810:b989:c5b3:7058:191e:cff2 - - [22/Sep/2020:19:00:16 +0000] "GET /user/images/g5_helium/favicon.ico HTTP/1.1" 200 5430 "https://cyberlab.pacific.edu/courses/comp175/projects/project-1" "Mozilla/5.0 (Macintosh; Intel Mac OS X 10_14_6) AppleWebKit/537.36 (KHTML, like Gecko) Chrome/85.0.4183.102 Safari/537.36"
2600:1700:b810:b989:c5b3:7058:191e:cff2 - - [22/Sep/2020:19:00:46 +0000] "POST /admin/pages/courses/comp175/projects/project-1 HTTP/1.1" 303 31 "https://cyberlab.pacific.edu/admin/pages/courses/comp175/projects/project-1" "Mozilla/5.0 (Macintosh; Intel Mac OS X 10_14_6) AppleWebKit/537.36 (KHTML, like Gecko) Chrome/85.0.4183.102 Safari/537.36"
2600:1700:b810:b989:c5b3:7058:191e:cff2 - - [22/Sep/2020:19:00:46 +0000] "GET /admin/pages/courses/comp175/projects/project-1 HTTP/1.1" 200 22873 "https://cyberlab.pacific.edu/admin/pages/courses/comp175/projects/project-1" "Mozilla/5.0 (Macintosh; Intel Mac OS X 10_14_6) AppleWebKit/537.36 (KHTML, like Gecko) Chrome/85.0.4183.102 Safari/537.36"
2600:1700:b810:b989:c5b3:7058:191e:cff2 - - [22/Sep/2020:19:00:46 +0000] "POST /admin/task:getNotifications HTTP/1.1" 200 50 "https://cyberlab.pacific.edu/admin/pages/courses/comp175/projects/project-1" "Mozilla/5.0 (Macintosh; Intel Mac OS X 10_14_6) AppleWebKit/537.36 (KHTML, like Gecko) Chrome/85.0.4183.102 Safari/537.36"
2600:1700:b810:b989:c5b3:7058:191e:cff2 - - [22/Sep/2020:19:00:46 +0000] "POST /admin/update.json/task:getUpdates HTTP/1.1" 200 337 "https://cyberlab.pacific.edu/admin/pages/courses/comp175/projects/project-1" "Mozilla/5.0 (Macintosh; Intel Mac OS X 10_14_6) AppleWebKit/537.36 (KHTML, like Gecko) Chrome/85.0.4183.102 Safari/537.36"
2600:1700:b810:b989:c5b3:7058:191e:cff2 - - [22/Sep/2020:19:00:46 +0000] "POST /admin/media/courses/comp175/projects/project-1.json/task:listmedia HTTP/1.1" 200 64 "https://cyberlab.pacific.edu/admin/pages/courses/comp175/projects/project-1" "Mozilla/5.0 (Macintosh; Intel Mac OS X 10_14_6) AppleWebKit/537.36 (KHTML, like Gecko) Chrome/85.0.4183.102 Safari/537.36"
2600:1700:b810:b989:c5b3:7058:191e:cff2 - - [22/Sep/2020:19:00:47 +0000] "GET /courses/comp175/projects/project-1 HTTP/1.1" 200 10870 "https://cyberlab.pacific.edu/courses/comp175/projects" "Mozilla/5.0 (Macintosh; Intel Mac OS X 10_14_6) AppleWebKit/537.36 (KHTML, like Gecko) Chrome/85.0.4183.102 Safari/537.36"
2600:1700:b810:b989:c5b3:7058:191e:cff2 - - [22/Sep/2020:19:00:47 +0000] "GET /user/images/g5_helium/favicon.ico HTTP/1.1" 200 5430 "https://cyberlab.pacific.edu/courses/comp175/projects/project-1" "Mozilla/5.0 (Macintosh; Intel Mac OS X 10_14_6) AppleWebKit/537.36 (KHTML, like Gecko) Chrome/85.0.4183.102 Safari/537.36"
45.86.199.216 - - [22/Sep/2020:19:00:49 +0000] "GET /user/pages/04.resources/02.lab-network-monitoring/sofelk_dashboard_bytes.png HTTP/1.1" 200 230460 "https://www.google.com/" "Mozilla/5.0 (Windows NT 10.0; Win64; x64; rv:80.0) Gecko/20100101 Firefox/80.0"
2600:1700:b810:b989:c5b3:7058:191e:cff2 - - [22/Sep/2020:19:03:23 +0000] "POST /admin/pages/courses/comp175/projects/project-1 HTTP/1.1" 303 31 "https://cyberlab.pacific.edu/admin/pages/courses/comp175/projects/project-1" "Mozilla/5.0 (Macintosh; Intel Mac OS X 10_14_6) AppleWebKit/537.36 (KHTML, like Gecko) Chrome/85.0.4183.102 Safari/537.36"
2600:1700:b810:b989:c5b3:7058:191e:cff2 - - [22/Sep/2020:19:03:23 +0000] "GET /admin/pages/courses/comp175/projects/project-1 HTTP/1.1" 200 22903 "https://cyberlab.pacific.edu/admin/pages/courses/comp175/projects/project-1" "Mozilla/5.0 (Macintosh; Intel Mac OS X 10_14_6) AppleWebKit/537.36 (KHTML, like Gecko) Chrome/85.0.4183.102 Safari/537.36"
2600:1700:b810:b989:c5b3:7058:191e:cff2 - - [22/Sep/2020:19:03:24 +0000] "POST /admin/task:getNotifications HTTP/1.1" 200 50 "https://cyberlab.pacific.edu/admin/pages/courses/comp175/projects/project-1" "Mozilla/5.0 (Macintosh; Intel Mac OS X 10_14_6) AppleWebKit/537.36 (KHTML, like Gecko) Chrome/85.0.4183.102 Safari/537.36"
2600:1700:b810:b989:c5b3:7058:191e:cff2 - - [22/Sep/2020:19:03:24 +0000] "POST /admin/update.json/task:getUpdates HTTP/1.1" 200 337 "https://cyberlab.pacific.edu/admin/pages/courses/comp175/projects/project-1" "Mozilla/5.0 (Macintosh; Intel Mac OS X 10_14_6) AppleWebKit/537.36 (KHTML, like Gecko) Chrome/85.0.4183.102 Safari/537.36"
2600:1700:b810:b989:c5b3:7058:191e:cff2 - - [22/Sep/2020:19:03:24 +0000] "POST /admin/media/courses/comp175/projects/project-1.json/task:listmedia HTTP/1.1" 200 64 "https://cyberlab.pacific.edu/admin/pages/courses/comp175/projects/project-1" "Mozilla/5.0 (Macintosh; Intel Mac OS X 10_14_6) AppleWebKit/537.36 (KHTML, like Gecko) Chrome/85.0.4183.102 Safari/537.36"
2001:19f0:4400:402e::1 - - [22/Sep/2020:19:04:33 +0000] "HEAD / HTTP/1.1" 200 0 "-" "updown.io daemon 2.4"
45.32.107.181 - - [22/Sep/2020:19:04:33 +0000] "HEAD / HTTP/1.1" 200 0 "-" "updown.io daemon 2.4"
2600:1700:b810:b989:c5b3:7058:191e:cff2 - - [22/Sep/2020:19:04:57 +0000] "POST /admin/pages/courses/comp175/projects/project-1 HTTP/1.1" 303 31 "https://cyberlab.pacific.edu/admin/pages/courses/comp175/projects/project-1" "Mozilla/5.0 (Macintosh; Intel Mac OS X 10_14_6) AppleWebKit/537.36 (KHTML, like Gecko) Chrome/85.0.4183.102 Safari/537.36"
2600:1700:b810:b989:c5b3:7058:191e:cff2 - - [22/Sep/2020:19:04:58 +0000] "GET /admin/pages/courses/comp175/projects/project-1 HTTP/1.1" 200 22916 "https://cyberlab.pacific.edu/admin/pages/courses/comp175/projects/project-1" "Mozilla/5.0 (Macintosh; Intel Mac OS X 10_14_6) AppleWebKit/537.36 (KHTML, like Gecko) Chrome/85.0.4183.102 Safari/537.36"
2600:1700:b810:b989:c5b3:7058:191e:cff2 - - [22/Sep/2020:19:04:58 +0000] "POST /admin/task:getNotifications HTTP/1.1" 200 50 "https://cyberlab.pacific.edu/admin/pages/courses/comp175/projects/project-1" "Mozilla/5.0 (Macintosh; Intel Mac OS X 10_14_6) AppleWebKit/537.36 (KHTML, like Gecko) Chrome/85.0.4183.102 Safari/537.36"
2600:1700:b810:b989:c5b3:7058:191e:cff2 - - [22/Sep/2020:19:04:58 +0000] "POST /admin/update.json/task:getUpdates HTTP/1.1" 200 337 "https://cyberlab.pacific.edu/admin/pages/courses/comp175/projects/project-1" "Mozilla/5.0 (Macintosh; Intel Mac OS X 10_14_6) AppleWebKit/537.36 (KHTML, like Gecko) Chrome/85.0.4183.102 Safari/537.36"
2600:1700:b810:b989:c5b3:7058:191e:cff2 - - [22/Sep/2020:19:04:58 +0000] "POST /admin/media/courses/comp175/projects/project-1.json/task:listmedia HTTP/1.1" 200 64 "https://cyberlab.pacific.edu/admin/pages/courses/comp175/projects/project-1" "Mozilla/5.0 (Macintosh; Intel Mac OS X 10_14_6) AppleWebKit/537.36 (KHTML, like Gecko) Chrome/85.0.4183.102 Safari/537.36"
2600:1700:b810:b989:c5b3:7058:191e:cff2 - - [22/Sep/2020:19:04:59 +0000] "GET /courses/comp175/projects/project-1 HTTP/1.1" 200 10915 "https://cyberlab.pacific.edu/courses/comp175/projects" "Mozilla/5.0 (Macintosh; Intel Mac OS X 10_14_6) AppleWebKit/537.36 (KHTML, like Gecko) Chrome/85.0.4183.102 Safari/537.36"
2600:1700:b810:b989:c5b3:7058:191e:cff2 - - [22/Sep/2020:19:04:59 +0000] "GET /user/images/g5_helium/favicon.ico HTTP/1.1" 200 5430 "https://cyberlab.pacific.edu/courses/comp175/projects/project-1" "Mozilla/5.0 (Macintosh; Intel Mac OS X 10_14_6) AppleWebKit/537.36 (KHTML, like Gecko) Chrome/85.0.4183.102 Safari/537.36"
185.191.171.33 - - [22/Sep/2020:19:06:36 +0000] "GET /robots.txt HTTP/1.1" 200 197 "-" "Mozilla/5.0 (compatible; SemrushBot/6~bl; +http://www.semrush.com/bot.html)"
185.191.171.33 - - [22/Sep/2020:19:06:37 +0000] "GET /courses/comp177/projects/project-1-network-discoverer HTTP/1.1" 200 11925 "-" "Mozilla/5.0 (compatible; SemrushBot/6~bl; +http://www.semrush.com/bot.html)"
104.238.136.194 - - [22/Sep/2020:19:09:31 +0000] "HEAD / HTTP/1.1" 200 0 "-" "updown.io daemon 2.4"
2001:19f0:9002:11a::1 - - [22/Sep/2020:19:09:31 +0000] "HEAD / HTTP/1.1" 200 0 "-" "updown.io daemon 2.4"
2600:1700:b810:b989:c5b3:7058:191e:cff2 - - [22/Sep/2020:19:12:52 +0000] "POST /admin/task:keepAlive HTTP/1.1" 200 31 "https://cyberlab.pacific.edu/admin/pages/courses/comp177/resources" "Mozilla/5.0 (Macintosh; Intel Mac OS X 10_14_6) AppleWebKit/537.36 (KHTML, like Gecko) Chrome/85.0.4183.102 Safari/537.36"
2001:19f0:7001:45a::1 - - [22/Sep/2020:19:14:29 +0000] "HEAD / HTTP/1.1" 200 0 "-" "updown.io daemon 2.4"
45.76.104.117 - - [22/Sep/2020:19:14:29 +0000] "HEAD / HTTP/1.1" 200 0 "-" "updown.io daemon 2.4"
66.249.68.3 - - [22/Sep/2020:19:17:43 +0000] "GET /courses/comp293a/labs/lab-8-anti-re HTTP/1.1" 200 15666 "-" "Mozilla/5.0 (compatible; Googlebot/2.1; +http://www.google.com/bot.html)"
45.32.74.41 - - [22/Sep/2020:19:19:28 +0000] "HEAD / HTTP/1.1" 200 0 "-" "updown.io daemon 2.4"
2001:19f0:6001:2c6::1 - - [22/Sep/2020:19:19:28 +0000] "HEAD / HTTP/1.1" 200 0 "-" "updown.io daemon 2.4"
80.82.70.118 - - [22/Sep/2020:19:21:12 +0000] "GET / HTTP/1.0" 301 194 "-" "Mozilla/5.0 (Windows NT 10.0; WOW64) AppleWebKit/537.36 (KHTML, like Gecko) Chrome/70.0.3538.25 Safari/537.36 Core/1.70.3676.400 QQBrowser/10.4.3469.400"
139.59.34.100 - - [22/Sep/2020:19:21:51 +0000] "GET / HTTP/1.1" 404 178 "-" "-"
2001:19f0:5801:1d8::1 - - [22/Sep/2020:19:24:28 +0000] "HEAD / HTTP/1.1" 200 0 "-" "updown.io daemon 2.4"
45.63.29.207 - - [22/Sep/2020:19:24:28 +0000] "HEAD / HTTP/1.1" 200 0 "-" "updown.io daemon 2.4"
176.113.115.214 - - [22/Sep/2020:19:27:18 +0000] "POST /api/jsonws/invoke HTTP/1.1" 404 209 "-" "Mozilla/5.0 (Windows NT 10.0; Win64; x64) AppleWebKit/537.36 (KHTML, like Gecko) Chrome/78.0.3904.108 Safari/537.36"
104.238.136.194 - - [22/Sep/2020:19:29:27 +0000] "HEAD / HTTP/1.1" 200 0 "-" "updown.io daemon 2.4"
2001:19f0:9002:11a::1 - - [22/Sep/2020:19:29:27 +0000] "HEAD / HTTP/1.1" 200 0 "-" "updown.io daemon 2.4"
2600:1700:b810:b989:1d2b:d31f:7f2:2327 - - [22/Sep/2020:19:29:36 +0000] "POST /admin/task:keepAlive HTTP/1.1" 200 31 "https://cyberlab.pacific.edu/admin/pages/courses/comp175/projects/project-1" "Mozilla/5.0 (Macintosh; Intel Mac OS X 10_14_6) AppleWebKit/537.36 (KHTML, like Gecko) Chrome/85.0.4183.102 Safari/537.36"
2600:1702:37e0:2a50:555:4c9d:eccc:a421 - - [22/Sep/2020:19:30:24 +0000] "GET /courses/comp177/projects/project-1-network-discoverer HTTP/1.1" 200 11932 "-" "Mozilla/5.0 (Windows NT 10.0; Win64; x64) AppleWebKit/537.36 (KHTML, like Gecko) Chrome/85.0.4183.102 Safari/537.36"
2600:1702:37e0:2a50:555:4c9d:eccc:a421 - - [22/Sep/2020:19:30:24 +0000] "GET /system/assets/jquery/jquery-2.x.min.js HTTP/1.1" 304 0 "https://cyberlab.pacific.edu/courses/comp177/projects/project-1-network-discoverer" "Mozilla/5.0 (Windows NT 10.0; Win64; x64) AppleWebKit/537.36 (KHTML, like Gecko) Chrome/85.0.4183.102 Safari/537.36"
2600:1702:37e0:2a50:555:4c9d:eccc:a421 - - [22/Sep/2020:19:30:24 +0000] "GET /user/plugins/lightslider/js/lightslider.min.js HTTP/1.1" 304 0 "https://cyberlab.pacific.edu/courses/comp177/projects/project-1-network-discoverer" "Mozilla/5.0 (Windows NT 10.0; Win64; x64) AppleWebKit/537.36 (KHTML, like Gecko) Chrome/85.0.4183.102 Safari/537.36"
2600:1702:37e0:2a50:555:4c9d:eccc:a421 - - [22/Sep/2020:19:30:24 +0000] "GET /user/plugins/highlight/js/highlight.pack.js HTTP/1.1" 304 0 "https://cyberlab.pacific.edu/courses/comp177/projects/project-1-network-discoverer" "Mozilla/5.0 (Windows NT 10.0; Win64; x64) AppleWebKit/537.36 (KHTML, like Gecko) Chrome/85.0.4183.102 Safari/537.36"
2600:1702:37e0:2a50:555:4c9d:eccc:a421 - - [22/Sep/2020:19:30:24 +0000] "GET /user/plugins/featherlight/js/featherlight.min.js HTTP/1.1" 304 0 "https://cyberlab.pacific.edu/courses/comp177/projects/project-1-network-discoverer" "Mozilla/5.0 (Windows NT 10.0; Win64; x64) AppleWebKit/537.36 (KHTML, like Gecko) Chrome/85.0.4183.102 Safari/537.36"
2600:1702:37e0:2a50:555:4c9d:eccc:a421 - - [22/Sep/2020:19:30:24 +0000] "GET /user/plugins/simplesearch/js/simplesearch.js HTTP/1.1" 200 1277 "https://cyberlab.pacific.edu/courses/comp177/projects/project-1-network-discoverer" "Mozilla/5.0 (Windows NT 10.0; Win64; x64) AppleWebKit/537.36 (KHTML, like Gecko) Chrome/85.0.4183.102 Safari/537.36"
2600:1702:37e0:2a50:555:4c9d:eccc:a421 - - [22/Sep/2020:19:30:24 +0000] "GET /images/6/d/b/d/3/6dbd3b835d3148f6d94c6abc288b48466a3a36ea-example-network.png HTTP/1.1" 200 88729 "https://cyberlab.pacific.edu/courses/comp177/projects/project-1-network-discoverer" "Mozilla/5.0 (Windows NT 10.0; Win64; x64) AppleWebKit/537.36 (KHTML, like Gecko) Chrome/85.0.4183.102 Safari/537.36"
2600:1702:37e0:2a50:555:4c9d:eccc:a421 - - [22/Sep/2020:19:30:24 +0000] "GET /user/images/g5_helium/favicon.ico HTTP/1.1" 200 5430 "https://cyberlab.pacific.edu/courses/comp177/projects/project-1-network-discoverer" "Mozilla/5.0 (Windows NT 10.0; Win64; x64) AppleWebKit/537.36 (KHTML, like Gecko) Chrome/85.0.4183.102 Safari/537.36"
2600:1702:37e0:2a50:555:4c9d:eccc:a421 - - [22/Sep/2020:19:30:27 +0000] "GET /courses/comp177/projects/project-2-traceroute HTTP/1.1" 200 11911 "-" "Mozilla/5.0 (Windows NT 10.0; Win64; x64) AppleWebKit/537.36 (KHTML, like Gecko) Chrome/85.0.4183.102 Safari/537.36"
95.163.255.209 - - [22/Sep/2020:19:30:38 +0000] "GET /robots.txt HTTP/1.0" 200 197 "-" "Mozilla/5.0 (compatible; Linux x86_64; Mail.RU_Bot/2.0; +http://go.mail.ru/help/robots)"
95.163.255.60 - - [22/Sep/2020:19:30:40 +0000] "GET /about/apply-now HTTP/1.1" 404 8692 "-" "Mozilla/5.0 (compatible; Linux x86_64; Mail.RU_Bot/2.0; +http://go.mail.ru/help/robots)"
66.249.68.3 - - [22/Sep/2020:19:30:45 +0000] "GET /courses/cybr200/archive_2017_fall/resources/graduate_course_in_applied_cryptography_0_4.pdf HTTP/1.1" 304 0 "-" "Mozilla/5.0 (compatible; Googlebot/2.1; +http://www.google.com/bot.html)"
2001:19f0:4400:402e::1 - - [22/Sep/2020:19:34:25 +0000] "HEAD / HTTP/1.1" 200 0 "-" "updown.io daemon 2.4"
45.32.107.181 - - [22/Sep/2020:19:34:25 +0000] "HEAD / HTTP/1.1" 200 0 "-" "updown.io daemon 2.4"
66.249.68.28 - - [22/Sep/2020:19:36:51 +0000] "GET /courses/comp178/resources/01-intro.pdf HTTP/1.1" 304 0 "-" "Mozilla/5.0 (compatible; Googlebot/2.1; +http://www.google.com/bot.html)"
45.32.74.41 - - [22/Sep/2020:19:39:23 +0000] "HEAD / HTTP/1.1" 200 0 "-" "updown.io daemon 2.4"
2001:19f0:6001:2c6::1 - - [22/Sep/2020:19:39:23 +0000] "HEAD / HTTP/1.1" 200 0 "-" "updown.io daemon 2.4"
174.134.144.7 - - [22/Sep/2020:19:40:54 +0000] "GET /courses/comp175/projects/project-1 HTTP/1.1" 200 10915 "-" "Mozilla/5.0 (Windows NT 10.0; Win64; x64) AppleWebKit/537.36 (KHTML, like Gecko) Chrome/85.0.4183.102 Safari/537.36"
174.134.144.7 - - [22/Sep/2020:19:40:55 +0000] "GET /courses/comp175/projects/ HTTP/1.1" 301 31 "-" "Mozilla/5.0 (Windows NT 10.0; Win64; x64) AppleWebKit/537.36 (KHTML, like Gecko) Chrome/85.0.4183.102 Safari/537.36"
174.134.144.7 - - [22/Sep/2020:19:40:55 +0000] "GET /courses/comp175/projects HTTP/1.1" 200 8871 "-" "Mozilla/5.0 (Windows NT 10.0; Win64; x64) AppleWebKit/537.36 (KHTML, like Gecko) Chrome/85.0.4183.102 Safari/537.36"
192.99.37.47 - - [22/Sep/2020:19:44:21 +0000] "HEAD / HTTP/1.1" 200 0 "-" "updown.io daemon 2.4"
2607:5300:60:4c2f::1 - - [22/Sep/2020:19:44:22 +0000] "HEAD / HTTP/1.1" 200 0 "-" "updown.io daemon 2.4"
85.144.61.10 - - [22/Sep/2020:19:47:02 +0000] "GET /favicon.ico HTTP/1.1" 404 8699 "-" "Mozilla/5.0 (iPhone; CPU OS 14_0 like Mac OS X) AppleWebKit/605.1.15 (KHTML, like Gecko) FxiOS/28.2  Mobile/15E148 Safari/605.1.15"
66.249.68.30 - - [22/Sep/2020:19:47:50 +0000] "GET /courses/cybr200/resources/10.05-authentication-oauth.pdf HTTP/1.1" 200 1831971 "-" "Mozilla/5.0 (compatible; Googlebot/2.1; +http://www.google.com/bot.html)"
66.249.68.30 - - [22/Sep/2020:19:48:17 +0000] "GET /courses/cybr200/resources/08.04-cryptography-stream-ciphers.pdf HTTP/1.1" 200 15800279 "-" "Mozilla/5.0 (Linux; Android 6.0.1; Nexus 5X Build/MMB29P) AppleWebKit/537.36 (KHTML, like Gecko) Chrome/85.0.4183.118 Mobile Safari/537.36 (compatible; Googlebot/2.1; +http://www.google.com/bot.html)"
45.32.107.181 - - [22/Sep/2020:19:49:19 +0000] "HEAD / HTTP/1.1" 200 0 "-" "updown.io daemon 2.4"
2001:19f0:4400:402e::1 - - [22/Sep/2020:19:49:20 +0000] "HEAD / HTTP/1.1" 200 0 "-" "updown.io daemon 2.4"
2001:19f0:6c01:145::1 - - [22/Sep/2020:19:54:16 +0000] "HEAD / HTTP/1.1" 200 0 "-" "updown.io daemon 2.4"
104.238.159.87 - - [22/Sep/2020:19:54:16 +0000] "HEAD / HTTP/1.1" 200 0 "-" "updown.io daemon 2.4"
66.249.68.28 - - [22/Sep/2020:19:58:38 +0000] "GET /resources/lab-network-quarantine HTTP/1.1" 200 11334 "-" "Mozilla/5.0 (compatible; Googlebot/2.1; +http://www.google.com/bot.html)"
104.238.136.194 - - [22/Sep/2020:19:59:14 +0000] "HEAD / HTTP/1.1" 200 0 "-" "updown.io daemon 2.4"
2001:19f0:9002:11a::1 - - [22/Sep/2020:19:59:14 +0000] "HEAD / HTTP/1.1" 200 0 "-" "updown.io daemon 2.4"
91.121.222.175 - - [22/Sep/2020:20:04:13 +0000] "HEAD / HTTP/1.1" 200 0 "-" "updown.io daemon 2.4"
2001:41d0:2:85af::1 - - [22/Sep/2020:20:04:13 +0000] "HEAD / HTTP/1.1" 200 0 "-" "updown.io daemon 2.4"
157.55.39.166 - - [22/Sep/2020:20:04:27 +0000] "GET /courses/cybr240/resources HTTP/1.1" 200 9426 "-" "Mozilla/5.0 (compatible; bingbot/2.0; +http://www.bing.com/bingbot.htm)"
45.32.74.41 - - [22/Sep/2020:20:09:12 +0000] "HEAD / HTTP/1.1" 200 0 "-" "updown.io daemon 2.4"
2001:19f0:6001:2c6::1 - - [22/Sep/2020:20:09:12 +0000] "HEAD / HTTP/1.1" 200 0 "-" "updown.io daemon 2.4"
66.249.68.28 - - [22/Sep/2020:20:10:55 +0000] "GET /courses/comp178/resources/08-nice-challenge-labs.pdf HTTP/1.1" 304 0 "-" "Mozilla/5.0 (Linux; Android 6.0.1; Nexus 5X Build/MMB29P) AppleWebKit/537.36 (KHTML, like Gecko) Chrome/85.0.4183.118 Mobile Safari/537.36 (compatible; Googlebot/2.1; +http://www.google.com/bot.html)"
189.217.18.143 - - [22/Sep/2020:20:11:36 +0000] "GET /resources/malware-samples-for-students HTTP/1.1" 200 10209 "-" "Mozilla/5.0 (X11; Linux x86_64) AppleWebKit/537.36 (KHTML, like Gecko) Chrome/85.0.4183.102 Safari/537.36"
66.249.68.23 - - [22/Sep/2020:20:12:17 +0000] "GET / HTTP/1.1" 301 194 "-" "Mozilla/5.0 (compatible; Googlebot/2.1; +http://www.google.com/bot.html)"
185.191.171.7 - - [22/Sep/2020:20:12:25 +0000] "GET /robots.txt HTTP/1.1" 200 197 "-" "Mozilla/5.0 (compatible; SemrushBot/6~bl; +http://www.semrush.com/bot.html)"
185.191.171.16 - - [22/Sep/2020:20:12:25 +0000] "GET /courses/comp293a/labs/lab-4-win32-api HTTP/1.1" 200 11756 "-" "Mozilla/5.0 (compatible; SemrushBot/6~bl; +http://www.semrush.com/bot.html)"
66.249.68.28 - - [22/Sep/2020:20:12:33 +0000] "GET / HTTP/1.1" 200 9881 "-" "Mozilla/5.0 (compatible; Googlebot/2.1; +http://www.google.com/bot.html)"
104.238.136.194 - - [22/Sep/2020:20:14:11 +0000] "HEAD / HTTP/1.1" 200 0 "-" "updown.io daemon 2.4"
2001:19f0:9002:11a::1 - - [22/Sep/2020:20:14:11 +0000] "HEAD / HTTP/1.1" 200 0 "-" "updown.io daemon 2.4"
2600:1700:b810:b989:b475:18f0:2a4:c012 - - [22/Sep/2020:20:15:28 +0000] "POST /admin/task:keepAlive HTTP/1.1" 200 31 "https://cyberlab.pacific.edu/admin/pages/courses/comp177/resources" "Mozilla/5.0 (Macintosh; Intel Mac OS X 10_14_6) AppleWebKit/537.36 (KHTML, like Gecko) Chrome/85.0.4183.102 Safari/537.36"
91.121.222.175 - - [22/Sep/2020:20:19:10 +0000] "HEAD / HTTP/1.1" 200 0 "-" "updown.io daemon 2.4"
2001:41d0:2:85af::1 - - [22/Sep/2020:20:19:10 +0000] "HEAD / HTTP/1.1" 200 0 "-" "updown.io daemon 2.4"
47.7.58.18 - - [22/Sep/2020:20:20:18 +0000] "GET /courses HTTP/1.1" 200 9700 "-" "Mozilla/5.0 (Windows NT 10.0; Win64; x64; rv:80.0) Gecko/20100101 Firefox/80.0"
47.7.58.18 - - [22/Sep/2020:20:20:18 +0000] "GET /assets/f34339a9d26808defc965517fd93f714.css HTTP/1.1" 200 155416 "https://cyberlab.pacific.edu/courses" "Mozilla/5.0 (Windows NT 10.0; Win64; x64; rv:80.0) Gecko/20100101 Firefox/80.0"
47.7.58.18 - - [22/Sep/2020:20:20:18 +0000] "GET /images/f/3/4/b/5/f34b544155f6abdff9875b44b398e98f9ea4a270-shutterstock463797389-cropped2x.jpeg HTTP/1.1" 200 373668 "https://cyberlab.pacific.edu/courses" "Mozilla/5.0 (Windows NT 10.0; Win64; x64; rv:80.0) Gecko/20100101 Firefox/80.0"
47.7.58.18 - - [22/Sep/2020:20:20:18 +0000] "GET /images/d/0/d/c/4/d0dc4bb0d3c025b3c27e8ca5ee911b8f526dc3b9-shutterstock1384804721-cropped2x.png HTTP/1.1" 200 2662818 "https://cyberlab.pacific.edu/courses" "Mozilla/5.0 (Windows NT 10.0; Win64; x64; rv:80.0) Gecko/20100101 Firefox/80.0"
47.7.58.18 - - [22/Sep/2020:20:20:18 +0000] "GET /images/8/6/f/6/0/86f60e0bb7868e76fb2453d1656f5be5f4cfaf5f-shutterstock669786472-cropped2x.jpeg HTTP/1.1" 200 300664 "https://cyberlab.pacific.edu/courses" "Mozilla/5.0 (Windows NT 10.0; Win64; x64; rv:80.0) Gecko/20100101 Firefox/80.0"
47.7.58.18 - - [22/Sep/2020:20:20:18 +0000] "GET /images/b/3/3/6/9/b33692720a55070803784b1e33c6c1703d0596c5-shutterstock582433453-cropped2x.jpeg HTTP/1.1" 200 411611 "https://cyberlab.pacific.edu/courses" "Mozilla/5.0 (Windows NT 10.0; Win64; x64; rv:80.0) Gecko/20100101 Firefox/80.0"
47.7.58.18 - - [22/Sep/2020:20:20:18 +0000] "GET /images/c/7/c/2/b/c7c2b7e2009e972887632621824c560b6f10fea3-shutterstock642118678-cropped2x.jpeg HTTP/1.1" 200 380267 "https://cyberlab.pacific.edu/courses" "Mozilla/5.0 (Windows NT 10.0; Win64; x64; rv:80.0) Gecko/20100101 Firefox/80.0"
47.7.58.18 - - [22/Sep/2020:20:20:19 +0000] "GET /images/9/8/c/c/6/98cc60a94aba199c4cd91f02e798410fbc5edfae-shutterstock255260497-cropped2x.jpeg HTTP/1.1" 200 646609 "https://cyberlab.pacific.edu/courses" "Mozilla/5.0 (Windows NT 10.0; Win64; x64; rv:80.0) Gecko/20100101 Firefox/80.0"
47.7.58.18 - - [22/Sep/2020:20:20:19 +0000] "GET /user/themes/g5_helium/fonts/lato/lato-bold/lato-bold-webfont.woff2?5f593174 HTTP/1.1" 200 25608 "https://cyberlab.pacific.edu/assets/f34339a9d26808defc965517fd93f714.css" "Mozilla/5.0 (Windows NT 10.0; Win64; x64; rv:80.0) Gecko/20100101 Firefox/80.0"
47.7.58.18 - - [22/Sep/2020:20:20:19 +0000] "GET /user/themes/g5_helium/fonts/lato/lato-black/lato-black-webfont.woff2?5f593174 HTTP/1.1" 200 24632 "https://cyberlab.pacific.edu/assets/f34339a9d26808defc965517fd93f714.css" "Mozilla/5.0 (Windows NT 10.0; Win64; x64; rv:80.0) Gecko/20100101 Firefox/80.0"
47.7.58.18 - - [22/Sep/2020:20:20:19 +0000] "GET /user/plugins/gantry5/assets/fonts/fontawesome-webfont.woff2?v=4.7.0 HTTP/1.1" 200 77160 "https://cyberlab.pacific.edu/assets/f34339a9d26808defc965517fd93f714.css" "Mozilla/5.0 (Windows NT 10.0; Win64; x64; rv:80.0) Gecko/20100101 Firefox/80.0"
47.7.58.18 - - [22/Sep/2020:20:20:19 +0000] "GET /user/themes/g5_helium/fonts/raleway/raleway-regular/raleway-regular-webfont.woff2?5f593174 HTTP/1.1" 200 25424 "https://cyberlab.pacific.edu/assets/f34339a9d26808defc965517fd93f714.css" "Mozilla/5.0 (Windows NT 10.0; Win64; x64; rv:80.0) Gecko/20100101 Firefox/80.0"
47.7.58.18 - - [22/Sep/2020:20:20:19 +0000] "GET /user/themes/g5_helium/fonts/lato/lato-regular/lato-regular-webfont.woff2?5f593174 HTTP/1.1" 200 25040 "https://cyberlab.pacific.edu/assets/f34339a9d26808defc965517fd93f714.css" "Mozilla/5.0 (Windows NT 10.0; Win64; x64; rv:80.0) Gecko/20100101 Firefox/80.0"
47.7.58.18 - - [22/Sep/2020:20:20:19 +0000] "GET /user/images/g5_helium/favicon.ico HTTP/1.1" 200 5430 "-" "Mozilla/5.0 (Windows NT 10.0; Win64; x64; rv:80.0) Gecko/20100101 Firefox/80.0"
47.7.58.18 - - [22/Sep/2020:20:20:20 +0000] "GET /images/c/c/5/2/0/cc5206021203e961f660d9e5778fb0729a80ac96-shutterstock463797389-cropped1x.jpeg HTTP/1.1" 200 122510 "https://cyberlab.pacific.edu/courses" "Mozilla/5.0 (Windows NT 10.0; Win64; x64; rv:80.0) Gecko/20100101 Firefox/80.0"
47.7.58.18 - - [22/Sep/2020:20:20:20 +0000] "GET /images/0/6/2/4/8/0624866b7875ad7c46b63df2a9fd34e9b6863322-shutterstock582433453-cropped1x.jpeg HTTP/1.1" 200 144382 "https://cyberlab.pacific.edu/courses" "Mozilla/5.0 (Windows NT 10.0; Win64; x64; rv:80.0) Gecko/20100101 Firefox/80.0"
47.7.58.18 - - [22/Sep/2020:20:20:20 +0000] "GET /images/2/5/d/7/f/25d7f4342a079b8efa4300d3b94d6931db70a24b-shutterstock255260497-cropped1x.jpeg HTTP/1.1" 200 154785 "https://cyberlab.pacific.edu/courses" "Mozilla/5.0 (Windows NT 10.0; Win64; x64; rv:80.0) Gecko/20100101 Firefox/80.0"
47.7.58.18 - - [22/Sep/2020:20:20:20 +0000] "GET /images/1/d/f/e/d/1dfedc9b3ab6bcd627a7f2b841152c94f9d2c346-shutterstock642118678-cropped1x.jpeg HTTP/1.1" 200 131664 "https://cyberlab.pacific.edu/courses" "Mozilla/5.0 (Windows NT 10.0; Win64; x64; rv:80.0) Gecko/20100101 Firefox/80.0"
47.7.58.18 - - [22/Sep/2020:20:20:20 +0000] "GET /images/2/6/8/2/6/26826fffa36ccef037e5a858988ca32c043d6811-shutterstock669786472-cropped1x.jpeg HTTP/1.1" 200 102039 "https://cyberlab.pacific.edu/courses" "Mozilla/5.0 (Windows NT 10.0; Win64; x64; rv:80.0) Gecko/20100101 Firefox/80.0"
47.7.58.18 - - [22/Sep/2020:20:20:21 +0000] "GET /images/8/f/1/6/f/8f16f6d770053b34aa00afef3729571650c382d2-shutterstock1384804721-cropped1x.png HTTP/1.1" 200 777684 "https://cyberlab.pacific.edu/courses" "Mozilla/5.0 (Windows NT 10.0; Win64; x64; rv:80.0) Gecko/20100101 Firefox/80.0"
47.7.58.18 - - [22/Sep/2020:20:20:23 +0000] "GET /courses/comp175 HTTP/1.1" 200 8804 "https://cyberlab.pacific.edu/courses" "Mozilla/5.0 (Windows NT 10.0; Win64; x64; rv:80.0) Gecko/20100101 Firefox/80.0"
47.7.58.18 - - [22/Sep/2020:20:20:23 +0000] "GET /images/2/a/9/f/1/2a9f1524459a3d6860104e675276d1e0adadc7e6-shutterstock1384804721-cropped1x.png HTTP/1.1" 200 777684 "https://cyberlab.pacific.edu/courses/comp175" "Mozilla/5.0 (Windows NT 10.0; Win64; x64; rv:80.0) Gecko/20100101 Firefox/80.0"
47.7.58.18 - - [22/Sep/2020:20:20:23 +0000] "GET /user/themes/g5_helium/fonts/raleway/raleway-bold/raleway-bold-webfont.woff2?5f593174 HTTP/1.1" 200 25368 "https://cyberlab.pacific.edu/assets/f34339a9d26808defc965517fd93f714.css" "Mozilla/5.0 (Windows NT 10.0; Win64; x64; rv:80.0) Gecko/20100101 Firefox/80.0"
47.7.58.18 - - [22/Sep/2020:20:20:23 +0000] "GET /user/images/g5_helium/favicon.ico HTTP/1.1" 200 5430 "-" "Mozilla/5.0 (Windows NT 10.0; Win64; x64; rv:80.0) Gecko/20100101 Firefox/80.0"
47.7.58.18 - - [22/Sep/2020:20:20:25 +0000] "GET /courses/comp175/resources HTTP/1.1" 200 9228 "https://cyberlab.pacific.edu/courses/comp175" "Mozilla/5.0 (Windows NT 10.0; Win64; x64; rv:80.0) Gecko/20100101 Firefox/80.0"
47.7.58.18 - - [22/Sep/2020:20:20:30 +0000] "GET /courses/comp175/resources/03-aws-vpc-security-groups.pdf HTTP/1.1" 200 492467 "https://cyberlab.pacific.edu/courses/comp175/resources" "Mozilla/5.0 (Windows NT 10.0; Win64; x64; rv:80.0) Gecko/20100101 Firefox/80.0"
47.7.58.18 - - [22/Sep/2020:20:20:30 +0000] "GET /favicon.ico HTTP/1.1" 404 8699 "-" "Mozilla/5.0 (Windows NT 10.0; Win64; x64; rv:80.0) Gecko/20100101 Firefox/80.0"
47.7.58.18 - - [22/Sep/2020:20:20:55 +0000] "GET /assets/f34339a9d26808defc965517fd93f714.css HTTP/1.1" 200 155416 "https://cyberlab.pacific.edu/courses/comp175/resources" "Mozilla/5.0 (Windows NT 10.0; Win64; x64; rv:80.0) Gecko/20100101 Firefox/80.0"
47.7.58.18 - - [22/Sep/2020:20:20:55 +0000] "GET /user/themes/g5_helium/fonts/lato/lato-black/lato-black-webfont.woff2?5f593174 HTTP/1.1" 200 24632 "https://cyberlab.pacific.edu/assets/f34339a9d26808defc965517fd93f714.css" "Mozilla/5.0 (Windows NT 10.0; Win64; x64; rv:80.0) Gecko/20100101 Firefox/80.0"
47.7.58.18 - - [22/Sep/2020:20:20:55 +0000] "GET /user/themes/g5_helium/fonts/raleway/raleway-regular/raleway-regular-webfont.woff2?5f593174 HTTP/1.1" 200 25424 "https://cyberlab.pacific.edu/assets/f34339a9d26808defc965517fd93f714.css" "Mozilla/5.0 (Windows NT 10.0; Win64; x64; rv:80.0) Gecko/20100101 Firefox/80.0"
47.7.58.18 - - [22/Sep/2020:20:20:55 +0000] "GET /user/plugins/gantry5/assets/fonts/fontawesome-webfont.woff2?v=4.7.0 HTTP/1.1" 200 77160 "https://cyberlab.pacific.edu/assets/f34339a9d26808defc965517fd93f714.css" "Mozilla/5.0 (Windows NT 10.0; Win64; x64; rv:80.0) Gecko/20100101 Firefox/80.0"
47.7.58.18 - - [22/Sep/2020:20:20:55 +0000] "GET /user/themes/g5_helium/fonts/lato/lato-bold/lato-bold-webfont.woff2?5f593174 HTTP/1.1" 200 25608 "https://cyberlab.pacific.edu/assets/f34339a9d26808defc965517fd93f714.css" "Mozilla/5.0 (Windows NT 10.0; Win64; x64; rv:80.0) Gecko/20100101 Firefox/80.0"
47.7.58.18 - - [22/Sep/2020:20:20:58 +0000] "GET /user/images/g5_helium/favicon.ico HTTP/1.1" 200 5430 "-" "Mozilla/5.0 (Windows NT 10.0; Win64; x64; rv:80.0) Gecko/20100101 Firefox/80.0"
47.7.58.18 - - [22/Sep/2020:20:20:59 +0000] "GET /courses/comp175/labs HTTP/1.1" 200 9301 "https://cyberlab.pacific.edu/courses/comp175" "Mozilla/5.0 (Windows NT 10.0; Win64; x64; rv:80.0) Gecko/20100101 Firefox/80.0"
47.7.58.18 - - [22/Sep/2020:20:21:02 +0000] "GET /courses/comp175/labs/lab-2-aws-vpc-security-groups HTTP/1.1" 200 15373 "https://cyberlab.pacific.edu/courses/comp175/labs" "Mozilla/5.0 (Windows NT 10.0; Win64; x64; rv:80.0) Gecko/20100101 Firefox/80.0"
47.7.58.18 - - [22/Sep/2020:20:21:02 +0000] "GET /images/e/5/7/2/3/e57230b14dbeb063a451b7d44ab0274ffa32c09c-nat-gateway-diagram.png HTTP/1.1" 200 120009 "https://cyberlab.pacific.edu/courses/comp175/labs/lab-2-aws-vpc-security-groups" "Mozilla/5.0 (Windows NT 10.0; Win64; x64; rv:80.0) Gecko/20100101 Firefox/80.0"
159.89.175.163 - - [22/Sep/2020:20:22:51 +0000] "GET / HTTP/1.1" 404 209 "-" "Mozilla/5.0 (Windows NT 10.0; Win64; x64) AppleWebKit/537.36 (KHTML, like Gecko) Chrome/83.0.4103.61 Safari/537.36"
159.89.175.163 - - [22/Sep/2020:20:22:52 +0000] "GET /favicon.ico HTTP/1.1" 404 209 "-" "Mozilla/5.0 (Windows NT 10.0; Win64; x64) AppleWebKit/537.36 (KHTML, like Gecko) Chrome/83.0.4103.61 Safari/537.36"
2001:19f0:9002:11a::1 - - [22/Sep/2020:20:24:08 +0000] "HEAD / HTTP/1.1" 200 0 "-" "updown.io daemon 2.4"
104.238.136.194 - - [22/Sep/2020:20:24:08 +0000] "HEAD / HTTP/1.1" 200 0 "-" "updown.io daemon 2.4"
47.7.58.18 - - [22/Sep/2020:20:27:07 +0000] "GET /courses/comp175/labs/lab-1-aws-quickstart HTTP/1.1" 200 13346 "https://cyberlab.pacific.edu/courses/comp175/labs" "Mozilla/5.0 (Windows NT 10.0; Win64; x64; rv:80.0) Gecko/20100101 Firefox/80.0"
47.7.58.18 - - [22/Sep/2020:20:27:07 +0000] "GET /assets/f34339a9d26808defc965517fd93f714.css HTTP/1.1" 200 65191 "https://cyberlab.pacific.edu/courses/comp175/labs/lab-1-aws-quickstart" "Mozilla/5.0 (Windows NT 10.0; Win64; x64; rv:80.0) Gecko/20100101 Firefox/80.0"
47.7.58.18 - - [22/Sep/2020:20:27:07 +0000] "GET /images/4/1/a/5/e/41a5e88efc50515abaa6030993ababf1d55b2227-mobaxterm-2.png HTTP/1.1" 200 35366 "https://cyberlab.pacific.edu/courses/comp175/labs/lab-1-aws-quickstart" "Mozilla/5.0 (Windows NT 10.0; Win64; x64; rv:80.0) Gecko/20100101 Firefox/80.0"
47.7.58.18 - - [22/Sep/2020:20:27:07 +0000] "GET /images/6/8/5/a/e/685ae32358127d85275ab481508875b568672f80-aws-ecs-connect-screen.png HTTP/1.1" 200 61659 "https://cyberlab.pacific.edu/courses/comp175/labs/lab-1-aws-quickstart" "Mozilla/5.0 (Windows NT 10.0; Win64; x64; rv:80.0) Gecko/20100101 Firefox/80.0"
47.7.58.18 - - [22/Sep/2020:20:27:07 +0000] "GET /images/b/1/8/f/d/b18fdd9a172cd4e6d69c9247a730d4ce3a1228fc-mobaxterm-1.png HTTP/1.1" 200 31121 "https://cyberlab.pacific.edu/courses/comp175/labs/lab-1-aws-quickstart" "Mozilla/5.0 (Windows NT 10.0; Win64; x64; rv:80.0) Gecko/20100101 Firefox/80.0"
47.7.58.18 - - [22/Sep/2020:20:27:07 +0000] "GET /images/8/c/c/8/8/8cc883f475e6d071242bff88f44940af03f563fe-mobaxterm-3.png HTTP/1.1" 200 39696 "https://cyberlab.pacific.edu/courses/comp175/labs/lab-1-aws-quickstart" "Mozilla/5.0 (Windows NT 10.0; Win64; x64; rv:80.0) Gecko/20100101 Firefox/80.0"
47.7.58.18 - - [22/Sep/2020:20:27:07 +0000] "GET /images/4/1/1/5/d/4115dc14630e36180e697646fe0e12c7e7a9ef2b-instancelifecycle.png HTTP/1.1" 200 56818 "https://cyberlab.pacific.edu/courses/comp175/labs/lab-1-aws-quickstart" "Mozilla/5.0 (Windows NT 10.0; Win64; x64; rv:80.0) Gecko/20100101 Firefox/80.0"
47.7.58.18 - - [22/Sep/2020:20:27:07 +0000] "GET /user/themes/g5_helium/fonts/raleway/raleway-regular/raleway-regular-webfont.woff2?5f593174 HTTP/1.1" 200 25424 "https://cyberlab.pacific.edu/assets/f34339a9d26808defc965517fd93f714.css" "Mozilla/5.0 (Windows NT 10.0; Win64; x64; rv:80.0) Gecko/20100101 Firefox/80.0"
47.7.58.18 - - [22/Sep/2020:20:27:07 +0000] "GET /user/themes/g5_helium/fonts/lato/lato-black/lato-black-webfont.woff2?5f593174 HTTP/1.1" 200 24632 "https://cyberlab.pacific.edu/assets/f34339a9d26808defc965517fd93f714.css" "Mozilla/5.0 (Windows NT 10.0; Win64; x64; rv:80.0) Gecko/20100101 Firefox/80.0"
47.7.58.18 - - [22/Sep/2020:20:27:07 +0000] "GET /user/themes/g5_helium/fonts/lato/lato-bold/lato-bold-webfont.woff2?5f593174 HTTP/1.1" 200 25608 "https://cyberlab.pacific.edu/assets/f34339a9d26808defc965517fd93f714.css" "Mozilla/5.0 (Windows NT 10.0; Win64; x64; rv:80.0) Gecko/20100101 Firefox/80.0"
47.7.58.18 - - [22/Sep/2020:20:27:07 +0000] "GET /user/plugins/gantry5/assets/fonts/fontawesome-webfont.woff2?v=4.7.0 HTTP/1.1" 200 77160 "https://cyberlab.pacific.edu/assets/f34339a9d26808defc965517fd93f714.css" "Mozilla/5.0 (Windows NT 10.0; Win64; x64; rv:80.0) Gecko/20100101 Firefox/80.0"
47.7.58.18 - - [22/Sep/2020:20:27:07 +0000] "GET /user/themes/g5_helium/fonts/lato/lato-regular/lato-regular-webfont.woff2?5f593174 HTTP/1.1" 200 25040 "https://cyberlab.pacific.edu/assets/f34339a9d26808defc965517fd93f714.css" "Mozilla/5.0 (Windows NT 10.0; Win64; x64; rv:80.0) Gecko/20100101 Firefox/80.0"
47.7.58.18 - - [22/Sep/2020:20:27:07 +0000] "GET /user/themes/g5_helium/fonts/raleway/raleway-bold/raleway-bold-webfont.woff2?5f593174 HTTP/1.1" 200 25368 "https://cyberlab.pacific.edu/assets/f34339a9d26808defc965517fd93f714.css" "Mozilla/5.0 (Windows NT 10.0; Win64; x64; rv:80.0) Gecko/20100101 Firefox/80.0"
47.7.58.18 - - [22/Sep/2020:20:27:08 +0000] "GET /images/e/5/7/2/3/e57230b14dbeb063a451b7d44ab0274ffa32c09c-nat-gateway-diagram.png HTTP/1.1" 200 120009 "https://cyberlab.pacific.edu/courses/comp175/labs/lab-2-aws-vpc-security-groups" "Mozilla/5.0 (Windows NT 10.0; Win64; x64; rv:80.0) Gecko/20100101 Firefox/80.0"
2001:19f0:7001:45a::1 - - [22/Sep/2020:20:29:07 +0000] "HEAD / HTTP/1.1" 200 0 "-" "updown.io daemon 2.4"
45.76.104.117 - - [22/Sep/2020:20:29:07 +0000] "HEAD / HTTP/1.1" 200 0 "-" "updown.io daemon 2.4"
157.55.39.166 - - [22/Sep/2020:20:29:28 +0000] "GET /images/a/4/4/d/b/a44dbf4bd2acc8924011b06824b587733ab807b0-hapac1x.png HTTP/1.1" 200 473016 "-" "Mozilla/5.0 (compatible; bingbot/2.0; +http://www.bing.com/bingbot.htm)"
114.119.156.132 - - [22/Sep/2020:20:32:46 +0000] "GET /robots.txt HTTP/1.1" 301 194 "-" "(compatible;PetalBot;+https://aspiegel.com/petalbot)"
114.119.156.132 - - [22/Sep/2020:20:32:47 +0000] "GET /robots.txt HTTP/1.1" 200 197 "-" "(compatible;PetalBot;+https://aspiegel.com/petalbot)"
104.238.136.194 - - [22/Sep/2020:20:34:06 +0000] "HEAD / HTTP/1.1" 200 0 "-" "updown.io daemon 2.4"
2001:19f0:9002:11a::1 - - [22/Sep/2020:20:34:06 +0000] "HEAD / HTTP/1.1" 200 0 "-" "updown.io daemon 2.4"
66.249.68.3 - - [22/Sep/2020:20:37:04 +0000] "GET /courses/cybr230/resources/07-802.11.pdf HTTP/1.1" 200 40021231 "-" "Mozilla/5.0 (compatible; Googlebot/2.1; +http://www.google.com/bot.html)"
66.249.68.3 - - [22/Sep/2020:20:37:39 +0000] "GET /courses/comp293a/resources/virtual-machine-configuration HTTP/1.1" 200 12217 "-" "Mozilla/5.0 (Linux; Android 6.0.1; Nexus 5X Build/MMB29P) AppleWebKit/537.36 (KHTML, like Gecko) Chrome/85.0.4183.118 Mobile Safari/537.36 (compatible; Googlebot/2.1; +http://www.google.com/bot.html)"
91.121.222.175 - - [22/Sep/2020:20:39:05 +0000] "HEAD / HTTP/1.1" 200 0 "-" "updown.io daemon 2.4"
2001:41d0:2:85af::1 - - [22/Sep/2020:20:39:06 +0000] "HEAD / HTTP/1.1" 200 0 "-" "updown.io daemon 2.4"
66.249.68.28 - - [22/Sep/2020:20:39:25 +0000] "GET /courses/cybr230/resources/07-802.11.pdf HTTP/1.1" 304 0 "-" "Mozilla/5.0 (Linux; Android 6.0.1; Nexus 5X Build/MMB29P) AppleWebKit/537.36 (KHTML, like Gecko) Chrome/85.0.4183.118 Mobile Safari/537.36 (compatible; Googlebot/2.1; +http://www.google.com/bot.html)"
172.105.89.161 - - [22/Sep/2020:20:41:39 +0000] "OPTIONS / HTTP/1.1" 400 280 "-" "curl/7.65.3"
172.105.89.161 - - [22/Sep/2020:20:41:39 +0000] "OPTIONS / HTTP/1.1" 405 182 "-" "curl/7.65.3"
2001:19f0:6c01:145::1 - - [22/Sep/2020:20:44:05 +0000] "HEAD / HTTP/1.1" 200 0 "-" "updown.io daemon 2.4"
104.238.159.87 - - [22/Sep/2020:20:44:05 +0000] "HEAD / HTTP/1.1" 200 0 "-" "updown.io daemon 2.4"
121.196.99.99 - - [22/Sep/2020:20:44:22 +0000] "HEAD /guanli/login.php HTTP/1.1" 301 0 "-" "-"
121.196.99.99 - - [22/Sep/2020:20:44:22 +0000] "HEAD /dede/login.php HTTP/1.1" 301 0 "-" "-"
121.196.99.99 - - [22/Sep/2020:20:44:22 +0000] "HEAD /dedea/login.php HTTP/1.1" 301 0 "-" "-"
121.196.99.99 - - [22/Sep/2020:20:44:22 +0000] "HEAD /jian/login.php HTTP/1.1" 301 0 "-" "-"
121.196.99.99 - - [22/Sep/2020:20:44:22 +0000] "HEAD /houtai/login.php HTTP/1.1" 301 0 "-" "-"
121.196.99.99 - - [22/Sep/2020:20:44:22 +0000] "HEAD /dede123/login.php HTTP/1.1" 301 0 "-" "-"
121.196.99.99 - - [22/Sep/2020:20:44:22 +0000] "HEAD /dedea/login.php HTTP/1.1" 301 0 "-" "-"
121.196.99.99 - - [22/Sep/2020:20:44:22 +0000] "HEAD /jian/login.php HTTP/1.1" 301 0 "-" "-"
121.196.99.99 - - [22/Sep/2020:20:44:22 +0000] "HEAD /caiyuan/login.php HTTP/1.1" 301 0 "-" "-"
121.196.99.99 - - [22/Sep/2020:20:44:22 +0000] "HEAD /wang/login.php HTTP/1.1" 301 0 "-" "-"
121.196.99.99 - - [22/Sep/2020:20:44:22 +0000] "HEAD /admin/login.php HTTP/1.1" 301 0 "-" "-"
121.196.99.99 - - [22/Sep/2020:20:44:22 +0000] "HEAD /caiyuan/login.php HTTP/1.1" 301 0 "-" "-"
121.196.99.99 - - [22/Sep/2020:20:44:22 +0000] "HEAD /admin/login.php HTTP/1.1" 301 0 "-" "-"
121.196.99.99 - - [22/Sep/2020:20:44:22 +0000] "HEAD /chen/login.php HTTP/1.1" 301 0 "-" "-"
121.196.99.99 - - [22/Sep/2020:20:44:22 +0000] "HEAD /dede123/login.php HTTP/1.1" 301 0 "-" "-"
121.196.99.99 - - [22/Sep/2020:20:44:22 +0000] "HEAD /houtai/login.php HTTP/1.1" 301 0 "-" "-"
121.196.99.99 - - [22/Sep/2020:20:44:22 +0000] "HEAD /dede/login.php HTTP/1.1" 301 0 "-" "-"
121.196.99.99 - - [22/Sep/2020:20:44:22 +0000] "HEAD /wang/login.php HTTP/1.1" 301 0 "-" "-"
121.196.99.99 - - [22/Sep/2020:20:44:22 +0000] "HEAD /guanli/login.php HTTP/1.1" 301 0 "-" "-"
121.196.99.99 - - [22/Sep/2020:20:44:22 +0000] "HEAD /chen/login.php HTTP/1.1" 301 0 "-" "-"
66.249.68.30 - - [22/Sep/2020:20:46:45 +0000] "GET /robots.txt HTTP/1.1" 200 197 "-" "Mozilla/5.0 (compatible; Googlebot/2.1; +http://www.google.com/bot.html)"
66.249.68.3 - - [22/Sep/2020:20:46:45 +0000] "GET /courses/comp178 HTTP/1.1" 200 8773 "-" "Mozilla/5.0 (Linux; Android 6.0.1; Nexus 5X Build/MMB29P) AppleWebKit/537.36 (KHTML, like Gecko) Chrome/85.0.4183.118 Mobile Safari/537.36 (compatible; Googlebot/2.1; +http://www.google.com/bot.html)"
66.249.68.30 - - [22/Sep/2020:20:48:08 +0000] "GET /courses/cybr200/resources/10.02-authentication-passwords.pdf HTTP/1.1" 304 0 "-" "Mozilla/5.0 (Linux; Android 6.0.1; Nexus 5X Build/MMB29P) AppleWebKit/537.36 (KHTML, like Gecko) Chrome/85.0.4183.118 Mobile Safari/537.36 (compatible; Googlebot/2.1; +http://www.google.com/bot.html)"
2001:19f0:7001:45a::1 - - [22/Sep/2020:20:49:05 +0000] "HEAD / HTTP/1.1" 200 0 "-" "updown.io daemon 2.4"
45.76.104.117 - - [22/Sep/2020:20:49:05 +0000] "HEAD / HTTP/1.1" 200 0 "-" "updown.io daemon 2.4"
66.249.68.30 - - [22/Sep/2020:20:49:37 +0000] "GET /resources/reverse-engineering-cheat-sheets/remnux-malware-analysis-tips.pdf HTTP/1.1" 304 0 "-" "Mozilla/5.0 (Linux; Android 6.0.1; Nexus 5X Build/MMB29P) AppleWebKit/537.36 (KHTML, like Gecko) Chrome/85.0.4183.118 Mobile Safari/537.36 (compatible; Googlebot/2.1; +http://www.google.com/bot.html)"
91.121.222.175 - - [22/Sep/2020:20:54:02 +0000] "HEAD / HTTP/1.1" 200 0 "-" "updown.io daemon 2.4"
2001:41d0:2:85af::1 - - [22/Sep/2020:20:54:02 +0000] "HEAD / HTTP/1.1" 200 0 "-" "updown.io daemon 2.4"
47.7.58.18 - - [22/Sep/2020:20:56:28 +0000] "GET / HTTP/1.1" 200 9881 "-" "Mozilla/5.0 (Windows NT 10.0; Win64; x64; rv:80.0) Gecko/20100101 Firefox/80.0"
47.7.58.18 - - [22/Sep/2020:20:56:28 +0000] "GET /images/4/5/e/2/f/45e2f7130f43a1cc13730b5f2aefd9a1279bd8cf-shutterstock463797389-cropped1x.jpeg HTTP/1.1" 200 26647 "https://cyberlab.pacific.edu/" "Mozilla/5.0 (Windows NT 10.0; Win64; x64; rv:80.0) Gecko/20100101 Firefox/80.0"
47.7.58.18 - - [22/Sep/2020:20:56:28 +0000] "GET /images/c/8/f/b/9/c8fb918a4452f9f3c3c0726f3f75e999b196f081-shutterstock669786472-cropped1x.jpeg HTTP/1.1" 200 22656 "https://cyberlab.pacific.edu/" "Mozilla/5.0 (Windows NT 10.0; Win64; x64; rv:80.0) Gecko/20100101 Firefox/80.0"
47.7.58.18 - - [22/Sep/2020:20:56:28 +0000] "GET /images/3/2/7/4/c/3274ca0dfd1ed3bf0ded1d00d23396a898fd7393-shutterstock255260497-cropped1x.jpeg HTTP/1.1" 200 29596 "https://cyberlab.pacific.edu/" "Mozilla/5.0 (Windows NT 10.0; Win64; x64; rv:80.0) Gecko/20100101 Firefox/80.0"
47.7.58.18 - - [22/Sep/2020:20:56:28 +0000] "GET /images/a/8/5/0/f/a850f4e55d9bdb1c59a765efba62cd760b88737b-shutterstock582433453-cropped1x.jpeg HTTP/1.1" 200 27140 "https://cyberlab.pacific.edu/" "Mozilla/5.0 (Windows NT 10.0; Win64; x64; rv:80.0) Gecko/20100101 Firefox/80.0"
47.7.58.18 - - [22/Sep/2020:20:56:28 +0000] "GET /user/themes/g5_helium/fonts/lato/lato-black/lato-black-webfont.woff2?5f593174 HTTP/1.1" 200 24632 "https://cyberlab.pacific.edu/assets/f34339a9d26808defc965517fd93f714.css" "Mozilla/5.0 (Windows NT 10.0; Win64; x64; rv:80.0) Gecko/20100101 Firefox/80.0"
47.7.58.18 - - [22/Sep/2020:20:56:28 +0000] "GET /images/8/9/4/d/9/894d96e5505974a9891d7620f7690fc60abc71f2-showcase1x.jpeg HTTP/1.1" 200 101579 "https://cyberlab.pacific.edu/" "Mozilla/5.0 (Windows NT 10.0; Win64; x64; rv:80.0) Gecko/20100101 Firefox/80.0"
47.7.58.18 - - [22/Sep/2020:20:56:28 +0000] "GET /user/themes/g5_helium/fonts/raleway/raleway-regular/raleway-regular-webfont.woff2?5f593174 HTTP/1.1" 200 25424 "https://cyberlab.pacific.edu/assets/f34339a9d26808defc965517fd93f714.css" "Mozilla/5.0 (Windows NT 10.0; Win64; x64; rv:80.0) Gecko/20100101 Firefox/80.0"
47.7.58.18 - - [22/Sep/2020:20:56:28 +0000] "GET /user/themes/g5_helium/fonts/lato/lato-bold/lato-bold-webfont.woff2?5f593174 HTTP/1.1" 200 25608 "https://cyberlab.pacific.edu/assets/f34339a9d26808defc965517fd93f714.css" "Mozilla/5.0 (Windows NT 10.0; Win64; x64; rv:80.0) Gecko/20100101 Firefox/80.0"
47.7.58.18 - - [22/Sep/2020:20:56:28 +0000] "GET /user/plugins/gantry5/assets/fonts/fontawesome-webfont.woff2?v=4.7.0 HTTP/1.1" 200 77160 "https://cyberlab.pacific.edu/assets/f34339a9d26808defc965517fd93f714.css" "Mozilla/5.0 (Windows NT 10.0; Win64; x64; rv:80.0) Gecko/20100101 Firefox/80.0"
